Archive member included to satisfy reference by file (symbol)

/usr/lib/gcc/arm-none-eabi/9.2.1/thumb/v6-m/nofp/libgcc.a(_dvmd_tls.o)
                              CMakeFiles/picoProbeExample.dir/home/asger/pico/pico-sdk/src/rp2_common/pico_divider/divider.S.obj (__aeabi_idiv0)
/usr/lib/gcc/arm-none-eabi/9.2.1/../../../arm-none-eabi/lib/thumb/v6-m/nofp/libg.a(lib_a-atexit.o)
                              /usr/lib/gcc/arm-none-eabi/9.2.1/../../../arm-none-eabi/lib/thumb/v6-m/nofp/crt0.o (atexit)
/usr/lib/gcc/arm-none-eabi/9.2.1/../../../arm-none-eabi/lib/thumb/v6-m/nofp/libg.a(lib_a-calloc.o)
                              CMakeFiles/picoProbeExample.dir/home/asger/pico/pico-sdk/src/rp2_common/pico_malloc/pico_malloc.c.obj (calloc)
/usr/lib/gcc/arm-none-eabi/9.2.1/../../../arm-none-eabi/lib/thumb/v6-m/nofp/libg.a(lib_a-callocr.o)
                              /usr/lib/gcc/arm-none-eabi/9.2.1/../../../arm-none-eabi/lib/thumb/v6-m/nofp/libg.a(lib_a-calloc.o) (_calloc_r)
/usr/lib/gcc/arm-none-eabi/9.2.1/../../../arm-none-eabi/lib/thumb/v6-m/nofp/libg.a(lib_a-fini.o)
                              /usr/lib/gcc/arm-none-eabi/9.2.1/../../../arm-none-eabi/lib/thumb/v6-m/nofp/crt0.o (__libc_fini_array)
/usr/lib/gcc/arm-none-eabi/9.2.1/../../../arm-none-eabi/lib/thumb/v6-m/nofp/libg.a(lib_a-impure.o)
                              /usr/lib/gcc/arm-none-eabi/9.2.1/../../../arm-none-eabi/lib/thumb/v6-m/nofp/libg.a(lib_a-calloc.o) (_impure_ptr)
/usr/lib/gcc/arm-none-eabi/9.2.1/../../../arm-none-eabi/lib/thumb/v6-m/nofp/libg.a(lib_a-init.o)
                              /usr/lib/gcc/arm-none-eabi/9.2.1/../../../arm-none-eabi/lib/thumb/v6-m/nofp/crt0.o (__libc_init_array)
/usr/lib/gcc/arm-none-eabi/9.2.1/../../../arm-none-eabi/lib/thumb/v6-m/nofp/libg.a(lib_a-malloc.o)
                              CMakeFiles/picoProbeExample.dir/home/asger/pico/pico-sdk/src/rp2_common/pico_malloc/pico_malloc.c.obj (malloc)
/usr/lib/gcc/arm-none-eabi/9.2.1/../../../arm-none-eabi/lib/thumb/v6-m/nofp/libg.a(lib_a-mallocr.o)
                              /usr/lib/gcc/arm-none-eabi/9.2.1/../../../arm-none-eabi/lib/thumb/v6-m/nofp/libg.a(lib_a-callocr.o) (_malloc_r)
/usr/lib/gcc/arm-none-eabi/9.2.1/../../../arm-none-eabi/lib/thumb/v6-m/nofp/libg.a(lib_a-mlock.o)
                              /usr/lib/gcc/arm-none-eabi/9.2.1/../../../arm-none-eabi/lib/thumb/v6-m/nofp/libg.a(lib_a-mallocr.o) (__malloc_lock)
/usr/lib/gcc/arm-none-eabi/9.2.1/../../../arm-none-eabi/lib/thumb/v6-m/nofp/libg.a(lib_a-realloc.o)
                              CMakeFiles/picoProbeExample.dir/home/asger/pico/pico-sdk/src/rp2_common/pico_malloc/pico_malloc.c.obj (realloc)
/usr/lib/gcc/arm-none-eabi/9.2.1/../../../arm-none-eabi/lib/thumb/v6-m/nofp/libg.a(lib_a-reallocr.o)
                              /usr/lib/gcc/arm-none-eabi/9.2.1/../../../arm-none-eabi/lib/thumb/v6-m/nofp/libg.a(lib_a-realloc.o) (_realloc_r)
/usr/lib/gcc/arm-none-eabi/9.2.1/../../../arm-none-eabi/lib/thumb/v6-m/nofp/libg.a(lib_a-sbrkr.o)
                              /usr/lib/gcc/arm-none-eabi/9.2.1/../../../arm-none-eabi/lib/thumb/v6-m/nofp/libg.a(lib_a-mallocr.o) (_sbrk_r)
/usr/lib/gcc/arm-none-eabi/9.2.1/../../../arm-none-eabi/lib/thumb/v6-m/nofp/libg.a(lib_a-strlen-stub.o)
                              CMakeFiles/picoProbeExample.dir/home/asger/pico/pico-sdk/src/rp2_common/pico_stdio/stdio.c.obj (strlen)
/usr/lib/gcc/arm-none-eabi/9.2.1/../../../arm-none-eabi/lib/thumb/v6-m/nofp/libg.a(lib_a-__atexit.o)
                              /usr/lib/gcc/arm-none-eabi/9.2.1/../../../arm-none-eabi/lib/thumb/v6-m/nofp/libg.a(lib_a-atexit.o) (__register_exitproc)
/usr/lib/gcc/arm-none-eabi/9.2.1/../../../arm-none-eabi/lib/thumb/v6-m/nofp/libg.a(lib_a-freer.o)
                              /usr/lib/gcc/arm-none-eabi/9.2.1/../../../arm-none-eabi/lib/thumb/v6-m/nofp/libg.a(lib_a-malloc.o) (_free_r)
/usr/lib/gcc/arm-none-eabi/9.2.1/../../../arm-none-eabi/lib/thumb/v6-m/nofp/libg.a(lib_a-memmove.o)
                              /usr/lib/gcc/arm-none-eabi/9.2.1/../../../arm-none-eabi/lib/thumb/v6-m/nofp/libg.a(lib_a-reallocr.o) (memmove)
/usr/lib/gcc/arm-none-eabi/9.2.1/../../../arm-none-eabi/lib/thumb/v6-m/nofp/libg.a(lib_a-reent.o)
                              /usr/lib/gcc/arm-none-eabi/9.2.1/../../../arm-none-eabi/lib/thumb/v6-m/nofp/libg.a(lib_a-sbrkr.o) (errno)

Allocating common symbols
Common symbol       size              file

sf_table            0x100             CMakeFiles/picoProbeExample.dir/home/asger/pico/pico-sdk/src/rp2_common/pico_float/float_init_rom.c.obj
errno               0x4               /usr/lib/gcc/arm-none-eabi/9.2.1/../../../arm-none-eabi/lib/thumb/v6-m/nofp/libg.a(lib_a-reent.o)
sd_table            0x100             CMakeFiles/picoProbeExample.dir/home/asger/pico/pico-sdk/src/rp2_common/pico_double/double_init_rom.c.obj
uart_char_to_line_feed
                    0x4               CMakeFiles/picoProbeExample.dir/home/asger/pico/pico-sdk/src/rp2_common/hardware_uart/uart.c.obj

[...]
Memory Configuration

Name             Origin             Length             Attributes
FLASH            0x0000000010000000 0x0000000000200000 xr
RAM              0x0000000020000000 0x0000000000040000 xrw
SCRATCH_X        0x0000000020040000 0x0000000000001000 xrw
SCRATCH_Y        0x0000000020041000 0x0000000000001000 xrw
*default*        0x0000000000000000 0xffffffffffffffff

Linker script and memory map

LOAD /usr/lib/gcc/arm-none-eabi/9.2.1/thumb/v6-m/nofp/crti.o
LOAD /usr/lib/gcc/arm-none-eabi/9.2.1/thumb/v6-m/nofp/crtbegin.o
LOAD /usr/lib/gcc/arm-none-eabi/9.2.1/../../../arm-none-eabi/lib/thumb/v6-m/nofp/crt0.o

.flash_begin    0x0000000010000000        0x0
                0x0000000010000000                __flash_binary_start = .

.boot2          0x0000000010000000      0x100
                0x0000000010000000                __boot2_start__ = .
 *(.boot2)
 .boot2         0x0000000010000000      0x100 /tmp/ccQCNKZA.o
                0x0000000010000100                __boot2_end__ = .
                0x0000000000000001                ASSERT (((__boot2_end__ - __boot2_start__) == 0x100), ERROR: Pico second stage bootloader must be 256 bytes in size)

.text           0x0000000010000100     0x42a8
                0x0000000010000100                __logical_binary_start = .
 *(.vectors)
 .vectors       0x0000000010000100       0xd4 CMakeFiles/picoProbeExample.dir/home/asger/pico/pico-sdk/src/rp2_common/pico_standard_link/crt0.S.obj
                0x0000000010000100                __vectors
                0x0000000010000100                __VECTOR_TABLE
                0x00000000100001c0                isr_invalid
                0x00000000100001c0                __default_isrs_start
                0x00000000100001c2                isr_nmi
                0x00000000100001c4                isr_hardfault
                0x00000000100001c6                isr_svcall
                0x00000000100001c8                isr_pendsv
                0x00000000100001ca                isr_systick
                0x00000000100001cc                isr_irq30
                0x00000000100001cc                __unhandled_user_irq
                0x00000000100001cc                isr_irq13
                0x00000000100001cc                isr_irq27
                0x00000000100001cc                isr_irq31
                0x00000000100001cc                isr_irq5
                0x00000000100001cc                isr_irq11
                0x00000000100001cc                isr_irq23
                0x00000000100001cc                isr_irq18
                0x00000000100001cc                isr_irq28
                0x00000000100001cc                isr_irq19
                0x00000000100001cc                isr_irq0
                0x00000000100001cc                isr_irq6
                0x00000000100001cc                isr_irq22
                0x00000000100001cc                isr_irq17
                0x00000000100001cc                isr_irq14
                0x00000000100001cc                isr_irq2
                0x00000000100001cc                isr_irq10
                0x00000000100001cc                isr_irq8
                0x00000000100001cc                isr_irq24
                0x00000000100001cc                isr_irq1
                0x00000000100001cc                isr_irq7
                0x00000000100001cc                isr_irq21
                0x00000000100001cc                isr_irq20
                0x00000000100001cc                isr_irq15
                0x00000000100001cc                isr_irq25
                0x00000000100001cc                isr_irq4
                0x00000000100001cc                isr_irq16
                0x00000000100001cc                isr_irq29
                0x00000000100001cc                isr_irq26
                0x00000000100001cc                __default_isrs_end
                0x00000000100001cc                isr_irq3
                0x00000000100001cc                isr_irq12
                0x00000000100001cc                isr_irq9
                0x00000000100001d2                unhandled_user_irq_num_in_r0
 *(.binary_info_header)
 .binary_info_header
                0x00000000100001d4       0x14 CMakeFiles/picoProbeExample.dir/home/asger/pico/pico-sdk/src/rp2_common/pico_standard_link/crt0.S.obj
                0x00000000100001e8                __binary_info_header_end = .
 *(.reset)
 .reset         0x00000000100001e8       0xa8 CMakeFiles/picoProbeExample.dir/home/asger/pico/pico-sdk/src/rp2_common/pico_standard_link/crt0.S.obj
                0x00000000100001e8                _entry_point
                0x0000000010000266                __get_current_exception
 .reset         0x0000000010000290       0x30 CMakeFiles/picoProbeExample.dir/home/asger/pico/pico-sdk/src/rp2_common/pico_standard_link/binary_info.c.obj
 *(.init)
 .init          0x00000000100002c0        0x4 /usr/lib/gcc/arm-none-eabi/9.2.1/thumb/v6-m/nofp/crti.o
                0x00000000100002c0                _init
 *(EXCLUDE_FILE(*libm.a: *libc.a:*lib_a-mem*.o *libgcc.a:) .text*)
 .text          0x00000000100002c4       0x98 /usr/lib/gcc/arm-none-eabi/9.2.1/thumb/v6-m/nofp/crtbegin.o
 .text.main     0x000000001000035c       0x2c CMakeFiles/picoProbeExample.dir/picoProbeExample.c.obj
                0x000000001000035c                main
 .text.gpio_set_function
                0x0000000010000388       0x30 CMakeFiles/picoProbeExample.dir/home/asger/pico/pico-sdk/src/rp2_common/hardware_gpio/gpio.c.obj
                0x0000000010000388                gpio_set_function
 .text.hw_claim_lock
                0x00000000100003b8       0x18 CMakeFiles/picoProbeExample.dir/home/asger/pico/pico-sdk/src/rp2_common/hardware_claim/claim.c.obj
                0x00000000100003b8                hw_claim_lock
 .text.hw_claim_unlock
                0x00000000100003d0       0x14 CMakeFiles/picoProbeExample.dir/home/asger/pico/pico-sdk/src/rp2_common/hardware_claim/claim.c.obj
                0x00000000100003d0                hw_claim_unlock
 .text.hw_claim_or_assert
                0x00000000100003e4       0x32 CMakeFiles/picoProbeExample.dir/home/asger/pico/pico-sdk/src/rp2_common/hardware_claim/claim.c.obj
                0x00000000100003e4                hw_claim_or_assert
 *fill*         0x0000000010000416        0x2 
 .text.running_on_fpga
                0x0000000010000418       0x14 CMakeFiles/picoProbeExample.dir/home/asger/pico/pico-sdk/src/rp2_common/pico_platform/platform.c.obj
                0x0000000010000418                running_on_fpga
 .text.spin_locks_reset
                0x000000001000042c       0x20 CMakeFiles/picoProbeExample.dir/home/asger/pico/pico-sdk/src/rp2_common/hardware_sync/sync.c.obj
                0x000000001000042c                spin_locks_reset
 .text.next_striped_spin_lock_num
                0x000000001000044c       0x1c CMakeFiles/picoProbeExample.dir/home/asger/pico/pico-sdk/src/rp2_common/hardware_sync/sync.c.obj
                0x000000001000044c                next_striped_spin_lock_num
 .text.set_raw_irq_handler_and_unlock
                0x0000000010000468       0x28 CMakeFiles/picoProbeExample.dir/home/asger/pico/pico-sdk/src/rp2_common/hardware_irq/irq.c.obj
 .text.make_branch
                0x0000000010000490       0x48 CMakeFiles/picoProbeExample.dir/home/asger/pico/pico-sdk/src/rp2_common/hardware_irq/irq.c.obj
 .text.insert_branch_and_link
                0x00000000100004d8       0x40 CMakeFiles/picoProbeExample.dir/home/asger/pico/pico-sdk/src/rp2_common/hardware_irq/irq.c.obj
 .text.irq_is_enabled
                0x0000000010000518       0x18 CMakeFiles/picoProbeExample.dir/home/asger/pico/pico-sdk/src/rp2_common/hardware_irq/irq.c.obj
                0x0000000010000518                irq_is_enabled
 .text.irq_set_mask_enabled
                0x0000000010000530       0x20 CMakeFiles/picoProbeExample.dir/home/asger/pico/pico-sdk/src/rp2_common/hardware_irq/irq.c.obj
                0x0000000010000530                irq_set_mask_enabled
 .text.irq_set_enabled
                0x0000000010000550        0xe CMakeFiles/picoProbeExample.dir/home/asger/pico/pico-sdk/src/rp2_common/hardware_irq/irq.c.obj
                0x0000000010000550                irq_set_enabled
 *fill*         0x000000001000055e        0x2 
 .text.irq_get_vtable_handler
                0x0000000010000560       0x10 CMakeFiles/picoProbeExample.dir/home/asger/pico/pico-sdk/src/rp2_common/hardware_irq/irq.c.obj
                0x0000000010000560                irq_get_vtable_handler
 .text.irq_set_exclusive_handler
                0x0000000010000570       0x54 CMakeFiles/picoProbeExample.dir/home/asger/pico/pico-sdk/src/rp2_common/hardware_irq/irq.c.obj
                0x0000000010000570                irq_set_exclusive_handler
 .text.irq_remove_handler
                0x00000000100005c4      0x1a8 CMakeFiles/picoProbeExample.dir/home/asger/pico/pico-sdk/src/rp2_common/hardware_irq/irq.c.obj
                0x00000000100005c4                irq_remove_handler
 .text.irq_add_tail_to_free_list
                0x000000001000076c       0xf0 CMakeFiles/picoProbeExample.dir/home/asger/pico/pico-sdk/src/rp2_common/hardware_irq/irq.c.obj
                0x000000001000076c                irq_add_tail_to_free_list
 .text.irq_init_priorities
                0x000000001000085c       0x1c CMakeFiles/picoProbeExample.dir/home/asger/pico/pico-sdk/src/rp2_common/hardware_irq/irq.c.obj
                0x000000001000085c                irq_init_priorities
 .text.lock_init
                0x0000000010000878       0x10 CMakeFiles/picoProbeExample.dir/home/asger/pico/pico-sdk/src/common/pico_sync/lock_core.c.obj
                0x0000000010000878                lock_init
 .text.alarm_pool_post_alloc_init
                0x0000000010000888       0x40 CMakeFiles/picoProbeExample.dir/home/asger/pico/pico-sdk/src/common/pico_time/time.c.obj
 .text.sleep_until_callback
                0x00000000100008c8       0x30 CMakeFiles/picoProbeExample.dir/home/asger/pico/pico-sdk/src/common/pico_time/time.c.obj
 .text.timer_pool_entry_comparator
                0x00000000100008f8       0x7c CMakeFiles/picoProbeExample.dir/home/asger/pico/pico-sdk/src/common/pico_time/time.c.obj
                0x00000000100008f8                timer_pool_entry_comparator
 .text.ph_add_child_node
                0x0000000010000974       0xa4 CMakeFiles/picoProbeExample.dir/home/asger/pico/pico-sdk/src/common/pico_time/time.c.obj
 .text.ph_merge_nodes
                0x0000000010000a18       0x3e CMakeFiles/picoProbeExample.dir/home/asger/pico/pico-sdk/src/common/pico_time/time.c.obj
 *fill*         0x0000000010000a56        0x2 
 .text.add_alarm_under_lock
                0x0000000010000a58      0x174 CMakeFiles/picoProbeExample.dir/home/asger/pico/pico-sdk/src/common/pico_time/time.c.obj
 .text.alarm_pool_alarm_callback
                0x0000000010000bcc      0x32c CMakeFiles/picoProbeExample.dir/home/asger/pico/pico-sdk/src/common/pico_time/time.c.obj
 .text.alarm_pool_init_default
                0x0000000010000ef8       0x38 CMakeFiles/picoProbeExample.dir/home/asger/pico/pico-sdk/src/common/pico_time/time.c.obj
                0x0000000010000ef8                alarm_pool_init_default
 .text.alarm_pool_get_default
                0x0000000010000f30       0x2c CMakeFiles/picoProbeExample.dir/home/asger/pico/pico-sdk/src/common/pico_time/time.c.obj
                0x0000000010000f30                alarm_pool_get_default
 .text.alarm_pool_add_alarm_at
                0x0000000010000f5c      0x170 CMakeFiles/picoProbeExample.dir/home/asger/pico/pico-sdk/src/common/pico_time/time.c.obj
                0x0000000010000f5c                alarm_pool_add_alarm_at
 .text.sleep_until
                0x00000000100010cc       0xfc CMakeFiles/picoProbeExample.dir/home/asger/pico/pico-sdk/src/common/pico_time/time.c.obj
                0x00000000100010cc                sleep_until
 .text.sleep_us
                0x00000000100011c8       0x58 CMakeFiles/picoProbeExample.dir/home/asger/pico/pico-sdk/src/common/pico_time/time.c.obj
                0x00000000100011c8                sleep_us
 .text.sleep_ms
                0x0000000010001220       0x14 CMakeFiles/picoProbeExample.dir/home/asger/pico/pico-sdk/src/common/pico_time/time.c.obj
                0x0000000010001220                sleep_ms
 .text.hardware_alarm_irq_handler
                0x0000000010001234       0x8c CMakeFiles/picoProbeExample.dir/home/asger/pico/pico-sdk/src/rp2_common/hardware_timer/timer.c.obj
 .text.hardware_alarm_claim
                0x00000000100012c0       0x18 CMakeFiles/picoProbeExample.dir/home/asger/pico/pico-sdk/src/rp2_common/hardware_timer/timer.c.obj
                0x00000000100012c0                hardware_alarm_claim
 .text.time_us_64
                0x00000000100012d8       0x18 CMakeFiles/picoProbeExample.dir/home/asger/pico/pico-sdk/src/rp2_common/hardware_timer/timer.c.obj
                0x00000000100012d8                time_us_64
 .text.busy_wait_until
                0x00000000100012f0       0x24 CMakeFiles/picoProbeExample.dir/home/asger/pico/pico-sdk/src/rp2_common/hardware_timer/timer.c.obj
                0x00000000100012f0                busy_wait_until
 .text.hardware_alarm_set_callback
                0x0000000010001314       0x90 CMakeFiles/picoProbeExample.dir/home/asger/pico/pico-sdk/src/rp2_common/hardware_timer/timer.c.obj
                0x0000000010001314                hardware_alarm_set_callback
 .text.hardware_alarm_set_target
                0x00000000100013a4       0xe8 CMakeFiles/picoProbeExample.dir/home/asger/pico/pico-sdk/src/rp2_common/hardware_timer/timer.c.obj
                0x00000000100013a4                hardware_alarm_set_target
 .text.hardware_alarm_cancel
                0x000000001000148c       0x40 CMakeFiles/picoProbeExample.dir/home/asger/pico/pico-sdk/src/rp2_common/hardware_timer/timer.c.obj
                0x000000001000148c                hardware_alarm_cancel
 .text.ph_add_child_node
                0x00000000100014cc       0xa4 CMakeFiles/picoProbeExample.dir/home/asger/pico/pico-sdk/src/common/pico_util/pheap.c.obj
 .text.ph_merge_nodes
                0x0000000010001570       0x3e CMakeFiles/picoProbeExample.dir/home/asger/pico/pico-sdk/src/common/pico_util/pheap.c.obj
 *fill*         0x00000000100015ae        0x2 
 .text.ph_clear
                0x00000000100015b0       0x70 CMakeFiles/picoProbeExample.dir/home/asger/pico/pico-sdk/src/common/pico_util/pheap.c.obj
                0x00000000100015b0                ph_clear
 .text.ph_post_alloc_init
                0x0000000010001620        0xe CMakeFiles/picoProbeExample.dir/home/asger/pico/pico-sdk/src/common/pico_util/pheap.c.obj
                0x0000000010001620                ph_post_alloc_init
 *fill*         0x000000001000162e        0x2 
 .text.ph_merge_two_pass
                0x0000000010001630       0xa8 CMakeFiles/picoProbeExample.dir/home/asger/pico/pico-sdk/src/common/pico_util/pheap.c.obj
                0x0000000010001630                ph_merge_two_pass
 .text.ph_remove_any_head
                0x00000000100016d8      0x108 CMakeFiles/picoProbeExample.dir/home/asger/pico/pico-sdk/src/common/pico_util/pheap.c.obj
 .text.ph_remove_head
                0x00000000100017e0       0x14 CMakeFiles/picoProbeExample.dir/home/asger/pico/pico-sdk/src/common/pico_util/pheap.c.obj
                0x00000000100017e0                ph_remove_head
 .text.ph_remove_and_free_node
                0x00000000100017f4       0xf8 CMakeFiles/picoProbeExample.dir/home/asger/pico/pico-sdk/src/common/pico_util/pheap.c.obj
                0x00000000100017f4                ph_remove_and_free_node
 .text.mutex_init
                0x00000000100018ec       0x1a CMakeFiles/picoProbeExample.dir/home/asger/pico/pico-sdk/src/common/pico_sync/mutex.c.obj
                0x00000000100018ec                mutex_init
 .text.recursive_mutex_init
                0x0000000010001906       0x1e CMakeFiles/picoProbeExample.dir/home/asger/pico/pico-sdk/src/common/pico_sync/mutex.c.obj
                0x0000000010001906                recursive_mutex_init
 .text.uart_set_baudrate
                0x0000000010001924       0x5c CMakeFiles/picoProbeExample.dir/home/asger/pico/pico-sdk/src/rp2_common/hardware_uart/uart.c.obj
                0x0000000010001924                uart_set_baudrate
 .text.uart_set_translate_crlf
                0x0000000010001980       0x28 CMakeFiles/picoProbeExample.dir/home/asger/pico/pico-sdk/src/rp2_common/hardware_uart/uart.c.obj
                0x0000000010001980                uart_set_translate_crlf
 .text.uart_init
                0x00000000100019a8       0x80 CMakeFiles/picoProbeExample.dir/home/asger/pico/pico-sdk/src/rp2_common/hardware_uart/uart.c.obj
                0x00000000100019a8                uart_init
 .text._exit    0x0000000010001a28        0x4 CMakeFiles/picoProbeExample.dir/home/asger/pico/pico-sdk/src/rp2_common/pico_runtime/runtime.c.obj
                0x0000000010001a28                _exit
 .text.exit     0x0000000010001a2c        0x6 CMakeFiles/picoProbeExample.dir/home/asger/pico/pico-sdk/src/rp2_common/pico_runtime/runtime.c.obj
                0x0000000010001a2c                exit
 *fill*         0x0000000010001a32        0x2 
 .text.__assert_func
                0x0000000010001a34       0x3c CMakeFiles/picoProbeExample.dir/home/asger/pico/pico-sdk/src/rp2_common/pico_runtime/runtime.c.obj
                0x0000000010001a34                __assert_func
 .text.runtime_init
                0x0000000010001a70       0xf8 CMakeFiles/picoProbeExample.dir/home/asger/pico/pico-sdk/src/rp2_common/pico_runtime/runtime.c.obj
                0x0000000010001a70                runtime_init
 .text.panic    0x0000000010001b68       0x30 CMakeFiles/picoProbeExample.dir/home/asger/pico/pico-sdk/src/rp2_common/pico_runtime/runtime.c.obj
                0x0000000010001b68                panic
 .text.clock_configure
                0x0000000010001b98      0x104 CMakeFiles/picoProbeExample.dir/home/asger/pico/pico-sdk/src/rp2_common/hardware_clocks/clocks.c.obj
                0x0000000010001b98                clock_configure
 .text.clocks_init
                0x0000000010001c9c      0x100 CMakeFiles/picoProbeExample.dir/home/asger/pico/pico-sdk/src/rp2_common/hardware_clocks/clocks.c.obj
                0x0000000010001c9c                clocks_init
 .text.clock_get_hz
                0x0000000010001d9c        0xc CMakeFiles/picoProbeExample.dir/home/asger/pico/pico-sdk/src/rp2_common/hardware_clocks/clocks.c.obj
                0x0000000010001d9c                clock_get_hz
 .text.pll_init
                0x0000000010001da8      0x140 CMakeFiles/picoProbeExample.dir/home/asger/pico/pico-sdk/src/rp2_common/hardware_pll/pll.c.obj
                0x0000000010001da8                pll_init
 .text.watchdog_start_tick
                0x0000000010001ee8       0x10 CMakeFiles/picoProbeExample.dir/home/asger/pico/pico-sdk/src/rp2_common/hardware_watchdog/watchdog.c.obj
                0x0000000010001ee8                watchdog_start_tick
 .text.xosc_init
                0x0000000010001ef8       0x28 CMakeFiles/picoProbeExample.dir/home/asger/pico/pico-sdk/src/rp2_common/hardware_xosc/xosc.c.obj
                0x0000000010001ef8                xosc_init
 .text._out_null
                0x0000000010001f20        0x2 CMakeFiles/picoProbeExample.dir/home/asger/pico/pico-sdk/src/rp2_common/pico_printf/printf.c.obj
 .text._out_fct
                0x0000000010001f22        0xe CMakeFiles/picoProbeExample.dir/home/asger/pico/pico-sdk/src/rp2_common/pico_printf/printf.c.obj
 .text._atoi    0x0000000010001f30       0x24 CMakeFiles/picoProbeExample.dir/home/asger/pico/pico-sdk/src/rp2_common/pico_printf/printf.c.obj
 .text._out_rev
                0x0000000010001f54       0xae CMakeFiles/picoProbeExample.dir/home/asger/pico/pico-sdk/src/rp2_common/pico_printf/printf.c.obj
 .text._ntoa_format
                0x0000000010002002      0x110 CMakeFiles/picoProbeExample.dir/home/asger/pico/pico-sdk/src/rp2_common/pico_printf/printf.c.obj
 .text._ntoa_long
                0x0000000010002112       0xbc CMakeFiles/picoProbeExample.dir/home/asger/pico/pico-sdk/src/rp2_common/pico_printf/printf.c.obj
 .text._ntoa_long_long
                0x00000000100021ce       0xe2 CMakeFiles/picoProbeExample.dir/home/asger/pico/pico-sdk/src/rp2_common/pico_printf/printf.c.obj
 .text._etoa    0x00000000100022b0      0x40c CMakeFiles/picoProbeExample.dir/home/asger/pico/pico-sdk/src/rp2_common/pico_printf/printf.c.obj
 .text._ftoa    0x00000000100026bc      0x354 CMakeFiles/picoProbeExample.dir/home/asger/pico/pico-sdk/src/rp2_common/pico_printf/printf.c.obj
 .text._vsnprintf
                0x0000000010002a10      0x628 CMakeFiles/picoProbeExample.dir/home/asger/pico/pico-sdk/src/rp2_common/pico_printf/printf.c.obj
 .text.vfctprintf
                0x0000000010003038       0x20 CMakeFiles/picoProbeExample.dir/home/asger/pico/pico-sdk/src/rp2_common/pico_printf/printf.c.obj
                0x0000000010003038                vfctprintf
 .text          0x0000000010003058       0x10 CMakeFiles/picoProbeExample.dir/home/asger/pico/pico-sdk/src/rp2_common/pico_bit_ops/bit_ops_aeabi.S.obj
 .text.rom_func_lookup
                0x0000000010003068       0x10 CMakeFiles/picoProbeExample.dir/home/asger/pico/pico-sdk/src/rp2_common/pico_bootrom/bootrom.c.obj
                0x0000000010003068                rom_func_lookup
 .text.rom_data_lookup
                0x0000000010003078       0x10 CMakeFiles/picoProbeExample.dir/home/asger/pico/pico-sdk/src/rp2_common/pico_bootrom/bootrom.c.obj
                0x0000000010003078                rom_data_lookup
 .text.rom_funcs_lookup
                0x0000000010003088       0x36 CMakeFiles/picoProbeExample.dir/home/asger/pico/pico-sdk/src/rp2_common/pico_bootrom/bootrom.c.obj
                0x0000000010003088                rom_funcs_lookup
 *fill*         0x00000000100030be        0x2 
 .text.__wrap___aeabi_idiv
                0x00000000100030c0       0x50 CMakeFiles/picoProbeExample.dir/home/asger/pico/pico-sdk/src/rp2_common/pico_divider/divider.S.obj
                0x00000000100030c0                __wrap___aeabi_idivmod
                0x00000000100030c0                divmod_s32s32
                0x00000000100030c0                div_s32s32
                0x00000000100030c0                __wrap___aeabi_idiv
                0x00000000100030c8                divmod_s32s32_unsafe
                0x00000000100030f4                divmod_s32s32_savestate
 .text.__wrap___aeabi_uidiv
                0x0000000010003110       0x4c CMakeFiles/picoProbeExample.dir/home/asger/pico/pico-sdk/src/rp2_common/pico_divider/divider.S.obj
                0x0000000010003110                __wrap___aeabi_uidiv
                0x0000000010003110                __wrap___aeabi_uidivmod
                0x0000000010003110                div_u32u32
                0x0000000010003110                divmod_u32u32
                0x0000000010003118                divmod_u32u32_unsafe
                0x0000000010003140                divmod_u32u32_savestate
 .text.__wrap___aeabi_ldiv
                0x000000001000315c      0x434 CMakeFiles/picoProbeExample.dir/home/asger/pico/pico-sdk/src/rp2_common/pico_divider/divider.S.obj
                0x000000001000315c                div_s64s64
                0x000000001000315c                divmod_s64s64
                0x000000001000315c                __wrap___aeabi_ldivmod
                0x0000000010003194                div_u64u64
                0x0000000010003194                divmod_u64u64
                0x0000000010003194                __wrap___aeabi_uldivmod
                0x00000000100031a4                divmod_u64u64_savestate
                0x00000000100031cc                divmod_s64s64_unsafe
                0x0000000010003254                divmod_u64u64_unsafe
 .text.__wrap___aeabi_darithmetic
                0x0000000010003590       0x80 CMakeFiles/picoProbeExample.dir/home/asger/pico/pico-sdk/src/rp2_common/pico_double/double_aeabi.S.obj
                0x0000000010003590                __wrap___aeabi_drsub
                0x0000000010003596                __wrap___aeabi_dsub
                0x00000000100035a8                __wrap___aeabi_dadd
                0x00000000100035ba                __wrap___aeabi_ddiv
                0x00000000100035f6                __wrap___aeabi_dmul
 .text.__wrap___aeabi_cdcmple
                0x0000000010003610       0x6c CMakeFiles/picoProbeExample.dir/home/asger/pico/pico-sdk/src/rp2_common/pico_double/double_aeabi.S.obj
                0x0000000010003610                __wrap___aeabi_cdrcmple
                0x0000000010003620                __wrap___aeabi_cdcmple
                0x0000000010003620                __wrap___aeabi_cdcmpeq
 .text.__wrap___aeabi_dcmplt
                0x000000001000367c        0xc CMakeFiles/picoProbeExample.dir/home/asger/pico/pico-sdk/src/rp2_common/pico_double/double_aeabi.S.obj
                0x000000001000367c                __wrap___aeabi_dcmplt
 .text.__wrap___aeabi_dcmple
                0x0000000010003688       0x10 CMakeFiles/picoProbeExample.dir/home/asger/pico/pico-sdk/src/rp2_common/pico_double/double_aeabi.S.obj
                0x0000000010003688                __wrap___aeabi_dcmple
 .text.__wrap___aeabi_dcmpge
                0x0000000010003698       0x10 CMakeFiles/picoProbeExample.dir/home/asger/pico/pico-sdk/src/rp2_common/pico_double/double_aeabi.S.obj
                0x0000000010003698                __wrap___aeabi_dcmpge
 .text.__wrap___aeabi_dcmpgt
                0x00000000100036a8        0xa CMakeFiles/picoProbeExample.dir/home/asger/pico/pico-sdk/src/rp2_common/pico_double/double_aeabi.S.obj
                0x00000000100036a8                __wrap___aeabi_dcmpgt
 .text.__wrap___aeabi_dcmpun
                0x00000000100036b2       0x1c CMakeFiles/picoProbeExample.dir/home/asger/pico/pico-sdk/src/rp2_common/pico_double/double_aeabi.S.obj
                0x00000000100036b2                __wrap___aeabi_dcmpun
 *fill*         0x00000000100036ce        0x2 
 .text.__wrap___aeabi_i2d
                0x00000000100036d0       0x38 CMakeFiles/picoProbeExample.dir/home/asger/pico/pico-sdk/src/rp2_common/pico_double/double_aeabi.S.obj
                0x00000000100036d0                __wrap___aeabi_ui2d
                0x00000000100036d8                __wrap___aeabi_i2d
 .text.__wrap___aeabi_d2iz
                0x0000000010003708       0x48 CMakeFiles/picoProbeExample.dir/home/asger/pico/pico-sdk/src/rp2_common/pico_double/double_aeabi.S.obj
                0x0000000010003708                __wrap___aeabi_d2iz
                0x0000000010003708                double2int_z
 .text.__wrap___aeabi_d2uiz
                0x0000000010003750       0x18 CMakeFiles/picoProbeExample.dir/home/asger/pico/pico-sdk/src/rp2_common/pico_double/double_aeabi.S.obj
                0x0000000010003750                double2uint
                0x0000000010003750                __wrap___aeabi_d2uiz
 .text.__aeabi_double_init
                0x0000000010003768       0xc8 CMakeFiles/picoProbeExample.dir/home/asger/pico/pico-sdk/src/rp2_common/pico_double/double_init_rom.c.obj
                0x0000000010003768                __aeabi_double_init
 .text.double_table_shim_on_use_helper
                0x0000000010003830       0x34 CMakeFiles/picoProbeExample.dir/home/asger/pico/pico-sdk/src/rp2_common/pico_double/double_v1_rom_shim.S.obj
                0x0000000010003830                double_table_shim_on_use_helper
 .text.__wrap___aeabi_dsub
                0x0000000010003864       0x10 CMakeFiles/picoProbeExample.dir/home/asger/pico/pico-sdk/src/rp2_common/pico_double/double_v1_rom_shim.S.obj
                0x0000000010003864                drsub_shim
                0x000000001000386a                dsub_shim
 .text.dadd_shim
                0x0000000010003874      0x15c CMakeFiles/picoProbeExample.dir/home/asger/pico/pico-sdk/src/rp2_common/pico_double/double_v1_rom_shim.S.obj
                0x0000000010003874                dadd_shim
 .text.dmul_shim
                0x00000000100039d0      0x15c CMakeFiles/picoProbeExample.dir/home/asger/pico/pico-sdk/src/rp2_common/pico_double/double_v1_rom_shim.S.obj
                0x00000000100039d0                dmul_shim
 .text.ddiv_shim
                0x0000000010003b2c      0x1b0 CMakeFiles/picoProbeExample.dir/home/asger/pico/pico-sdk/src/rp2_common/pico_double/double_v1_rom_shim.S.obj
                0x0000000010003b2c                ddiv_shim
 .text.double2uint_shim
                0x0000000010003cdc        0xe CMakeFiles/picoProbeExample.dir/home/asger/pico/pico-sdk/src/rp2_common/pico_double/double_v1_rom_shim.S.obj
                0x0000000010003cdc                double2uint_shim
                0x0000000010003cde                double2ufix_shim
 *fill*         0x0000000010003cea        0x2 
 .text.double2uint64_shim
                0x0000000010003cec       0x70 CMakeFiles/picoProbeExample.dir/home/asger/pico/pico-sdk/src/rp2_common/pico_double/double_v1_rom_shim.S.obj
                0x0000000010003cec                double2uint64_shim
                0x0000000010003cee                double2ufix64_shim
                0x0000000010003d0e                d2fix_a
 .text.dunpacks
                0x0000000010003d5c       0x3c CMakeFiles/picoProbeExample.dir/home/asger/pico/pico-sdk/src/rp2_common/pico_double/double_v1_rom_shim.S.obj
                0x0000000010003d5c                dunpacks
 .text.__aeabi_lmul
                0x0000000010003d98       0x32 CMakeFiles/picoProbeExample.dir/home/asger/pico/pico-sdk/src/rp2_common/pico_int64_ops/pico_int64_ops_aeabi.S.obj
                0x0000000010003d98                __wrap___aeabi_lmul
 *fill*         0x0000000010003dca        0x2 
 .text.__aeabi_float_init
                0x0000000010003dcc       0xfc CMakeFiles/picoProbeExample.dir/home/asger/pico/pico-sdk/src/rp2_common/pico_float/float_init_rom.c.obj
                0x0000000010003dcc                __aeabi_float_init
 .text.float_table_shim_on_use_helper
                0x0000000010003ec8       0x34 CMakeFiles/picoProbeExample.dir/home/asger/pico/pico-sdk/src/rp2_common/pico_float/float_v1_rom_shim.S.obj
                0x0000000010003ec8                float_table_shim_on_use_helper
 .text          0x0000000010003efc       0x10 CMakeFiles/picoProbeExample.dir/home/asger/pico/pico-sdk/src/rp2_common/pico_mem_ops/mem_ops_aeabi.S.obj
                0x0000000010003efc                __aeabi_mem_init
 .text.memset   0x0000000010003f0c        0xc CMakeFiles/picoProbeExample.dir/home/asger/pico/pico-sdk/src/rp2_common/pico_mem_ops/mem_ops_aeabi.S.obj
                0x0000000010003f0c                __wrap_memset
 .text.memcpy   0x0000000010003f18        0xc CMakeFiles/picoProbeExample.dir/home/asger/pico/pico-sdk/src/rp2_common/pico_mem_ops/mem_ops_aeabi.S.obj
                0x0000000010003f18                __wrap___aeabi_memcpy
                0x0000000010003f18                __wrap_memcpy
 .text.stdio_out_chars_no_crlf
                0x0000000010003f24        0xe CMakeFiles/picoProbeExample.dir/home/asger/pico/pico-sdk/src/rp2_common/pico_stdio/stdio.c.obj
 *fill*         0x0000000010003f32        0x2 
 .text.stdio_out_chars_crlf
                0x0000000010003f34       0x80 CMakeFiles/picoProbeExample.dir/home/asger/pico/pico-sdk/src/rp2_common/pico_stdio/stdio.c.obj
 .text.stdio_stack_buffer_flush
                0x0000000010003fb4       0x44 CMakeFiles/picoProbeExample.dir/home/asger/pico/pico-sdk/src/rp2_common/pico_stdio/stdio.c.obj
 .text.stdio_buffered_printer
                0x0000000010003ff8       0x20 CMakeFiles/picoProbeExample.dir/home/asger/pico/pico-sdk/src/rp2_common/pico_stdio/stdio.c.obj
 .text.stdout_serialize_begin
                0x0000000010004018       0x30 CMakeFiles/picoProbeExample.dir/home/asger/pico/pico-sdk/src/rp2_common/pico_stdio/stdio.c.obj
                0x0000000010004018                stdout_serialize_begin
 .text.stdout_serialize_end
                0x0000000010004048       0x10 CMakeFiles/picoProbeExample.dir/home/asger/pico/pico-sdk/src/rp2_common/pico_stdio/stdio.c.obj
                0x0000000010004048                stdout_serialize_end
 .text.stdio_put_string
                0x0000000010004058       0x98 CMakeFiles/picoProbeExample.dir/home/asger/pico/pico-sdk/src/rp2_common/pico_stdio/stdio.c.obj
 .text.stdio_set_driver_enabled
                0x00000000100040f0       0x2c CMakeFiles/picoProbeExample.dir/home/asger/pico/pico-sdk/src/rp2_common/pico_stdio/stdio.c.obj
                0x00000000100040f0                stdio_set_driver_enabled
 .text.stdio_flush
                0x000000001000411c       0x20 CMakeFiles/picoProbeExample.dir/home/asger/pico/pico-sdk/src/rp2_common/pico_stdio/stdio.c.obj
                0x000000001000411c                stdio_flush
 .text.__wrap_puts
                0x000000001000413c       0x1e CMakeFiles/picoProbeExample.dir/home/asger/pico/pico-sdk/src/rp2_common/pico_stdio/stdio.c.obj
                0x000000001000413c                __wrap_puts
 *fill*         0x000000001000415a        0x2 
 .text.__wrap_vprintf
                0x000000001000415c       0x44 CMakeFiles/picoProbeExample.dir/home/asger/pico/pico-sdk/src/rp2_common/pico_stdio/stdio.c.obj
                0x000000001000415c                __wrap_vprintf
 .text.__wrap_printf
                0x00000000100041a0       0x18 CMakeFiles/picoProbeExample.dir/home/asger/pico/pico-sdk/src/rp2_common/pico_stdio/stdio.c.obj
                0x00000000100041a0                __wrap_printf
 .text.stdio_init_all
                0x00000000100041b8        0x8 CMakeFiles/picoProbeExample.dir/home/asger/pico/pico-sdk/src/rp2_common/pico_stdio/stdio.c.obj
                0x00000000100041b8                stdio_init_all
 .text.stdio_uart_out_chars
                0x00000000100041c0       0x74 CMakeFiles/picoProbeExample.dir/home/asger/pico/pico-sdk/src/rp2_common/pico_stdio_uart/stdio_uart.c.obj
 .text.stdio_uart_in_chars
                0x0000000010004234       0x54 CMakeFiles/picoProbeExample.dir/home/asger/pico/pico-sdk/src/rp2_common/pico_stdio_uart/stdio_uart.c.obj
                0x0000000010004234                stdio_uart_in_chars
 .text.stdio_uart_init_full
                0x0000000010004288       0x3c CMakeFiles/picoProbeExample.dir/home/asger/pico/pico-sdk/src/rp2_common/pico_stdio_uart/stdio_uart.c.obj
                0x0000000010004288                stdio_uart_init_full
 .text.stdio_uart_init
                0x00000000100042c4       0x28 CMakeFiles/picoProbeExample.dir/home/asger/pico/pico-sdk/src/rp2_common/pico_stdio_uart/stdio_uart.c.obj
                0x00000000100042c4                stdio_uart_init
 .text          0x00000000100042ec       0x68 /usr/lib/gcc/arm-none-eabi/9.2.1/../../../arm-none-eabi/lib/thumb/v6-m/nofp/libg.a(lib_a-strlen-stub.o)
                0x00000000100042ec                strlen
 *(.fini)
 .fini          0x0000000010004354        0x4 /usr/lib/gcc/arm-none-eabi/9.2.1/thumb/v6-m/nofp/crti.o
                0x0000000010004354                _fini
 .fini.__stub   0x0000000010004358       0x50 linker stubs
 *crtbegin.o(.ctors)
 *crtbegin?.o(.ctors)
 *(EXCLUDE_FILE(*crtend.o *crtend?.o) .ctors)
 *(SORT_BY_NAME(.ctors.*))
 *(.ctors)
 *crtbegin.o(.dtors)
 *crtbegin?.o(.dtors)
 *(EXCLUDE_FILE(*crtend.o *crtend?.o) .dtors)
 *(SORT_BY_NAME(.dtors.*))
 *(.dtors)
 *(.eh_frame*)
 .eh_frame      0x00000000100043a8        0x0 /usr/lib/gcc/arm-none-eabi/9.2.1/thumb/v6-m/nofp/crtbegin.o
                0x00000000100043a8                . = ALIGN (0x4)

.glue_7         0x00000000100043a8        0x0
 .glue_7        0x00000000100043a8        0x0 linker stubs

.glue_7t        0x00000000100043a8        0x0
 .glue_7t       0x00000000100043a8        0x0 linker stubs

.vfp11_veneer   0x00000000100043a8        0x0
 .vfp11_veneer  0x00000000100043a8        0x0 linker stubs

.v4_bx          0x00000000100043a8        0x0
 .v4_bx         0x00000000100043a8        0x0 linker stubs

.iplt           0x00000000100043a8        0x0
 .iplt          0x00000000100043a8        0x0 /usr/lib/gcc/arm-none-eabi/9.2.1/thumb/v6-m/nofp/crtbegin.o

.rodata         0x00000000100043a8      0xee4
 *(EXCLUDE_FILE(*libm.a: *libc.a:*lib_a-mem*.o *libgcc.a:) .rodata*)
 .rodata.main.str1.4
                0x00000000100043a8       0x14 CMakeFiles/picoProbeExample.dir/picoProbeExample.c.obj
 .rodata.make_branch.str1.4
                0x00000000100043bc       0x6c CMakeFiles/picoProbeExample.dir/home/asger/pico/pico-sdk/src/rp2_common/hardware_irq/irq.c.obj
 .rodata.insert_branch_and_link.str1.4
                0x0000000010004428       0x10 CMakeFiles/picoProbeExample.dir/home/asger/pico/pico-sdk/src/rp2_common/hardware_irq/irq.c.obj
 .rodata.irq_set_exclusive_handler.str1.4
                0x0000000010004438       0x36 CMakeFiles/picoProbeExample.dir/home/asger/pico/pico-sdk/src/rp2_common/hardware_irq/irq.c.obj
 *fill*         0x000000001000446e        0x2 
 .rodata.irq_add_shared_handler.str1.4
                0x0000000010004470       0xd9 CMakeFiles/picoProbeExample.dir/home/asger/pico/pico-sdk/src/rp2_common/hardware_irq/irq.c.obj
 *fill*         0x0000000010004549        0x3 
 .rodata.irq_remove_handler.str1.4
                0x000000001000454c       0x2a CMakeFiles/picoProbeExample.dir/home/asger/pico/pico-sdk/src/rp2_common/hardware_irq/irq.c.obj
 *fill*         0x0000000010004576        0x2 
 .rodata.irq_add_tail_to_free_list.str1.4
                0x0000000010004578       0x3a CMakeFiles/picoProbeExample.dir/home/asger/pico/pico-sdk/src/rp2_common/hardware_irq/irq.c.obj
 *fill*         0x00000000100045b2        0x2 
 .rodata.__func__.4777
                0x00000000100045b4       0x1a CMakeFiles/picoProbeExample.dir/home/asger/pico/pico-sdk/src/rp2_common/hardware_irq/irq.c.obj
 *fill*         0x00000000100045ce        0x2 
 .rodata.__func__.4791
                0x00000000100045d0        0xc CMakeFiles/picoProbeExample.dir/home/asger/pico/pico-sdk/src/rp2_common/hardware_irq/irq.c.obj
 .rodata.__func__.4799
                0x00000000100045dc       0x17 CMakeFiles/picoProbeExample.dir/home/asger/pico/pico-sdk/src/rp2_common/hardware_irq/irq.c.obj
 *fill*         0x00000000100045f3        0x1 
 .rodata.__func__.4803
                0x00000000100045f4        0xf CMakeFiles/picoProbeExample.dir/home/asger/pico/pico-sdk/src/rp2_common/hardware_irq/irq.c.obj
 *fill*         0x0000000010004603        0x1 
 .rodata.__func__.4842
                0x0000000010004604       0x13 CMakeFiles/picoProbeExample.dir/home/asger/pico/pico-sdk/src/rp2_common/hardware_irq/irq.c.obj
 *fill*         0x0000000010004617        0x1 
 .rodata.__func__.4864
                0x0000000010004618       0x1a CMakeFiles/picoProbeExample.dir/home/asger/pico/pico-sdk/src/rp2_common/hardware_irq/irq.c.obj
 *fill*         0x0000000010004632        0x2 
 .rodata.repeating_timer_callback.str1.4
                0x0000000010004634       0x4a CMakeFiles/picoProbeExample.dir/home/asger/pico/pico-sdk/src/common/pico_time/time.c.obj
 *fill*         0x000000001000467e        0x2 
 .rodata.alarm_pool_dump_key.str1.4
                0x0000000010004680       0x33 CMakeFiles/picoProbeExample.dir/home/asger/pico/pico-sdk/src/common/pico_time/time.c.obj
 *fill*         0x00000000100046b3        0x1 
 .rodata.ph_add_child_node.str1.4
                0x00000000100046b4       0x96 CMakeFiles/picoProbeExample.dir/home/asger/pico/pico-sdk/src/common/pico_time/time.c.obj
 *fill*         0x000000001000474a        0x2 
 .rodata.add_alarm_under_lock.str1.4
                0x000000001000474c       0x28 CMakeFiles/picoProbeExample.dir/home/asger/pico/pico-sdk/src/common/pico_time/time.c.obj
                                         0x2b (size before relaxing)
 .rodata.alarm_pool_alarm_callback.str1.4
                0x0000000010004774       0xe2 CMakeFiles/picoProbeExample.dir/home/asger/pico/pico-sdk/src/common/pico_time/time.c.obj
 *fill*         0x0000000010004856        0x2 
 .rodata.alarm_pool_get_default.str1.4
                0x0000000010004858       0x21 CMakeFiles/picoProbeExample.dir/home/asger/pico/pico-sdk/src/common/pico_time/time.c.obj
 *fill*         0x0000000010004879        0x3 
 .rodata.sleep_until.str1.4
                0x000000001000487c       0x4d CMakeFiles/picoProbeExample.dir/home/asger/pico/pico-sdk/src/common/pico_time/time.c.obj
 *fill*         0x00000000100048c9        0x3 
 .rodata.__func__.5701
                0x00000000100048cc       0x15 CMakeFiles/picoProbeExample.dir/home/asger/pico/pico-sdk/src/common/pico_time/time.c.obj
 *fill*         0x00000000100048e1        0x3 
 .rodata.__func__.6019
                0x00000000100048e4        0xc CMakeFiles/picoProbeExample.dir/home/asger/pico/pico-sdk/src/common/pico_time/time.c.obj
 .rodata.__func__.6026
                0x00000000100048f0       0x12 CMakeFiles/picoProbeExample.dir/home/asger/pico/pico-sdk/src/common/pico_time/time.c.obj
 *fill*         0x0000000010004902        0x2 
 .rodata.__func__.6042
                0x0000000010004904        0xf CMakeFiles/picoProbeExample.dir/home/asger/pico/pico-sdk/src/common/pico_time/time.c.obj
 *fill*         0x0000000010004913        0x1 
 .rodata.__func__.6064
                0x0000000010004914        0xd CMakeFiles/picoProbeExample.dir/home/asger/pico/pico-sdk/src/common/pico_time/time.c.obj
 *fill*         0x0000000010004921        0x3 
 .rodata.__func__.6287
                0x0000000010004924        0xa CMakeFiles/picoProbeExample.dir/home/asger/pico/pico-sdk/src/common/pico_time/time.c.obj
 *fill*         0x000000001000492e        0x2 
 .rodata.__func__.6292
                0x0000000010004930       0x12 CMakeFiles/picoProbeExample.dir/home/asger/pico/pico-sdk/src/common/pico_time/time.c.obj
 *fill*         0x0000000010004942        0x2 
 .rodata.__func__.6307
                0x0000000010004944       0x17 CMakeFiles/picoProbeExample.dir/home/asger/pico/pico-sdk/src/common/pico_time/time.c.obj
 *fill*         0x000000001000495b        0x1 
 .rodata.__func__.6318
                0x000000001000495c       0x15 CMakeFiles/picoProbeExample.dir/home/asger/pico/pico-sdk/src/common/pico_time/time.c.obj
 *fill*         0x0000000010004971        0x3 
 .rodata.__func__.6335
                0x0000000010004974       0x1a CMakeFiles/picoProbeExample.dir/home/asger/pico/pico-sdk/src/common/pico_time/time.c.obj
 *fill*         0x000000001000498e        0x2 
 .rodata.hardware_alarm_claim.str1.4
                0x0000000010004990       0x22 CMakeFiles/picoProbeExample.dir/home/asger/pico/pico-sdk/src/rp2_common/hardware_timer/timer.c.obj
 *fill*         0x00000000100049b2        0x2 
 .rodata.hardware_alarm_set_target.str1.4
                0x00000000100049b4       0x64 CMakeFiles/picoProbeExample.dir/home/asger/pico/pico-sdk/src/rp2_common/hardware_timer/timer.c.obj
 .rodata.__func__.4575
                0x0000000010004a18       0x1a CMakeFiles/picoProbeExample.dir/home/asger/pico/pico-sdk/src/rp2_common/hardware_timer/timer.c.obj
 .rodata.ph_add_child_node.str1.4
                0x0000000010004a32       0x96 CMakeFiles/picoProbeExample.dir/home/asger/pico/pico-sdk/src/common/pico_util/pheap.c.obj
 *fill*         0x0000000010004a32        0x2 
 .rodata.ph_remove_any_head.str1.4
                0x0000000010004a34       0x8c CMakeFiles/picoProbeExample.dir/home/asger/pico/pico-sdk/src/common/pico_util/pheap.c.obj
 .rodata.ph_remove_and_free_node.str1.4
                0x0000000010004ac0       0x1e CMakeFiles/picoProbeExample.dir/home/asger/pico/pico-sdk/src/common/pico_util/pheap.c.obj
                                         0x26 (size before relaxing)
 *fill*         0x0000000010004ade        0x2 
 .rodata.__func__.5717
                0x0000000010004ae0        0xc CMakeFiles/picoProbeExample.dir/home/asger/pico/pico-sdk/src/common/pico_util/pheap.c.obj
 .rodata.__func__.5724
                0x0000000010004aec       0x12 CMakeFiles/picoProbeExample.dir/home/asger/pico/pico-sdk/src/common/pico_util/pheap.c.obj
 *fill*         0x0000000010004afe        0x2 
 .rodata.__func__.5810
                0x0000000010004b00       0x13 CMakeFiles/picoProbeExample.dir/home/asger/pico/pico-sdk/src/common/pico_util/pheap.c.obj
 *fill*         0x0000000010004b13        0x1 
 .rodata.__func__.5828
                0x0000000010004b14       0x18 CMakeFiles/picoProbeExample.dir/home/asger/pico/pico-sdk/src/common/pico_util/pheap.c.obj
 .rodata.str1.4
                0x0000000010004b2c       0x89 CMakeFiles/picoProbeExample.dir/home/asger/pico/pico-sdk/src/common/pico_sync/mutex.c.obj
                                         0xe9 (size before relaxing)
 *fill*         0x0000000010004bb5        0x3 
 .rodata.__func__.4709
                0x0000000010004bb8        0xb CMakeFiles/picoProbeExample.dir/home/asger/pico/pico-sdk/src/common/pico_sync/mutex.c.obj
 *fill*         0x0000000010004bc3        0x1 
 .rodata.__assert_func.str1.4
                0x0000000010004bc4       0x3f CMakeFiles/picoProbeExample.dir/home/asger/pico/pico-sdk/src/rp2_common/pico_runtime/runtime.c.obj
                                         0x43 (size before relaxing)
 *fill*         0x0000000010004c03        0x1 
 .rodata.runtime_init.str1.4
                0x0000000010004c04       0x60 CMakeFiles/picoProbeExample.dir/home/asger/pico/pico-sdk/src/rp2_common/pico_runtime/runtime.c.obj
 .rodata.panic.str1.4
                0x0000000010004c64       0x12 CMakeFiles/picoProbeExample.dir/home/asger/pico/pico-sdk/src/rp2_common/pico_runtime/runtime.c.obj
 *fill*         0x0000000010004c76        0x2 
 .rodata.__func__.5835
                0x0000000010004c78        0xd CMakeFiles/picoProbeExample.dir/home/asger/pico/pico-sdk/src/rp2_common/pico_runtime/runtime.c.obj
 *fill*         0x0000000010004c85        0x3 
 .rodata.clock_configure.str1.4
                0x0000000010004c88       0x56 CMakeFiles/picoProbeExample.dir/home/asger/pico/pico-sdk/src/rp2_common/hardware_clocks/clocks.c.obj
 *fill*         0x0000000010004cde        0x2 
 .rodata.__func__.4759
                0x0000000010004ce0       0x10 CMakeFiles/picoProbeExample.dir/home/asger/pico/pico-sdk/src/rp2_common/hardware_clocks/clocks.c.obj
 .rodata.pll_init.str1.4
                0x0000000010004cf0      0x137 CMakeFiles/picoProbeExample.dir/home/asger/pico/pico-sdk/src/rp2_common/hardware_pll/pll.c.obj
 *fill*         0x0000000010004e27        0x1 
 .rodata.__func__.4416
                0x0000000010004e28        0x9 CMakeFiles/picoProbeExample.dir/home/asger/pico/pico-sdk/src/rp2_common/hardware_pll/pll.c.obj
 *fill*         0x0000000010004e31        0x3 
 .rodata._ftoa.str1.4
                0x0000000010004e34       0x15 CMakeFiles/picoProbeExample.dir/home/asger/pico/pico-sdk/src/rp2_common/pico_printf/printf.c.obj
 *fill*         0x0000000010004e49        0x3 
 .rodata._vsnprintf
                0x0000000010004e4c      0x1e0 CMakeFiles/picoProbeExample.dir/home/asger/pico/pico-sdk/src/rp2_common/pico_printf/printf.c.obj
 *fill*         0x000000001000502c        0x4 
 .rodata.pow10.5431
                0x0000000010005030       0x50 CMakeFiles/picoProbeExample.dir/home/asger/pico/pico-sdk/src/rp2_common/pico_printf/printf.c.obj
 .rodata.__aeabi_double_init.str1.4
                0x0000000010005080       0xa7 CMakeFiles/picoProbeExample.dir/home/asger/pico/pico-sdk/src/rp2_common/pico_double/double_init_rom.c.obj
 *fill*         0x0000000010005127        0x1 
 .rodata.__func__.4728
                0x0000000010005128       0x14 CMakeFiles/picoProbeExample.dir/home/asger/pico/pico-sdk/src/rp2_common/pico_double/double_init_rom.c.obj
 .rodata.__aeabi_float_init.str1.4
                0x000000001000513c       0x79 CMakeFiles/picoProbeExample.dir/home/asger/pico/pico-sdk/src/rp2_common/pico_float/float_init_rom.c.obj
                                         0x7d (size before relaxing)
 *fill*         0x00000000100051b5        0x3 
 .rodata.__func__.4729
                0x00000000100051b8       0x13 CMakeFiles/picoProbeExample.dir/home/asger/pico/pico-sdk/src/rp2_common/pico_float/float_init_rom.c.obj
 *fill*         0x00000000100051cb        0x1 
 .rodata.str1.4
                0x00000000100051cc       0x4c CMakeFiles/picoProbeExample.dir/home/asger/pico/pico-sdk/src/rp2_common/pico_standard_link/binary_info.c.obj
 .rodata.__bi_44
                0x0000000010005218        0xc CMakeFiles/picoProbeExample.dir/home/asger/pico/pico-sdk/src/rp2_common/pico_standard_link/binary_info.c.obj
 .rodata.__bi_56
                0x0000000010005224        0xc CMakeFiles/picoProbeExample.dir/home/asger/pico/pico-sdk/src/rp2_common/pico_standard_link/binary_info.c.obj
 .rodata.__bi_75
                0x0000000010005230        0xc CMakeFiles/picoProbeExample.dir/home/asger/pico/pico-sdk/src/rp2_common/pico_standard_link/binary_info.c.obj
 .rodata.__bi_81
                0x000000001000523c        0xc CMakeFiles/picoProbeExample.dir/home/asger/pico/pico-sdk/src/rp2_common/pico_standard_link/binary_info.c.obj
 .rodata.crlf_str.6060
                0x0000000010005248        0x2 CMakeFiles/picoProbeExample.dir/home/asger/pico/pico-sdk/src/rp2_common/pico_stdio/stdio.c.obj
 *fill*         0x000000001000524a        0x2 
 .rodata.str1.4
                0x000000001000524c       0x2c CMakeFiles/picoProbeExample.dir/home/asger/pico/pico-sdk/src/rp2_common/pico_stdio_uart/stdio_uart.c.obj
 .rodata.__bi_28.4863
                0x0000000010005278        0xc CMakeFiles/picoProbeExample.dir/home/asger/pico/pico-sdk/src/rp2_common/pico_stdio_uart/stdio_uart.c.obj
 .rodata.__bi_29.4867
                0x0000000010005284        0x8 CMakeFiles/picoProbeExample.dir/home/asger/pico/pico-sdk/src/rp2_common/pico_stdio_uart/stdio_uart.c.obj
                0x000000001000528c                . = ALIGN (0x4)
 *(SORT_BY_ALIGNMENT(SORT_BY_NAME(.flashdata*)))
                0x000000001000528c                . = ALIGN (0x4)

.rel.dyn        0x000000001000528c        0x0
 .rel.iplt      0x000000001000528c        0x0 /usr/lib/gcc/arm-none-eabi/9.2.1/thumb/v6-m/nofp/crtbegin.o

.ARM.extab
 *(.ARM.extab* .gnu.linkonce.armextab.*)
                0x000000001000528c                __exidx_start = .

.ARM.exidx
 *(.ARM.exidx* .gnu.linkonce.armexidx.*)
                0x000000001000528c                __exidx_end = .
                0x000000001000528c                . = ALIGN (0x4)
                0x000000001000528c                __binary_info_start = .

.binary_info    0x000000001000528c       0x28
 *(.binary_info.keep.*)
 .binary_info.keep.__bi_ptr22
                0x000000001000528c        0x4 CMakeFiles/picoProbeExample.dir/home/asger/pico/pico-sdk/src/rp2_common/pico_standard_link/binary_info.c.obj
 .binary_info.keep.__bi_ptr30
                0x0000000010005290        0x4 CMakeFiles/picoProbeExample.dir/home/asger/pico/pico-sdk/src/rp2_common/pico_standard_link/binary_info.c.obj
 .binary_info.keep.__bi_ptr38
                0x0000000010005294        0x4 CMakeFiles/picoProbeExample.dir/home/asger/pico/pico-sdk/src/rp2_common/pico_standard_link/binary_info.c.obj
 .binary_info.keep.__bi_ptr44
                0x0000000010005298        0x4 CMakeFiles/picoProbeExample.dir/home/asger/pico/pico-sdk/src/rp2_common/pico_standard_link/binary_info.c.obj
 .binary_info.keep.__bi_ptr50
                0x000000001000529c        0x4 CMakeFiles/picoProbeExample.dir/home/asger/pico/pico-sdk/src/rp2_common/pico_standard_link/binary_info.c.obj
 .binary_info.keep.__bi_ptr56
                0x00000000100052a0        0x4 CMakeFiles/picoProbeExample.dir/home/asger/pico/pico-sdk/src/rp2_common/pico_standard_link/binary_info.c.obj
 .binary_info.keep.__bi_ptr75
                0x00000000100052a4        0x4 CMakeFiles/picoProbeExample.dir/home/asger/pico/pico-sdk/src/rp2_common/pico_standard_link/binary_info.c.obj
 .binary_info.keep.__bi_ptr81
                0x00000000100052a8        0x4 CMakeFiles/picoProbeExample.dir/home/asger/pico/pico-sdk/src/rp2_common/pico_standard_link/binary_info.c.obj
 *(.binary_info.*)
 .binary_info.__bi_ptr28
                0x00000000100052ac        0x4 CMakeFiles/picoProbeExample.dir/home/asger/pico/pico-sdk/src/rp2_common/pico_stdio_uart/stdio_uart.c.obj
 .binary_info.__bi_ptr29
                0x00000000100052b0        0x4 CMakeFiles/picoProbeExample.dir/home/asger/pico/pico-sdk/src/rp2_common/pico_stdio_uart/stdio_uart.c.obj
                0x00000000100052b4                __binary_info_end = .
                0x00000000100052b4                . = ALIGN (0x4)
                0x00000000100052b4                __etext = .

.ram_vector_table
                0x0000000020000000       0xc0
 *(.ram_vector_table)
 .ram_vector_table
                0x0000000020000000       0xc0 CMakeFiles/picoProbeExample.dir/home/asger/pico/pico-sdk/src/rp2_common/pico_runtime/runtime.c.obj
                0x0000000020000000                ram_vector_table

.data           0x00000000200000c0      0x1c0 load address 0x00000000100052b4
                0x00000000200000c0                __data_start__ = .
 *(vtable)
 *(.time_critical*)
 .time_critical.mutex_enter_blocking
                0x00000000200000c0       0x48 CMakeFiles/picoProbeExample.dir/home/asger/pico/pico-sdk/src/common/pico_sync/mutex.c.obj
                0x00000000200000c0                mutex_enter_blocking
 .time_critical.mutex_try_enter
                0x0000000020000108       0x48 CMakeFiles/picoProbeExample.dir/home/asger/pico/pico-sdk/src/common/pico_sync/mutex.c.obj
                0x0000000020000108                mutex_try_enter
 .time_critical.mutex_exit
                0x0000000020000150       0x4c CMakeFiles/picoProbeExample.dir/home/asger/pico/pico-sdk/src/common/pico_sync/mutex.c.obj
                0x0000000020000150                mutex_exit
 *(.text*)
 .text          0x000000002000019c        0x4 /usr/lib/gcc/arm-none-eabi/9.2.1/thumb/v6-m/nofp/libgcc.a(_dvmd_tls.o)
                0x000000002000019c                __aeabi_ldiv0
                0x000000002000019c                __aeabi_idiv0
 .text.__stub   0x00000000200001a0       0x10 linker stubs
                0x00000000200001b0                . = ALIGN (0x4)
 *(.rodata*)
                0x00000000200001b0                . = ALIGN (0x4)
 *(.data*)
 .data.striped_spin_lock_num
                0x00000000200001b0        0x1 CMakeFiles/picoProbeExample.dir/home/asger/pico/pico-sdk/src/rp2_common/hardware_sync/sync.c.obj
 *fill*         0x00000000200001b1        0x3 
 .data          0x00000000200001b4       0x48 CMakeFiles/picoProbeExample.dir/home/asger/pico/pico-sdk/src/rp2_common/hardware_irq/irq_handler_chain.S.obj
                0x00000000200001b4                irq_handler_chain_slots
                0x00000000200001e4                irq_handler_chain_first_slot
                0x00000000200001ee                irq_handler_chain_remove_tail
 .data.default_alarm_pool
                0x00000000200001fc       0x18 CMakeFiles/picoProbeExample.dir/home/asger/pico/pico-sdk/src/common/pico_time/time.c.obj
 .data.default_alarm_pool_heap
                0x0000000020000214       0x10 CMakeFiles/picoProbeExample.dir/home/asger/pico/pico-sdk/src/common/pico_time/time.c.obj
 *fill*         0x0000000020000224        0xc 
 .data.aeabi_bits_funcs
                0x0000000020000230       0x10 CMakeFiles/picoProbeExample.dir/home/asger/pico/pico-sdk/src/rp2_common/pico_bit_ops/bit_ops_aeabi.S.obj
                0x0000000020000230                aeabi_bits_funcs
                0x0000000020000240                aeabi_bits_funcs_end
 .data.aeabi_mem_funcs
                0x0000000020000240       0x10 CMakeFiles/picoProbeExample.dir/home/asger/pico/pico-sdk/src/rp2_common/pico_mem_ops/mem_ops_aeabi.S.obj
                0x0000000020000240                aeabi_mem_funcs
                0x0000000020000250                aeabi_mem_funcs_end
 .data.stdio_uart
                0x0000000020000250       0x14 CMakeFiles/picoProbeExample.dir/home/asger/pico/pico-sdk/src/rp2_common/pico_stdio_uart/stdio_uart.c.obj
                0x0000000020000250                stdio_uart
                0x0000000020000264                . = ALIGN (0x4)
 *(.after_data.*)
                0x0000000020000264                . = ALIGN (0x4)
                0x0000000020000264                PROVIDE (__mutex_array_start = .)
 *(SORT_BY_NAME(.mutex_array.*))
 *(.mutex_array)
 .mutex_array   0x0000000020000264        0x8 CMakeFiles/picoProbeExample.dir/home/asger/pico/pico-sdk/src/rp2_common/pico_stdio/stdio.c.obj
                0x000000002000026c                PROVIDE (__mutex_array_end = .)
                0x000000002000026c                . = ALIGN (0x4)
                0x000000002000026c                PROVIDE (__preinit_array_start = .)
 *(SORT_BY_NAME(.preinit_array.*))
 .preinit_array.00001
                0x000000002000026c        0x4 CMakeFiles/picoProbeExample.dir/home/asger/pico/pico-sdk/src/rp2_common/pico_mem_ops/mem_ops_aeabi.S.obj
 .preinit_array.00010
                0x0000000020000270        0x4 CMakeFiles/picoProbeExample.dir/home/asger/pico/pico-sdk/src/rp2_common/pico_bit_ops/bit_ops_aeabi.S.obj
 .preinit_array.00020
                0x0000000020000274        0x4 CMakeFiles/picoProbeExample.dir/home/asger/pico/pico-sdk/src/rp2_common/pico_double/double_aeabi.S.obj
 .preinit_array.00020
                0x0000000020000278        0x4 CMakeFiles/picoProbeExample.dir/home/asger/pico/pico-sdk/src/rp2_common/pico_float/float_aeabi.S.obj
 *(.preinit_array)
                0x000000002000027c                PROVIDE (__preinit_array_end = .)
                0x000000002000027c                . = ALIGN (0x4)
                0x000000002000027c                PROVIDE (__init_array_start = .)
 *(SORT_BY_NAME(.init_array.*))
 *(.init_array)
 .init_array    0x000000002000027c        0x4 /usr/lib/gcc/arm-none-eabi/9.2.1/thumb/v6-m/nofp/crtbegin.o
                0x0000000020000280                PROVIDE (__init_array_end = .)
                0x0000000020000280                . = ALIGN (0x4)
                0x0000000020000280                PROVIDE (__fini_array_start = .)
 *(SORT_BY_NAME(.fini_array.*))
 *(.fini_array)
                0x0000000020000280                PROVIDE (__fini_array_end = .)
 *(.jcr)
                0x0000000020000280                . = ALIGN (0x4)
                0x0000000020000280                __data_end__ = .

.tm_clone_table
                0x0000000020000280        0x0 load address 0x0000000010005474
 .tm_clone_table
                0x0000000020000280        0x0 /usr/lib/gcc/arm-none-eabi/9.2.1/thumb/v6-m/nofp/crtbegin.o
 .tm_clone_table
                0x0000000020000280        0x0 /usr/lib/gcc/arm-none-eabi/9.2.1/thumb/v6-m/nofp/crtend.o

.igot.plt       0x0000000020000280        0x0 load address 0x0000000010005474
 .igot.plt      0x0000000020000280        0x0 /usr/lib/gcc/arm-none-eabi/9.2.1/thumb/v6-m/nofp/crtbegin.o

.uninitialized_data
                0x0000000020000280        0x0 load address 0x0000000010005474
                0x0000000020000280                . = ALIGN (0x4)
 *(.uninitialized_data*)

.scratch_x      0x0000000020040000        0x0 load address 0x0000000010005474
                0x0000000020040000                __scratch_x_start__ = .
 *(.scratch_x.*)
                0x0000000020040000                . = ALIGN (0x4)
                0x0000000020040000                __scratch_x_end__ = .
                0x0000000010005474                __scratch_x_source__ = LOADADDR (.scratch_x)

.scratch_y      0x0000000020041000        0x0 load address 0x0000000010005474
                0x0000000020041000                __scratch_y_start__ = .
 *(.scratch_y.*)
                0x0000000020041000                . = ALIGN (0x4)
                0x0000000020041000                __scratch_y_end__ = .
                0x0000000010005474                __scratch_y_source__ = LOADADDR (.scratch_y)

.bss            0x0000000020000280      0x3d0
                0x0000000020000280                . = ALIGN (0x4)
                0x0000000020000280                __bss_start__ = .
 *(SORT_BY_ALIGNMENT(SORT_BY_NAME(.bss*)))
 .bss.default_alarm_pool_entries
                0x0000000020000280      0x100 CMakeFiles/picoProbeExample.dir/home/asger/pico/pico-sdk/src/common/pico_time/time.c.obj
 .bss           0x0000000020000380       0x1c /usr/lib/gcc/arm-none-eabi/9.2.1/thumb/v6-m/nofp/crtbegin.o
 .bss.alarm_callbacks
                0x000000002000039c       0x10 CMakeFiles/picoProbeExample.dir/home/asger/pico/pico-sdk/src/rp2_common/hardware_timer/timer.c.obj
 .bss.configured_freq
                0x00000000200003ac       0x28 CMakeFiles/picoProbeExample.dir/home/asger/pico/pico-sdk/src/rp2_common/hardware_clocks/clocks.c.obj
 .bss.default_alarm_pool_entry_ids_high
                0x00000000200003d4       0x10 CMakeFiles/picoProbeExample.dir/home/asger/pico/pico-sdk/src/common/pico_time/time.c.obj
 .bss.default_alarm_pool_heap_nodes
                0x00000000200003e4       0x30 CMakeFiles/picoProbeExample.dir/home/asger/pico/pico-sdk/src/common/pico_time/time.c.obj
 .bss.drivers   0x0000000020000414        0x4 CMakeFiles/picoProbeExample.dir/home/asger/pico/pico-sdk/src/rp2_common/pico_stdio/stdio.c.obj
 .bss.filter    0x0000000020000418        0x4 CMakeFiles/picoProbeExample.dir/home/asger/pico/pico-sdk/src/rp2_common/pico_stdio/stdio.c.obj
 .bss.pools     0x000000002000041c       0x10 CMakeFiles/picoProbeExample.dir/home/asger/pico/pico-sdk/src/common/pico_time/time.c.obj
 .bss.sf_clz_func
                0x000000002000042c        0x4 CMakeFiles/picoProbeExample.dir/home/asger/pico/pico-sdk/src/rp2_common/pico_double/double_init_rom.c.obj
                0x000000002000042c                sf_clz_func
 .bss.sleep_notifier
                0x0000000020000430        0x4 CMakeFiles/picoProbeExample.dir/home/asger/pico/pico-sdk/src/common/pico_time/time.c.obj
 .bss.target_hi
                0x0000000020000434       0x10 CMakeFiles/picoProbeExample.dir/home/asger/pico/pico-sdk/src/rp2_common/hardware_timer/timer.c.obj
 .bss.uart_instance
                0x0000000020000444        0x4 CMakeFiles/picoProbeExample.dir/home/asger/pico/pico-sdk/src/rp2_common/pico_stdio_uart/stdio_uart.c.obj
 .bss.claimed   0x0000000020000448        0x1 CMakeFiles/picoProbeExample.dir/home/asger/pico/pico-sdk/src/rp2_common/hardware_timer/timer.c.obj
 .bss.irq_hander_chain_free_slot_head
                0x0000000020000449        0x1 CMakeFiles/picoProbeExample.dir/home/asger/pico/pico-sdk/src/rp2_common/hardware_irq/irq.c.obj
 .bss.timer_callbacks_pending
                0x000000002000044a        0x1 CMakeFiles/picoProbeExample.dir/home/asger/pico/pico-sdk/src/rp2_common/hardware_timer/timer.c.obj
 *(COMMON)
 *fill*         0x000000002000044b        0x1 
 COMMON         0x000000002000044c        0x4 CMakeFiles/picoProbeExample.dir/home/asger/pico/pico-sdk/src/rp2_common/hardware_uart/uart.c.obj
                0x000000002000044c                uart_char_to_line_feed
 COMMON         0x0000000020000450      0x100 CMakeFiles/picoProbeExample.dir/home/asger/pico/pico-sdk/src/rp2_common/pico_double/double_init_rom.c.obj
                0x0000000020000450                sd_table
 COMMON         0x0000000020000550      0x100 CMakeFiles/picoProbeExample.dir/home/asger/pico/pico-sdk/src/rp2_common/pico_float/float_init_rom.c.obj
                0x0000000020000550                sf_table
                0x0000000020000650                . = ALIGN (0x4)
                0x0000000020000650                __bss_end__ = .

.heap           0x0000000020000650      0x800
                0x0000000020000650                __end__ = .
                0x0000000020000650                end = __end__
 *(.heap*)
 .heap          0x0000000020000650      0x800 CMakeFiles/picoProbeExample.dir/home/asger/pico/pico-sdk/src/rp2_common/pico_standard_link/crt0.S.obj
                0x0000000020000e50                __HeapLimit = .

.stack1_dummy   0x0000000020040000        0x0
 *(.stack1*)

.stack_dummy    0x0000000020041000      0x800
 *(.stack*)
 .stack         0x0000000020041000      0x800 CMakeFiles/picoProbeExample.dir/home/asger/pico/pico-sdk/src/rp2_common/pico_standard_link/crt0.S.obj

.flash_end      0x0000000010005474        0x0
                0x0000000010005474                __flash_binary_end = .
                0x0000000020040000                __StackLimit = (ORIGIN (RAM) + LENGTH (RAM))
                0x0000000020041000                __StackOneTop = (ORIGIN (SCRATCH_X) + LENGTH (SCRATCH_X))
                0x0000000020042000                __StackTop = (ORIGIN (SCRATCH_Y) + LENGTH (SCRATCH_Y))
                0x0000000020041000                __StackOneBottom = (__StackOneTop - SIZEOF (.stack1_dummy))
                0x0000000020041800                __StackBottom = (__StackTop - SIZEOF (.stack_dummy))
                0x0000000020042000                PROVIDE (__stack = __StackTop)
                0x0000000000000001                ASSERT ((__StackLimit >= __HeapLimit), region RAM overflowed)
                0x0000000000000001                ASSERT (((__binary_info_header_end - __logical_binary_start) <= 0x100), Binary info must be in first 256 bytes of the binary)
LOAD CMakeFiles/picoProbeExample.dir/picoProbeExample.c.obj
LOAD CMakeFiles/picoProbeExample.dir/home/asger/pico/pico-sdk/src/rp2_common/pico_stdlib/stdlib.c.obj
LOAD CMakeFiles/picoProbeExample.dir/home/asger/pico/pico-sdk/src/rp2_common/hardware_gpio/gpio.c.obj
LOAD CMakeFiles/picoProbeExample.dir/home/asger/pico/pico-sdk/src/rp2_common/hardware_claim/claim.c.obj
LOAD CMakeFiles/picoProbeExample.dir/home/asger/pico/pico-sdk/src/rp2_common/pico_platform/platform.c.obj
LOAD CMakeFiles/picoProbeExample.dir/home/asger/pico/pico-sdk/src/rp2_common/hardware_sync/sync.c.obj
LOAD CMakeFiles/picoProbeExample.dir/home/asger/pico/pico-sdk/src/rp2_common/hardware_irq/irq.c.obj
LOAD CMakeFiles/picoProbeExample.dir/home/asger/pico/pico-sdk/src/rp2_common/hardware_irq/irq_handler_chain.S.obj
LOAD CMakeFiles/picoProbeExample.dir/home/asger/pico/pico-sdk/src/common/pico_sync/sem.c.obj
LOAD CMakeFiles/picoProbeExample.dir/home/asger/pico/pico-sdk/src/common/pico_sync/lock_core.c.obj
LOAD CMakeFiles/picoProbeExample.dir/home/asger/pico/pico-sdk/src/common/pico_time/time.c.obj
LOAD CMakeFiles/picoProbeExample.dir/home/asger/pico/pico-sdk/src/common/pico_time/timeout_helper.c.obj
LOAD CMakeFiles/picoProbeExample.dir/home/asger/pico/pico-sdk/src/rp2_common/hardware_timer/timer.c.obj
LOAD CMakeFiles/picoProbeExample.dir/home/asger/pico/pico-sdk/src/common/pico_util/datetime.c.obj
LOAD CMakeFiles/picoProbeExample.dir/home/asger/pico/pico-sdk/src/common/pico_util/pheap.c.obj
LOAD CMakeFiles/picoProbeExample.dir/home/asger/pico/pico-sdk/src/common/pico_util/queue.c.obj
LOAD CMakeFiles/picoProbeExample.dir/home/asger/pico/pico-sdk/src/common/pico_sync/mutex.c.obj
LOAD CMakeFiles/picoProbeExample.dir/home/asger/pico/pico-sdk/src/common/pico_sync/critical_section.c.obj
LOAD CMakeFiles/picoProbeExample.dir/home/asger/pico/pico-sdk/src/rp2_common/hardware_uart/uart.c.obj
LOAD CMakeFiles/picoProbeExample.dir/home/asger/pico/pico-sdk/src/rp2_common/hardware_divider/divider.S.obj
LOAD CMakeFiles/picoProbeExample.dir/home/asger/pico/pico-sdk/src/rp2_common/pico_runtime/runtime.c.obj
LOAD CMakeFiles/picoProbeExample.dir/home/asger/pico/pico-sdk/src/rp2_common/hardware_clocks/clocks.c.obj
LOAD CMakeFiles/picoProbeExample.dir/home/asger/pico/pico-sdk/src/rp2_common/hardware_pll/pll.c.obj
LOAD CMakeFiles/picoProbeExample.dir/home/asger/pico/pico-sdk/src/rp2_common/hardware_vreg/vreg.c.obj
LOAD CMakeFiles/picoProbeExample.dir/home/asger/pico/pico-sdk/src/rp2_common/hardware_watchdog/watchdog.c.obj
LOAD CMakeFiles/picoProbeExample.dir/home/asger/pico/pico-sdk/src/rp2_common/hardware_xosc/xosc.c.obj
LOAD CMakeFiles/picoProbeExample.dir/home/asger/pico/pico-sdk/src/rp2_common/pico_printf/printf.c.obj
LOAD CMakeFiles/picoProbeExample.dir/home/asger/pico/pico-sdk/src/rp2_common/pico_bit_ops/bit_ops_aeabi.S.obj
LOAD CMakeFiles/picoProbeExample.dir/home/asger/pico/pico-sdk/src/rp2_common/pico_bootrom/bootrom.c.obj
LOAD CMakeFiles/picoProbeExample.dir/home/asger/pico/pico-sdk/src/rp2_common/pico_divider/divider.S.obj
LOAD CMakeFiles/picoProbeExample.dir/home/asger/pico/pico-sdk/src/rp2_common/pico_double/double_aeabi.S.obj
LOAD CMakeFiles/picoProbeExample.dir/home/asger/pico/pico-sdk/src/rp2_common/pico_double/double_init_rom.c.obj
LOAD CMakeFiles/picoProbeExample.dir/home/asger/pico/pico-sdk/src/rp2_common/pico_double/double_math.c.obj
LOAD CMakeFiles/picoProbeExample.dir/home/asger/pico/pico-sdk/src/rp2_common/pico_double/double_v1_rom_shim.S.obj
LOAD CMakeFiles/picoProbeExample.dir/home/asger/pico/pico-sdk/src/rp2_common/pico_int64_ops/pico_int64_ops_aeabi.S.obj
LOAD CMakeFiles/picoProbeExample.dir/home/asger/pico/pico-sdk/src/rp2_common/pico_float/float_aeabi.S.obj
LOAD CMakeFiles/picoProbeExample.dir/home/asger/pico/pico-sdk/src/rp2_common/pico_float/float_init_rom.c.obj
LOAD CMakeFiles/picoProbeExample.dir/home/asger/pico/pico-sdk/src/rp2_common/pico_float/float_math.c.obj
LOAD CMakeFiles/picoProbeExample.dir/home/asger/pico/pico-sdk/src/rp2_common/pico_float/float_v1_rom_shim.S.obj
LOAD CMakeFiles/picoProbeExample.dir/home/asger/pico/pico-sdk/src/rp2_common/pico_malloc/pico_malloc.c.obj
LOAD CMakeFiles/picoProbeExample.dir/home/asger/pico/pico-sdk/src/rp2_common/pico_mem_ops/mem_ops_aeabi.S.obj
LOAD CMakeFiles/picoProbeExample.dir/home/asger/pico/pico-sdk/src/rp2_common/pico_standard_link/crt0.S.obj
LOAD CMakeFiles/picoProbeExample.dir/home/asger/pico/pico-sdk/src/rp2_common/pico_standard_link/new_delete.cpp.obj
LOAD CMakeFiles/picoProbeExample.dir/home/asger/pico/pico-sdk/src/rp2_common/pico_standard_link/binary_info.c.obj
LOAD CMakeFiles/picoProbeExample.dir/home/asger/pico/pico-sdk/src/rp2_common/pico_stdio/stdio.c.obj
LOAD CMakeFiles/picoProbeExample.dir/home/asger/pico/pico-sdk/src/rp2_common/pico_stdio_uart/stdio_uart.c.obj
LOAD /tmp/ccQCNKZA.o
LOAD /usr/lib/gcc/arm-none-eabi/9.2.1/../../../arm-none-eabi/lib/thumb/v6-m/nofp/libstdc++.a
LOAD /usr/lib/gcc/arm-none-eabi/9.2.1/../../../arm-none-eabi/lib/thumb/v6-m/nofp/libm.a
START GROUP
LOAD /usr/lib/gcc/arm-none-eabi/9.2.1/thumb/v6-m/nofp/libgcc.a
LOAD /usr/lib/gcc/arm-none-eabi/9.2.1/../../../arm-none-eabi/lib/thumb/v6-m/nofp/libg.a
LOAD /usr/lib/gcc/arm-none-eabi/9.2.1/../../../arm-none-eabi/lib/thumb/v6-m/nofp/libc.a
END GROUP
START GROUP
LOAD /usr/lib/gcc/arm-none-eabi/9.2.1/thumb/v6-m/nofp/libgcc.a
LOAD /usr/lib/gcc/arm-none-eabi/9.2.1/../../../arm-none-eabi/lib/thumb/v6-m/nofp/libc.a
LOAD /usr/lib/gcc/arm-none-eabi/9.2.1/../../../arm-none-eabi/lib/thumb/v6-m/nofp/libnosys.a
END GROUP
LOAD /usr/lib/gcc/arm-none-eabi/9.2.1/thumb/v6-m/nofp/crtend.o
LOAD /usr/lib/gcc/arm-none-eabi/9.2.1/thumb/v6-m/nofp/crtn.o
OUTPUT(picoProbeExample.elf elf32-littlearm)
LOAD linker stubs

.ARM.attributes
                0x0000000000000000       0x28
 .ARM.attributes
                0x0000000000000000       0x1e /usr/lib/gcc/arm-none-eabi/9.2.1/thumb/v6-m/nofp/crti.o
 .ARM.attributes
                0x000000000000001e       0x2c /usr/lib/gcc/arm-none-eabi/9.2.1/thumb/v6-m/nofp/crtbegin.o
 .ARM.attributes
                0x000000000000004a       0x2c CMakeFiles/picoProbeExample.dir/picoProbeExample.c.obj
 .ARM.attributes
                0x0000000000000076       0x2c CMakeFiles/picoProbeExample.dir/home/asger/pico/pico-sdk/src/rp2_common/hardware_gpio/gpio.c.obj
 .ARM.attributes
                0x00000000000000a2       0x2c CMakeFiles/picoProbeExample.dir/home/asger/pico/pico-sdk/src/rp2_common/hardware_claim/claim.c.obj
 .ARM.attributes
                0x00000000000000ce       0x2c CMakeFiles/picoProbeExample.dir/home/asger/pico/pico-sdk/src/rp2_common/pico_platform/platform.c.obj
 .ARM.attributes
                0x00000000000000fa       0x2c CMakeFiles/picoProbeExample.dir/home/asger/pico/pico-sdk/src/rp2_common/hardware_sync/sync.c.obj
 .ARM.attributes
                0x0000000000000126       0x2c CMakeFiles/picoProbeExample.dir/home/asger/pico/pico-sdk/src/rp2_common/hardware_irq/irq.c.obj
 .ARM.attributes
                0x0000000000000152       0x22 CMakeFiles/picoProbeExample.dir/home/asger/pico/pico-sdk/src/rp2_common/hardware_irq/irq_handler_chain.S.obj
 .ARM.attributes
                0x0000000000000174       0x2c CMakeFiles/picoProbeExample.dir/home/asger/pico/pico-sdk/src/common/pico_sync/lock_core.c.obj
 .ARM.attributes
                0x00000000000001a0       0x2c CMakeFiles/picoProbeExample.dir/home/asger/pico/pico-sdk/src/common/pico_time/time.c.obj
 .ARM.attributes
                0x00000000000001cc       0x2c CMakeFiles/picoProbeExample.dir/home/asger/pico/pico-sdk/src/rp2_common/hardware_timer/timer.c.obj
 .ARM.attributes
                0x00000000000001f8       0x2c CMakeFiles/picoProbeExample.dir/home/asger/pico/pico-sdk/src/common/pico_util/pheap.c.obj
 .ARM.attributes
                0x0000000000000224       0x2c CMakeFiles/picoProbeExample.dir/home/asger/pico/pico-sdk/src/common/pico_sync/mutex.c.obj
 .ARM.attributes
                0x0000000000000250       0x2c CMakeFiles/picoProbeExample.dir/home/asger/pico/pico-sdk/src/rp2_common/hardware_uart/uart.c.obj
 .ARM.attributes
                0x000000000000027c       0x2c CMakeFiles/picoProbeExample.dir/home/asger/pico/pico-sdk/src/rp2_common/pico_runtime/runtime.c.obj
 .ARM.attributes
                0x00000000000002a8       0x2c CMakeFiles/picoProbeExample.dir/home/asger/pico/pico-sdk/src/rp2_common/hardware_clocks/clocks.c.obj
 .ARM.attributes
                0x00000000000002d4       0x2c CMakeFiles/picoProbeExample.dir/home/asger/pico/pico-sdk/src/rp2_common/hardware_pll/pll.c.obj
 .ARM.attributes
                0x0000000000000300       0x2c CMakeFiles/picoProbeExample.dir/home/asger/pico/pico-sdk/src/rp2_common/hardware_watchdog/watchdog.c.obj
 .ARM.attributes
                0x000000000000032c       0x2c CMakeFiles/picoProbeExample.dir/home/asger/pico/pico-sdk/src/rp2_common/hardware_xosc/xosc.c.obj
 .ARM.attributes
                0x0000000000000358       0x2c CMakeFiles/picoProbeExample.dir/home/asger/pico/pico-sdk/src/rp2_common/pico_printf/printf.c.obj
 .ARM.attributes
                0x0000000000000384       0x22 CMakeFiles/picoProbeExample.dir/home/asger/pico/pico-sdk/src/rp2_common/pico_bit_ops/bit_ops_aeabi.S.obj
 .ARM.attributes
                0x00000000000003a6       0x2c CMakeFiles/picoProbeExample.dir/home/asger/pico/pico-sdk/src/rp2_common/pico_bootrom/bootrom.c.obj
 .ARM.attributes
                0x00000000000003d2       0x22 CMakeFiles/picoProbeExample.dir/home/asger/pico/pico-sdk/src/rp2_common/pico_divider/divider.S.obj
 .ARM.attributes
                0x00000000000003f4       0x22 CMakeFiles/picoProbeExample.dir/home/asger/pico/pico-sdk/src/rp2_common/pico_double/double_aeabi.S.obj
 .ARM.attributes
                0x0000000000000416       0x2c CMakeFiles/picoProbeExample.dir/home/asger/pico/pico-sdk/src/rp2_common/pico_double/double_init_rom.c.obj
 .ARM.attributes
                0x0000000000000442       0x22 CMakeFiles/picoProbeExample.dir/home/asger/pico/pico-sdk/src/rp2_common/pico_double/double_v1_rom_shim.S.obj
 .ARM.attributes
                0x0000000000000464       0x22 CMakeFiles/picoProbeExample.dir/home/asger/pico/pico-sdk/src/rp2_common/pico_int64_ops/pico_int64_ops_aeabi.S.obj
 .ARM.attributes
                0x0000000000000486       0x22 CMakeFiles/picoProbeExample.dir/home/asger/pico/pico-sdk/src/rp2_common/pico_float/float_aeabi.S.obj
 .ARM.attributes
                0x00000000000004a8       0x2c CMakeFiles/picoProbeExample.dir/home/asger/pico/pico-sdk/src/rp2_common/pico_float/float_init_rom.c.obj
 .ARM.attributes
                0x00000000000004d4       0x22 CMakeFiles/picoProbeExample.dir/home/asger/pico/pico-sdk/src/rp2_common/pico_float/float_v1_rom_shim.S.obj
 .ARM.attributes
                0x00000000000004f6       0x22 CMakeFiles/picoProbeExample.dir/home/asger/pico/pico-sdk/src/rp2_common/pico_mem_ops/mem_ops_aeabi.S.obj
 .ARM.attributes
                0x0000000000000518       0x22 CMakeFiles/picoProbeExample.dir/home/asger/pico/pico-sdk/src/rp2_common/pico_standard_link/crt0.S.obj
 .ARM.attributes
                0x000000000000053a       0x32 CMakeFiles/picoProbeExample.dir/home/asger/pico/pico-sdk/src/rp2_common/pico_standard_link/binary_info.c.obj
 .ARM.attributes
                0x000000000000056c       0x2c CMakeFiles/picoProbeExample.dir/home/asger/pico/pico-sdk/src/rp2_common/pico_stdio/stdio.c.obj
 .ARM.attributes
                0x0000000000000598       0x2c CMakeFiles/picoProbeExample.dir/home/asger/pico/pico-sdk/src/rp2_common/pico_stdio_uart/stdio_uart.c.obj
 .ARM.attributes
                0x00000000000005c4       0x22 /tmp/ccQCNKZA.o
 .ARM.attributes
                0x00000000000005e6       0x1e /usr/lib/gcc/arm-none-eabi/9.2.1/thumb/v6-m/nofp/libgcc.a(_dvmd_tls.o)
 .ARM.attributes
                0x0000000000000604       0x2c /usr/lib/gcc/arm-none-eabi/9.2.1/../../../arm-none-eabi/lib/thumb/v6-m/nofp/libg.a(lib_a-strlen-stub.o)
 .ARM.attributes
                0x0000000000000630       0x2c /usr/lib/gcc/arm-none-eabi/9.2.1/thumb/v6-m/nofp/crtend.o

.comment        0x0000000000000000       0xa7
 .comment       0x0000000000000000       0x59 /usr/lib/gcc/arm-none-eabi/9.2.1/thumb/v6-m/nofp/crtbegin.o
                                         0x5a (size before relaxing)
 .comment       0x0000000000000059       0x5a CMakeFiles/picoProbeExample.dir/picoProbeExample.c.obj
 .comment       0x0000000000000059       0x5a CMakeFiles/picoProbeExample.dir/home/asger/pico/pico-sdk/src/rp2_common/hardware_gpio/gpio.c.obj
 .comment       0x0000000000000059       0x5a CMakeFiles/picoProbeExample.dir/home/asger/pico/pico-sdk/src/rp2_common/hardware_claim/claim.c.obj
 .comment       0x0000000000000059       0x5a CMakeFiles/picoProbeExample.dir/home/asger/pico/pico-sdk/src/rp2_common/pico_platform/platform.c.obj
 .comment       0x0000000000000059       0x5a CMakeFiles/picoProbeExample.dir/home/asger/pico/pico-sdk/src/rp2_common/hardware_sync/sync.c.obj
 .comment       0x0000000000000059       0x5a CMakeFiles/picoProbeExample.dir/home/asger/pico/pico-sdk/src/rp2_common/hardware_irq/irq.c.obj
 .comment       0x0000000000000059       0x5a CMakeFiles/picoProbeExample.dir/home/asger/pico/pico-sdk/src/common/pico_sync/lock_core.c.obj
 .comment       0x0000000000000059       0x5a CMakeFiles/picoProbeExample.dir/home/asger/pico/pico-sdk/src/common/pico_time/time.c.obj
 .comment       0x0000000000000059       0x5a CMakeFiles/picoProbeExample.dir/home/asger/pico/pico-sdk/src/rp2_common/hardware_timer/timer.c.obj
 .comment       0x0000000000000059       0x5a CMakeFiles/picoProbeExample.dir/home/asger/pico/pico-sdk/src/common/pico_util/pheap.c.obj
 .comment       0x0000000000000059       0x5a CMakeFiles/picoProbeExample.dir/home/asger/pico/pico-sdk/src/common/pico_sync/mutex.c.obj
 .comment       0x0000000000000059       0x5a CMakeFiles/picoProbeExample.dir/home/asger/pico/pico-sdk/src/rp2_common/hardware_uart/uart.c.obj
 .comment       0x0000000000000059       0x5a CMakeFiles/picoProbeExample.dir/home/asger/pico/pico-sdk/src/rp2_common/pico_runtime/runtime.c.obj
 .comment       0x0000000000000059       0x5a CMakeFiles/picoProbeExample.dir/home/asger/pico/pico-sdk/src/rp2_common/hardware_clocks/clocks.c.obj
 .comment       0x0000000000000059       0x5a CMakeFiles/picoProbeExample.dir/home/asger/pico/pico-sdk/src/rp2_common/hardware_pll/pll.c.obj
 .comment       0x0000000000000059       0x5a CMakeFiles/picoProbeExample.dir/home/asger/pico/pico-sdk/src/rp2_common/hardware_watchdog/watchdog.c.obj
 .comment       0x0000000000000059       0x5a CMakeFiles/picoProbeExample.dir/home/asger/pico/pico-sdk/src/rp2_common/hardware_xosc/xosc.c.obj
 .comment       0x0000000000000059       0x5a CMakeFiles/picoProbeExample.dir/home/asger/pico/pico-sdk/src/rp2_common/pico_printf/printf.c.obj
 .comment       0x0000000000000059       0x5a CMakeFiles/picoProbeExample.dir/home/asger/pico/pico-sdk/src/rp2_common/pico_bootrom/bootrom.c.obj
 .comment       0x0000000000000059       0x5a CMakeFiles/picoProbeExample.dir/home/asger/pico/pico-sdk/src/rp2_common/pico_double/double_init_rom.c.obj
 .comment       0x0000000000000059       0x5a CMakeFiles/picoProbeExample.dir/home/asger/pico/pico-sdk/src/rp2_common/pico_float/float_init_rom.c.obj
 .comment       0x0000000000000059       0x5a CMakeFiles/picoProbeExample.dir/home/asger/pico/pico-sdk/src/rp2_common/pico_standard_link/binary_info.c.obj
 .comment       0x0000000000000059       0x5a CMakeFiles/picoProbeExample.dir/home/asger/pico/pico-sdk/src/rp2_common/pico_stdio/stdio.c.obj
 .comment       0x0000000000000059       0x5a CMakeFiles/picoProbeExample.dir/home/asger/pico/pico-sdk/src/rp2_common/pico_stdio_uart/stdio_uart.c.obj
 .comment       0x0000000000000059       0x4e /usr/lib/gcc/arm-none-eabi/9.2.1/../../../arm-none-eabi/lib/thumb/v6-m/nofp/libg.a(lib_a-strlen-stub.o)
                                         0x4f (size before relaxing)
 .comment       0x00000000000000a7       0x5a /usr/lib/gcc/arm-none-eabi/9.2.1/thumb/v6-m/nofp/crtend.o

.debug_info     0x0000000000000000    0x18b9c
 .debug_info    0x0000000000000000      0xa33 CMakeFiles/picoProbeExample.dir/picoProbeExample.c.obj
 .debug_info    0x0000000000000a33     0x16b3 CMakeFiles/picoProbeExample.dir/home/asger/pico/pico-sdk/src/rp2_common/hardware_gpio/gpio.c.obj
 .debug_info    0x00000000000020e6      0x6a3 CMakeFiles/picoProbeExample.dir/home/asger/pico/pico-sdk/src/rp2_common/hardware_claim/claim.c.obj
 .debug_info    0x0000000000002789      0x1cb CMakeFiles/picoProbeExample.dir/home/asger/pico/pico-sdk/src/rp2_common/pico_platform/platform.c.obj
 .debug_info    0x0000000000002954      0x576 CMakeFiles/picoProbeExample.dir/home/asger/pico/pico-sdk/src/rp2_common/hardware_sync/sync.c.obj
 .debug_info    0x0000000000002eca     0x1c3b CMakeFiles/picoProbeExample.dir/home/asger/pico/pico-sdk/src/rp2_common/hardware_irq/irq.c.obj
 .debug_info    0x0000000000004b05       0x26 CMakeFiles/picoProbeExample.dir/home/asger/pico/pico-sdk/src/rp2_common/hardware_irq/irq_handler_chain.S.obj
 .debug_info    0x0000000000004b2b      0x1e4 CMakeFiles/picoProbeExample.dir/home/asger/pico/pico-sdk/src/common/pico_sync/lock_core.c.obj
 .debug_info    0x0000000000004d0f     0x435e CMakeFiles/picoProbeExample.dir/home/asger/pico/pico-sdk/src/common/pico_time/time.c.obj
 .debug_info    0x000000000000906d     0x10e6 CMakeFiles/picoProbeExample.dir/home/asger/pico/pico-sdk/src/rp2_common/hardware_timer/timer.c.obj
 .debug_info    0x000000000000a153     0x1aa5 CMakeFiles/picoProbeExample.dir/home/asger/pico/pico-sdk/src/common/pico_util/pheap.c.obj
 .debug_info    0x000000000000bbf8     0x1feb CMakeFiles/picoProbeExample.dir/home/asger/pico/pico-sdk/src/common/pico_sync/mutex.c.obj
 .debug_info    0x000000000000dbe3      0xb2e CMakeFiles/picoProbeExample.dir/home/asger/pico/pico-sdk/src/rp2_common/hardware_uart/uart.c.obj
 .debug_info    0x000000000000e711     0x1355 CMakeFiles/picoProbeExample.dir/home/asger/pico/pico-sdk/src/rp2_common/pico_runtime/runtime.c.obj
 .debug_info    0x000000000000fa66      0xef9 CMakeFiles/picoProbeExample.dir/home/asger/pico/pico-sdk/src/rp2_common/hardware_clocks/clocks.c.obj
 .debug_info    0x000000000001095f      0x517 CMakeFiles/picoProbeExample.dir/home/asger/pico/pico-sdk/src/rp2_common/hardware_pll/pll.c.obj
 .debug_info    0x0000000000010e76      0xd7e CMakeFiles/picoProbeExample.dir/home/asger/pico/pico-sdk/src/rp2_common/hardware_watchdog/watchdog.c.obj
 .debug_info    0x0000000000011bf4      0x1c0 CMakeFiles/picoProbeExample.dir/home/asger/pico/pico-sdk/src/rp2_common/hardware_xosc/xosc.c.obj
 .debug_info    0x0000000000011db4     0x1fbf CMakeFiles/picoProbeExample.dir/home/asger/pico/pico-sdk/src/rp2_common/pico_printf/printf.c.obj
 .debug_info    0x0000000000013d73       0x22 CMakeFiles/picoProbeExample.dir/home/asger/pico/pico-sdk/src/rp2_common/pico_bit_ops/bit_ops_aeabi.S.obj
 .debug_info    0x0000000000013d95      0x258 CMakeFiles/picoProbeExample.dir/home/asger/pico/pico-sdk/src/rp2_common/pico_bootrom/bootrom.c.obj
 .debug_info    0x0000000000013fed       0x22 CMakeFiles/picoProbeExample.dir/home/asger/pico/pico-sdk/src/rp2_common/pico_divider/divider.S.obj
 .debug_info    0x000000000001400f       0x22 CMakeFiles/picoProbeExample.dir/home/asger/pico/pico-sdk/src/rp2_common/pico_double/double_aeabi.S.obj
 .debug_info    0x0000000000014031      0xb2a CMakeFiles/picoProbeExample.dir/home/asger/pico/pico-sdk/src/rp2_common/pico_double/double_init_rom.c.obj
 .debug_info    0x0000000000014b5b       0x22 CMakeFiles/picoProbeExample.dir/home/asger/pico/pico-sdk/src/rp2_common/pico_double/double_v1_rom_shim.S.obj
 .debug_info    0x0000000000014b7d       0x26 CMakeFiles/picoProbeExample.dir/home/asger/pico/pico-sdk/src/rp2_common/pico_int64_ops/pico_int64_ops_aeabi.S.obj
 .debug_info    0x0000000000014ba3       0x22 CMakeFiles/picoProbeExample.dir/home/asger/pico/pico-sdk/src/rp2_common/pico_float/float_aeabi.S.obj
 .debug_info    0x0000000000014bc5      0xb44 CMakeFiles/picoProbeExample.dir/home/asger/pico/pico-sdk/src/rp2_common/pico_float/float_init_rom.c.obj
 .debug_info    0x0000000000015709       0x22 CMakeFiles/picoProbeExample.dir/home/asger/pico/pico-sdk/src/rp2_common/pico_float/float_v1_rom_shim.S.obj
 .debug_info    0x000000000001572b       0x22 CMakeFiles/picoProbeExample.dir/home/asger/pico/pico-sdk/src/rp2_common/pico_mem_ops/mem_ops_aeabi.S.obj
 .debug_info    0x000000000001574d       0x22 CMakeFiles/picoProbeExample.dir/home/asger/pico/pico-sdk/src/rp2_common/pico_standard_link/crt0.S.obj
 .debug_info    0x000000000001576f      0x2f7 CMakeFiles/picoProbeExample.dir/home/asger/pico/pico-sdk/src/rp2_common/pico_standard_link/binary_info.c.obj
 .debug_info    0x0000000000015a66     0x1b7c CMakeFiles/picoProbeExample.dir/home/asger/pico/pico-sdk/src/rp2_common/pico_stdio/stdio.c.obj
 .debug_info    0x00000000000175e2      0xc21 CMakeFiles/picoProbeExample.dir/home/asger/pico/pico-sdk/src/rp2_common/pico_stdio_uart/stdio_uart.c.obj
 .debug_info    0x0000000000018203       0x26 /usr/lib/gcc/arm-none-eabi/9.2.1/thumb/v6-m/nofp/libgcc.a(_dvmd_tls.o)
 .debug_info    0x0000000000018229      0x973 /usr/lib/gcc/arm-none-eabi/9.2.1/../../../arm-none-eabi/lib/thumb/v6-m/nofp/libg.a(lib_a-strlen-stub.o)

.debug_abbrev   0x0000000000000000     0x4b90
 .debug_abbrev  0x0000000000000000      0x227 CMakeFiles/picoProbeExample.dir/picoProbeExample.c.obj
 .debug_abbrev  0x0000000000000227      0x326 CMakeFiles/picoProbeExample.dir/home/asger/pico/pico-sdk/src/rp2_common/hardware_gpio/gpio.c.obj
 .debug_abbrev  0x000000000000054d      0x2e9 CMakeFiles/picoProbeExample.dir/home/asger/pico/pico-sdk/src/rp2_common/hardware_claim/claim.c.obj
 .debug_abbrev  0x0000000000000836       0xeb CMakeFiles/picoProbeExample.dir/home/asger/pico/pico-sdk/src/rp2_common/pico_platform/platform.c.obj
 .debug_abbrev  0x0000000000000921      0x21b CMakeFiles/picoProbeExample.dir/home/asger/pico/pico-sdk/src/rp2_common/hardware_sync/sync.c.obj
 .debug_abbrev  0x0000000000000b3c      0x50b CMakeFiles/picoProbeExample.dir/home/asger/pico/pico-sdk/src/rp2_common/hardware_irq/irq.c.obj
 .debug_abbrev  0x0000000000001047       0x14 CMakeFiles/picoProbeExample.dir/home/asger/pico/pico-sdk/src/rp2_common/hardware_irq/irq_handler_chain.S.obj
 .debug_abbrev  0x000000000000105b      0x138 CMakeFiles/picoProbeExample.dir/home/asger/pico/pico-sdk/src/common/pico_sync/lock_core.c.obj
 .debug_abbrev  0x0000000000001193      0x628 CMakeFiles/picoProbeExample.dir/home/asger/pico/pico-sdk/src/common/pico_time/time.c.obj
 .debug_abbrev  0x00000000000017bb      0x3b1 CMakeFiles/picoProbeExample.dir/home/asger/pico/pico-sdk/src/rp2_common/hardware_timer/timer.c.obj
 .debug_abbrev  0x0000000000001b6c      0x3ad CMakeFiles/picoProbeExample.dir/home/asger/pico/pico-sdk/src/common/pico_util/pheap.c.obj
 .debug_abbrev  0x0000000000001f19      0x3aa CMakeFiles/picoProbeExample.dir/home/asger/pico/pico-sdk/src/common/pico_sync/mutex.c.obj
 .debug_abbrev  0x00000000000022c3      0x2d8 CMakeFiles/picoProbeExample.dir/home/asger/pico/pico-sdk/src/rp2_common/hardware_uart/uart.c.obj
 .debug_abbrev  0x000000000000259b      0x4a1 CMakeFiles/picoProbeExample.dir/home/asger/pico/pico-sdk/src/rp2_common/pico_runtime/runtime.c.obj
 .debug_abbrev  0x0000000000002a3c      0x3b6 CMakeFiles/picoProbeExample.dir/home/asger/pico/pico-sdk/src/rp2_common/hardware_clocks/clocks.c.obj
 .debug_abbrev  0x0000000000002df2      0x1ee CMakeFiles/picoProbeExample.dir/home/asger/pico/pico-sdk/src/rp2_common/hardware_pll/pll.c.obj
 .debug_abbrev  0x0000000000002fe0      0x2cf CMakeFiles/picoProbeExample.dir/home/asger/pico/pico-sdk/src/rp2_common/hardware_watchdog/watchdog.c.obj
 .debug_abbrev  0x00000000000032af      0x109 CMakeFiles/picoProbeExample.dir/home/asger/pico/pico-sdk/src/rp2_common/hardware_xosc/xosc.c.obj
 .debug_abbrev  0x00000000000033b8      0x4a1 CMakeFiles/picoProbeExample.dir/home/asger/pico/pico-sdk/src/rp2_common/pico_printf/printf.c.obj
 .debug_abbrev  0x0000000000003859       0x12 CMakeFiles/picoProbeExample.dir/home/asger/pico/pico-sdk/src/rp2_common/pico_bit_ops/bit_ops_aeabi.S.obj
 .debug_abbrev  0x000000000000386b      0x13b CMakeFiles/picoProbeExample.dir/home/asger/pico/pico-sdk/src/rp2_common/pico_bootrom/bootrom.c.obj
 .debug_abbrev  0x00000000000039a6       0x12 CMakeFiles/picoProbeExample.dir/home/asger/pico/pico-sdk/src/rp2_common/pico_divider/divider.S.obj
 .debug_abbrev  0x00000000000039b8       0x12 CMakeFiles/picoProbeExample.dir/home/asger/pico/pico-sdk/src/rp2_common/pico_double/double_aeabi.S.obj
 .debug_abbrev  0x00000000000039ca      0x2c2 CMakeFiles/picoProbeExample.dir/home/asger/pico/pico-sdk/src/rp2_common/pico_double/double_init_rom.c.obj
 .debug_abbrev  0x0000000000003c8c       0x12 CMakeFiles/picoProbeExample.dir/home/asger/pico/pico-sdk/src/rp2_common/pico_double/double_v1_rom_shim.S.obj
 .debug_abbrev  0x0000000000003c9e       0x14 CMakeFiles/picoProbeExample.dir/home/asger/pico/pico-sdk/src/rp2_common/pico_int64_ops/pico_int64_ops_aeabi.S.obj
 .debug_abbrev  0x0000000000003cb2       0x12 CMakeFiles/picoProbeExample.dir/home/asger/pico/pico-sdk/src/rp2_common/pico_float/float_aeabi.S.obj
 .debug_abbrev  0x0000000000003cc4      0x2d5 CMakeFiles/picoProbeExample.dir/home/asger/pico/pico-sdk/src/rp2_common/pico_float/float_init_rom.c.obj
 .debug_abbrev  0x0000000000003f99       0x12 CMakeFiles/picoProbeExample.dir/home/asger/pico/pico-sdk/src/rp2_common/pico_float/float_v1_rom_shim.S.obj
 .debug_abbrev  0x0000000000003fab       0x12 CMakeFiles/picoProbeExample.dir/home/asger/pico/pico-sdk/src/rp2_common/pico_mem_ops/mem_ops_aeabi.S.obj
 .debug_abbrev  0x0000000000003fbd       0x12 CMakeFiles/picoProbeExample.dir/home/asger/pico/pico-sdk/src/rp2_common/pico_standard_link/crt0.S.obj
 .debug_abbrev  0x0000000000003fcf       0xad CMakeFiles/picoProbeExample.dir/home/asger/pico/pico-sdk/src/rp2_common/pico_standard_link/binary_info.c.obj
 .debug_abbrev  0x000000000000407c      0x585 CMakeFiles/picoProbeExample.dir/home/asger/pico/pico-sdk/src/rp2_common/pico_stdio/stdio.c.obj
 .debug_abbrev  0x0000000000004601      0x393 CMakeFiles/picoProbeExample.dir/home/asger/pico/pico-sdk/src/rp2_common/pico_stdio_uart/stdio_uart.c.obj
 .debug_abbrev  0x0000000000004994       0x14 /usr/lib/gcc/arm-none-eabi/9.2.1/thumb/v6-m/nofp/libgcc.a(_dvmd_tls.o)
 .debug_abbrev  0x00000000000049a8      0x1e8 /usr/lib/gcc/arm-none-eabi/9.2.1/../../../arm-none-eabi/lib/thumb/v6-m/nofp/libg.a(lib_a-strlen-stub.o)

.debug_loc      0x0000000000000000     0xd950
 .debug_loc     0x0000000000000000       0x23 CMakeFiles/picoProbeExample.dir/picoProbeExample.c.obj
 .debug_loc     0x0000000000000023     0x118d CMakeFiles/picoProbeExample.dir/home/asger/pico/pico-sdk/src/rp2_common/hardware_gpio/gpio.c.obj
 .debug_loc     0x00000000000011b0      0x45f CMakeFiles/picoProbeExample.dir/home/asger/pico/pico-sdk/src/rp2_common/hardware_claim/claim.c.obj
 .debug_loc     0x000000000000160f       0xe9 CMakeFiles/picoProbeExample.dir/home/asger/pico/pico-sdk/src/rp2_common/pico_platform/platform.c.obj
 .debug_loc     0x00000000000016f8      0x233 CMakeFiles/picoProbeExample.dir/home/asger/pico/pico-sdk/src/rp2_common/hardware_sync/sync.c.obj
 .debug_loc     0x000000000000192b     0x13e6 CMakeFiles/picoProbeExample.dir/home/asger/pico/pico-sdk/src/rp2_common/hardware_irq/irq.c.obj
 .debug_loc     0x0000000000002d11       0x60 CMakeFiles/picoProbeExample.dir/home/asger/pico/pico-sdk/src/common/pico_sync/lock_core.c.obj
 .debug_loc     0x0000000000002d71     0x2e1d CMakeFiles/picoProbeExample.dir/home/asger/pico/pico-sdk/src/common/pico_time/time.c.obj
 .debug_loc     0x0000000000005b8e      0x952 CMakeFiles/picoProbeExample.dir/home/asger/pico/pico-sdk/src/rp2_common/hardware_timer/timer.c.obj
 .debug_loc     0x00000000000064e0     0x1412 CMakeFiles/picoProbeExample.dir/home/asger/pico/pico-sdk/src/common/pico_util/pheap.c.obj
 .debug_loc     0x00000000000078f2     0x142d CMakeFiles/picoProbeExample.dir/home/asger/pico/pico-sdk/src/common/pico_sync/mutex.c.obj
 .debug_loc     0x0000000000008d1f      0x533 CMakeFiles/picoProbeExample.dir/home/asger/pico/pico-sdk/src/rp2_common/hardware_uart/uart.c.obj
 .debug_loc     0x0000000000009252      0x3ff CMakeFiles/picoProbeExample.dir/home/asger/pico/pico-sdk/src/rp2_common/pico_runtime/runtime.c.obj
 .debug_loc     0x0000000000009651      0x805 CMakeFiles/picoProbeExample.dir/home/asger/pico/pico-sdk/src/rp2_common/hardware_clocks/clocks.c.obj
 .debug_loc     0x0000000000009e56      0x31a CMakeFiles/picoProbeExample.dir/home/asger/pico/pico-sdk/src/rp2_common/hardware_pll/pll.c.obj
 .debug_loc     0x000000000000a170      0x2ec CMakeFiles/picoProbeExample.dir/home/asger/pico/pico-sdk/src/rp2_common/hardware_watchdog/watchdog.c.obj
 .debug_loc     0x000000000000a45c       0x71 CMakeFiles/picoProbeExample.dir/home/asger/pico/pico-sdk/src/rp2_common/hardware_xosc/xosc.c.obj
 .debug_loc     0x000000000000a4cd     0x210c CMakeFiles/picoProbeExample.dir/home/asger/pico/pico-sdk/src/rp2_common/pico_printf/printf.c.obj
 .debug_loc     0x000000000000c5d9      0x1a1 CMakeFiles/picoProbeExample.dir/home/asger/pico/pico-sdk/src/rp2_common/pico_bootrom/bootrom.c.obj
 .debug_loc     0x000000000000c77a       0x59 CMakeFiles/picoProbeExample.dir/home/asger/pico/pico-sdk/src/rp2_common/pico_double/double_init_rom.c.obj
 .debug_loc     0x000000000000c7d3       0x73 CMakeFiles/picoProbeExample.dir/home/asger/pico/pico-sdk/src/rp2_common/pico_float/float_init_rom.c.obj