Archive member included to satisfy reference by file (symbol)

/usr/lib/gcc/arm-none-eabi/9.2.1/thumb/v6-m/nofp/libgcc.a(_dvmd_tls.o)
                              CMakeFiles/picoProbeExample.dir/home/asger/pico/pico-sdk/src/rp2_common/pico_divider/divider.S.obj (__aeabi_idiv0)
/usr/lib/gcc/arm-none-eabi/9.2.1/../../../arm-none-eabi/lib/thumb/v6-m/nofp/libg.a(lib_a-atexit.o)
                              /usr/lib/gcc/arm-none-eabi/9.2.1/../../../arm-none-eabi/lib/thumb/v6-m/nofp/crt0.o (atexit)
/usr/lib/gcc/arm-none-eabi/9.2.1/../../../arm-none-eabi/lib/thumb/v6-m/nofp/libg.a(lib_a-calloc.o)
                              CMakeFiles/picoProbeExample.dir/home/asger/pico/pico-sdk/src/rp2_common/pico_malloc/pico_malloc.c.obj (calloc)
/usr/lib/gcc/arm-none-eabi/9.2.1/../../../arm-none-eabi/lib/thumb/v6-m/nofp/libg.a(lib_a-callocr.o)
                              /usr/lib/gcc/arm-none-eabi/9.2.1/../../../arm-none-eabi/lib/thumb/v6-m/nofp/libg.a(lib_a-calloc.o) (_calloc_r)
/usr/lib/gcc/arm-none-eabi/9.2.1/../../../arm-none-eabi/lib/thumb/v6-m/nofp/libg.a(lib_a-fini.o)
                              /usr/lib/gcc/arm-none-eabi/9.2.1/../../../arm-none-eabi/lib/thumb/v6-m/nofp/crt0.o (__libc_fini_array)
/usr/lib/gcc/arm-none-eabi/9.2.1/../../../arm-none-eabi/lib/thumb/v6-m/nofp/libg.a(lib_a-impure.o)
                              /usr/lib/gcc/arm-none-eabi/9.2.1/../../../arm-none-eabi/lib/thumb/v6-m/nofp/libg.a(lib_a-calloc.o) (_impure_ptr)
/usr/lib/gcc/arm-none-eabi/9.2.1/../../../arm-none-eabi/lib/thumb/v6-m/nofp/libg.a(lib_a-init.o)
                              /usr/lib/gcc/arm-none-eabi/9.2.1/../../../arm-none-eabi/lib/thumb/v6-m/nofp/crt0.o (__libc_init_array)
/usr/lib/gcc/arm-none-eabi/9.2.1/../../../arm-none-eabi/lib/thumb/v6-m/nofp/libg.a(lib_a-malloc.o)
                              CMakeFiles/picoProbeExample.dir/home/asger/pico/pico-sdk/src/rp2_common/pico_malloc/pico_malloc.c.obj (malloc)
/usr/lib/gcc/arm-none-eabi/9.2.1/../../../arm-none-eabi/lib/thumb/v6-m/nofp/libg.a(lib_a-mallocr.o)
                              /usr/lib/gcc/arm-none-eabi/9.2.1/../../../arm-none-eabi/lib/thumb/v6-m/nofp/libg.a(lib_a-callocr.o) (_malloc_r)
/usr/lib/gcc/arm-none-eabi/9.2.1/../../../arm-none-eabi/lib/thumb/v6-m/nofp/libg.a(lib_a-mlock.o)
                              /usr/lib/gcc/arm-none-eabi/9.2.1/../../../arm-none-eabi/lib/thumb/v6-m/nofp/libg.a(lib_a-mallocr.o) (__malloc_lock)
/usr/lib/gcc/arm-none-eabi/9.2.1/../../../arm-none-eabi/lib/thumb/v6-m/nofp/libg.a(lib_a-realloc.o)
                              CMakeFiles/picoProbeExample.dir/home/asger/pico/pico-sdk/src/rp2_common/pico_malloc/pico_malloc.c.obj (realloc)
/usr/lib/gcc/arm-none-eabi/9.2.1/../../../arm-none-eabi/lib/thumb/v6-m/nofp/libg.a(lib_a-reallocr.o)
                              /usr/lib/gcc/arm-none-eabi/9.2.1/../../../arm-none-eabi/lib/thumb/v6-m/nofp/libg.a(lib_a-realloc.o) (_realloc_r)
/usr/lib/gcc/arm-none-eabi/9.2.1/../../../arm-none-eabi/lib/thumb/v6-m/nofp/libg.a(lib_a-sbrkr.o)
                              /usr/lib/gcc/arm-none-eabi/9.2.1/../../../arm-none-eabi/lib/thumb/v6-m/nofp/libg.a(lib_a-mallocr.o) (_sbrk_r)
/usr/lib/gcc/arm-none-eabi/9.2.1/../../../arm-none-eabi/lib/thumb/v6-m/nofp/libg.a(lib_a-strlen-stub.o)
                              CMakeFiles/picoProbeExample.dir/home/asger/pico/pico-sdk/src/rp2_common/pico_stdio/stdio.c.obj (strlen)
/usr/lib/gcc/arm-none-eabi/9.2.1/../../../arm-none-eabi/lib/thumb/v6-m/nofp/libg.a(lib_a-__atexit.o)
                              /usr/lib/gcc/arm-none-eabi/9.2.1/../../../arm-none-eabi/lib/thumb/v6-m/nofp/libg.a(lib_a-atexit.o) (__register_exitproc)
/usr/lib/gcc/arm-none-eabi/9.2.1/../../../arm-none-eabi/lib/thumb/v6-m/nofp/libg.a(lib_a-freer.o)
                              /usr/lib/gcc/arm-none-eabi/9.2.1/../../../arm-none-eabi/lib/thumb/v6-m/nofp/libg.a(lib_a-malloc.o) (_free_r)
/usr/lib/gcc/arm-none-eabi/9.2.1/../../../arm-none-eabi/lib/thumb/v6-m/nofp/libg.a(lib_a-memmove.o)
                              /usr/lib/gcc/arm-none-eabi/9.2.1/../../../arm-none-eabi/lib/thumb/v6-m/nofp/libg.a(lib_a-reallocr.o) (memmove)
/usr/lib/gcc/arm-none-eabi/9.2.1/../../../arm-none-eabi/lib/thumb/v6-m/nofp/libg.a(lib_a-reent.o)
                              /usr/lib/gcc/arm-none-eabi/9.2.1/../../../arm-none-eabi/lib/thumb/v6-m/nofp/libg.a(lib_a-sbrkr.o) (errno)

Allocating common symbols
Common symbol       size              file

sf_table            0x100             CMakeFiles/picoProbeExample.dir/home/asger/pico/pico-sdk/src/rp2_common/pico_float/float_init_rom.c.obj
errno               0x4               /usr/lib/gcc/arm-none-eabi/9.2.1/../../../arm-none-eabi/lib/thumb/v6-m/nofp/libg.a(lib_a-reent.o)
sd_table            0x100             CMakeFiles/picoProbeExample.dir/home/asger/pico/pico-sdk/src/rp2_common/pico_double/double_init_rom.c.obj
uart_char_to_line_feed
                    0x4               CMakeFiles/picoProbeExample.dir/home/asger/pico/pico-sdk/src/rp2_common/hardware_uart/uart.c.obj

[...]
Memory Configuration

Name             Origin             Length             Attributes
FLASH            0x0000000010000000 0x0000000000200000 xr
RAM              0x0000000020000000 0x0000000000040000 xrw
SCRATCH_X        0x0000000020040000 0x0000000000001000 xrw
SCRATCH_Y        0x0000000020041000 0x0000000000001000 xrw
*default*        0x0000000000000000 0xffffffffffffffff

Linker script and memory map

LOAD /usr/lib/gcc/arm-none-eabi/9.2.1/thumb/v6-m/nofp/crti.o
LOAD /usr/lib/gcc/arm-none-eabi/9.2.1/thumb/v6-m/nofp/crtbegin.o
LOAD /usr/lib/gcc/arm-none-eabi/9.2.1/../../../arm-none-eabi/lib/thumb/v6-m/nofp/crt0.o

.flash_begin    0x0000000010000000        0x0
                0x0000000010000000                __flash_binary_start = .

.boot2          0x0000000010000000      0x100
                0x0000000010000000                __boot2_start__ = .
 *(.boot2)
 .boot2         0x0000000010000000      0x100 /tmp/ccTWMeBu.o
                0x0000000010000100                __boot2_end__ = .
                0x0000000000000001                ASSERT (((__boot2_end__ - __boot2_start__) == 0x100), ERROR: Pico second stage bootloader must be 256 bytes in size)

.text           0x0000000010000100     0x42e0
                0x0000000010000100                __logical_binary_start = .
 *(.vectors)
 .vectors       0x0000000010000100       0xd4 CMakeFiles/picoProbeExample.dir/home/asger/pico/pico-sdk/src/rp2_common/pico_standard_link/crt0.S.obj
                0x0000000010000100                __vectors
                0x0000000010000100                __VECTOR_TABLE
                0x00000000100001c0                isr_invalid
                0x00000000100001c0                __default_isrs_start
                0x00000000100001c2                isr_nmi
                0x00000000100001c4                isr_hardfault
                0x00000000100001c6                isr_svcall
                0x00000000100001c8                isr_pendsv
                0x00000000100001ca                isr_systick
                0x00000000100001cc                isr_irq30
                0x00000000100001cc                __unhandled_user_irq
                0x00000000100001cc                isr_irq13
                0x00000000100001cc                isr_irq27
                0x00000000100001cc                isr_irq31
                0x00000000100001cc                isr_irq5
                0x00000000100001cc                isr_irq11
                0x00000000100001cc                isr_irq23
                0x00000000100001cc                isr_irq18
                0x00000000100001cc                isr_irq28
                0x00000000100001cc                isr_irq19
                0x00000000100001cc                isr_irq0
                0x00000000100001cc                isr_irq6
                0x00000000100001cc                isr_irq22
                0x00000000100001cc                isr_irq17
                0x00000000100001cc                isr_irq14
                0x00000000100001cc                isr_irq2
                0x00000000100001cc                isr_irq10
                0x00000000100001cc                isr_irq8
                0x00000000100001cc                isr_irq24
                0x00000000100001cc                isr_irq1
                0x00000000100001cc                isr_irq7
                0x00000000100001cc                isr_irq21
                0x00000000100001cc                isr_irq20
                0x00000000100001cc                isr_irq15
                0x00000000100001cc                isr_irq25
                0x00000000100001cc                isr_irq4
                0x00000000100001cc                isr_irq16
                0x00000000100001cc                isr_irq29
                0x00000000100001cc                isr_irq26
                0x00000000100001cc                __default_isrs_end
                0x00000000100001cc                isr_irq3
                0x00000000100001cc                isr_irq12
                0x00000000100001cc                isr_irq9
                0x00000000100001d2                unhandled_user_irq_num_in_r0
 *(.binary_info_header)
 .binary_info_header
                0x00000000100001d4       0x14 CMakeFiles/picoProbeExample.dir/home/asger/pico/pico-sdk/src/rp2_common/pico_standard_link/crt0.S.obj
                0x00000000100001e8                __binary_info_header_end = .
 *(.reset)
 .reset         0x00000000100001e8       0xa8 CMakeFiles/picoProbeExample.dir/home/asger/pico/pico-sdk/src/rp2_common/pico_standard_link/crt0.S.obj
                0x00000000100001e8                _entry_point
                0x0000000010000266                __get_current_exception
 .reset         0x0000000010000290       0x30 CMakeFiles/picoProbeExample.dir/home/asger/pico/pico-sdk/src/rp2_common/pico_standard_link/binary_info.c.obj
 *(.init)
 .init          0x00000000100002c0        0x4 /usr/lib/gcc/arm-none-eabi/9.2.1/thumb/v6-m/nofp/crti.o
                0x00000000100002c0                _init
 *(EXCLUDE_FILE(*libm.a: *libc.a:*lib_a-mem*.o *libgcc.a:) .text*)
 .text          0x00000000100002c4       0x98 /usr/lib/gcc/arm-none-eabi/9.2.1/thumb/v6-m/nofp/crtbegin.o
 .text.main     0x000000001000035c       0x4c CMakeFiles/picoProbeExample.dir/picoProbeExample.c.obj
                0x000000001000035c                main
 .text.gpio_set_function
                0x00000000100003a8       0x30 CMakeFiles/picoProbeExample.dir/home/asger/pico/pico-sdk/src/rp2_common/hardware_gpio/gpio.c.obj
                0x00000000100003a8                gpio_set_function
 .text.gpio_init
                0x00000000100003d8       0x16 CMakeFiles/picoProbeExample.dir/home/asger/pico/pico-sdk/src/rp2_common/hardware_gpio/gpio.c.obj
                0x00000000100003d8                gpio_init
 *fill*         0x00000000100003ee        0x2 
 .text.hw_claim_lock
                0x00000000100003f0       0x18 CMakeFiles/picoProbeExample.dir/home/asger/pico/pico-sdk/src/rp2_common/hardware_claim/claim.c.obj
                0x00000000100003f0                hw_claim_lock
 .text.hw_claim_unlock
                0x0000000010000408       0x14 CMakeFiles/picoProbeExample.dir/home/asger/pico/pico-sdk/src/rp2_common/hardware_claim/claim.c.obj
                0x0000000010000408                hw_claim_unlock
 .text.hw_claim_or_assert
                0x000000001000041c       0x32 CMakeFiles/picoProbeExample.dir/home/asger/pico/pico-sdk/src/rp2_common/hardware_claim/claim.c.obj
                0x000000001000041c                hw_claim_or_assert
 *fill*         0x000000001000044e        0x2 
 .text.running_on_fpga
                0x0000000010000450       0x14 CMakeFiles/picoProbeExample.dir/home/asger/pico/pico-sdk/src/rp2_common/pico_platform/platform.c.obj
                0x0000000010000450                running_on_fpga
 .text.spin_locks_reset
                0x0000000010000464       0x20 CMakeFiles/picoProbeExample.dir/home/asger/pico/pico-sdk/src/rp2_common/hardware_sync/sync.c.obj
                0x0000000010000464                spin_locks_reset
 .text.next_striped_spin_lock_num
                0x0000000010000484       0x1c CMakeFiles/picoProbeExample.dir/home/asger/pico/pico-sdk/src/rp2_common/hardware_sync/sync.c.obj
                0x0000000010000484                next_striped_spin_lock_num
 .text.set_raw_irq_handler_and_unlock
                0x00000000100004a0       0x28 CMakeFiles/picoProbeExample.dir/home/asger/pico/pico-sdk/src/rp2_common/hardware_irq/irq.c.obj
 .text.make_branch
                0x00000000100004c8       0x48 CMakeFiles/picoProbeExample.dir/home/asger/pico/pico-sdk/src/rp2_common/hardware_irq/irq.c.obj
 .text.insert_branch_and_link
                0x0000000010000510       0x40 CMakeFiles/picoProbeExample.dir/home/asger/pico/pico-sdk/src/rp2_common/hardware_irq/irq.c.obj
 .text.irq_is_enabled
                0x0000000010000550       0x18 CMakeFiles/picoProbeExample.dir/home/asger/pico/pico-sdk/src/rp2_common/hardware_irq/irq.c.obj
                0x0000000010000550                irq_is_enabled
 .text.irq_set_mask_enabled
                0x0000000010000568       0x20 CMakeFiles/picoProbeExample.dir/home/asger/pico/pico-sdk/src/rp2_common/hardware_irq/irq.c.obj
                0x0000000010000568                irq_set_mask_enabled
 .text.irq_set_enabled
                0x0000000010000588        0xe CMakeFiles/picoProbeExample.dir/home/asger/pico/pico-sdk/src/rp2_common/hardware_irq/irq.c.obj
                0x0000000010000588                irq_set_enabled
 *fill*         0x0000000010000596        0x2 
 .text.irq_get_vtable_handler
                0x0000000010000598       0x10 CMakeFiles/picoProbeExample.dir/home/asger/pico/pico-sdk/src/rp2_common/hardware_irq/irq.c.obj
                0x0000000010000598                irq_get_vtable_handler
 .text.irq_set_exclusive_handler
                0x00000000100005a8       0x54 CMakeFiles/picoProbeExample.dir/home/asger/pico/pico-sdk/src/rp2_common/hardware_irq/irq.c.obj
                0x00000000100005a8                irq_set_exclusive_handler
 .text.irq_remove_handler
                0x00000000100005fc      0x1a8 CMakeFiles/picoProbeExample.dir/home/asger/pico/pico-sdk/src/rp2_common/hardware_irq/irq.c.obj
                0x00000000100005fc                irq_remove_handler
 .text.irq_add_tail_to_free_list
                0x00000000100007a4       0xf0 CMakeFiles/picoProbeExample.dir/home/asger/pico/pico-sdk/src/rp2_common/hardware_irq/irq.c.obj
                0x00000000100007a4                irq_add_tail_to_free_list
 .text.irq_init_priorities
                0x0000000010000894       0x1c CMakeFiles/picoProbeExample.dir/home/asger/pico/pico-sdk/src/rp2_common/hardware_irq/irq.c.obj
                0x0000000010000894                irq_init_priorities
 .text.lock_init
                0x00000000100008b0       0x10 CMakeFiles/picoProbeExample.dir/home/asger/pico/pico-sdk/src/common/pico_sync/lock_core.c.obj
                0x00000000100008b0                lock_init
 .text.alarm_pool_post_alloc_init
                0x00000000100008c0       0x40 CMakeFiles/picoProbeExample.dir/home/asger/pico/pico-sdk/src/common/pico_time/time.c.obj
 .text.sleep_until_callback
                0x0000000010000900       0x30 CMakeFiles/picoProbeExample.dir/home/asger/pico/pico-sdk/src/common/pico_time/time.c.obj
 .text.timer_pool_entry_comparator
                0x0000000010000930       0x7c CMakeFiles/picoProbeExample.dir/home/asger/pico/pico-sdk/src/common/pico_time/time.c.obj
                0x0000000010000930                timer_pool_entry_comparator
 .text.ph_add_child_node
                0x00000000100009ac       0xa4 CMakeFiles/picoProbeExample.dir/home/asger/pico/pico-sdk/src/common/pico_time/time.c.obj
 .text.ph_merge_nodes
                0x0000000010000a50       0x3e CMakeFiles/picoProbeExample.dir/home/asger/pico/pico-sdk/src/common/pico_time/time.c.obj
 *fill*         0x0000000010000a8e        0x2 
 .text.add_alarm_under_lock
                0x0000000010000a90      0x174 CMakeFiles/picoProbeExample.dir/home/asger/pico/pico-sdk/src/common/pico_time/time.c.obj
 .text.alarm_pool_alarm_callback
                0x0000000010000c04      0x32c CMakeFiles/picoProbeExample.dir/home/asger/pico/pico-sdk/src/common/pico_time/time.c.obj
 .text.alarm_pool_init_default
                0x0000000010000f30       0x38 CMakeFiles/picoProbeExample.dir/home/asger/pico/pico-sdk/src/common/pico_time/time.c.obj
                0x0000000010000f30                alarm_pool_init_default
 .text.alarm_pool_get_default
                0x0000000010000f68       0x2c CMakeFiles/picoProbeExample.dir/home/asger/pico/pico-sdk/src/common/pico_time/time.c.obj
                0x0000000010000f68                alarm_pool_get_default
 .text.alarm_pool_add_alarm_at
                0x0000000010000f94      0x170 CMakeFiles/picoProbeExample.dir/home/asger/pico/pico-sdk/src/common/pico_time/time.c.obj
                0x0000000010000f94                alarm_pool_add_alarm_at
 .text.sleep_until
                0x0000000010001104       0xfc CMakeFiles/picoProbeExample.dir/home/asger/pico/pico-sdk/src/common/pico_time/time.c.obj
                0x0000000010001104                sleep_until
 .text.sleep_us
                0x0000000010001200       0x58 CMakeFiles/picoProbeExample.dir/home/asger/pico/pico-sdk/src/common/pico_time/time.c.obj
                0x0000000010001200                sleep_us
 .text.sleep_ms
                0x0000000010001258       0x14 CMakeFiles/picoProbeExample.dir/home/asger/pico/pico-sdk/src/common/pico_time/time.c.obj
                0x0000000010001258                sleep_ms
 .text.hardware_alarm_irq_handler
                0x000000001000126c       0x8c CMakeFiles/picoProbeExample.dir/home/asger/pico/pico-sdk/src/rp2_common/hardware_timer/timer.c.obj
 .text.hardware_alarm_claim
                0x00000000100012f8       0x18 CMakeFiles/picoProbeExample.dir/home/asger/pico/pico-sdk/src/rp2_common/hardware_timer/timer.c.obj
                0x00000000100012f8                hardware_alarm_claim
 .text.time_us_64
                0x0000000010001310       0x18 CMakeFiles/picoProbeExample.dir/home/asger/pico/pico-sdk/src/rp2_common/hardware_timer/timer.c.obj
                0x0000000010001310                time_us_64
 .text.busy_wait_until
                0x0000000010001328       0x24 CMakeFiles/picoProbeExample.dir/home/asger/pico/pico-sdk/src/rp2_common/hardware_timer/timer.c.obj
                0x0000000010001328                busy_wait_until
 .text.hardware_alarm_set_callback
                0x000000001000134c       0x90 CMakeFiles/picoProbeExample.dir/home/asger/pico/pico-sdk/src/rp2_common/hardware_timer/timer.c.obj
                0x000000001000134c                hardware_alarm_set_callback
 .text.hardware_alarm_set_target
                0x00000000100013dc       0xe8 CMakeFiles/picoProbeExample.dir/home/asger/pico/pico-sdk/src/rp2_common/hardware_timer/timer.c.obj
                0x00000000100013dc                hardware_alarm_set_target
 .text.hardware_alarm_cancel
                0x00000000100014c4       0x40 CMakeFiles/picoProbeExample.dir/home/asger/pico/pico-sdk/src/rp2_common/hardware_timer/timer.c.obj
                0x00000000100014c4                hardware_alarm_cancel
 .text.ph_add_child_node
                0x0000000010001504       0xa4 CMakeFiles/picoProbeExample.dir/home/asger/pico/pico-sdk/src/common/pico_util/pheap.c.obj
 .text.ph_merge_nodes
                0x00000000100015a8       0x3e CMakeFiles/picoProbeExample.dir/home/asger/pico/pico-sdk/src/common/pico_util/pheap.c.obj
 *fill*         0x00000000100015e6        0x2 
 .text.ph_clear
                0x00000000100015e8       0x70 CMakeFiles/picoProbeExample.dir/home/asger/pico/pico-sdk/src/common/pico_util/pheap.c.obj
                0x00000000100015e8                ph_clear
 .text.ph_post_alloc_init
                0x0000000010001658        0xe CMakeFiles/picoProbeExample.dir/home/asger/pico/pico-sdk/src/common/pico_util/pheap.c.obj
                0x0000000010001658                ph_post_alloc_init
 *fill*         0x0000000010001666        0x2 
 .text.ph_merge_two_pass
                0x0000000010001668       0xa8 CMakeFiles/picoProbeExample.dir/home/asger/pico/pico-sdk/src/common/pico_util/pheap.c.obj
                0x0000000010001668                ph_merge_two_pass
 .text.ph_remove_any_head
                0x0000000010001710      0x108 CMakeFiles/picoProbeExample.dir/home/asger/pico/pico-sdk/src/common/pico_util/pheap.c.obj
 .text.ph_remove_head
                0x0000000010001818       0x14 CMakeFiles/picoProbeExample.dir/home/asger/pico/pico-sdk/src/common/pico_util/pheap.c.obj
                0x0000000010001818                ph_remove_head
 .text.ph_remove_and_free_node
                0x000000001000182c       0xf8 CMakeFiles/picoProbeExample.dir/home/asger/pico/pico-sdk/src/common/pico_util/pheap.c.obj
                0x000000001000182c                ph_remove_and_free_node
 .text.mutex_init
                0x0000000010001924       0x1a CMakeFiles/picoProbeExample.dir/home/asger/pico/pico-sdk/src/common/pico_sync/mutex.c.obj
                0x0000000010001924                mutex_init
 .text.recursive_mutex_init
                0x000000001000193e       0x1e CMakeFiles/picoProbeExample.dir/home/asger/pico/pico-sdk/src/common/pico_sync/mutex.c.obj
                0x000000001000193e                recursive_mutex_init
 .text.uart_set_baudrate
                0x000000001000195c       0x5c CMakeFiles/picoProbeExample.dir/home/asger/pico/pico-sdk/src/rp2_common/hardware_uart/uart.c.obj
                0x000000001000195c                uart_set_baudrate
 .text.uart_set_translate_crlf
                0x00000000100019b8       0x28 CMakeFiles/picoProbeExample.dir/home/asger/pico/pico-sdk/src/rp2_common/hardware_uart/uart.c.obj
                0x00000000100019b8                uart_set_translate_crlf
 .text.uart_init
                0x00000000100019e0       0x80 CMakeFiles/picoProbeExample.dir/home/asger/pico/pico-sdk/src/rp2_common/hardware_uart/uart.c.obj
                0x00000000100019e0                uart_init
 .text._exit    0x0000000010001a60        0x4 CMakeFiles/picoProbeExample.dir/home/asger/pico/pico-sdk/src/rp2_common/pico_runtime/runtime.c.obj
                0x0000000010001a60                _exit
 .text.exit     0x0000000010001a64        0x6 CMakeFiles/picoProbeExample.dir/home/asger/pico/pico-sdk/src/rp2_common/pico_runtime/runtime.c.obj
                0x0000000010001a64                exit
 *fill*         0x0000000010001a6a        0x2 
 .text.__assert_func
                0x0000000010001a6c       0x3c CMakeFiles/picoProbeExample.dir/home/asger/pico/pico-sdk/src/rp2_common/pico_runtime/runtime.c.obj
                0x0000000010001a6c                __assert_func
 .text.runtime_init
                0x0000000010001aa8       0xf8 CMakeFiles/picoProbeExample.dir/home/asger/pico/pico-sdk/src/rp2_common/pico_runtime/runtime.c.obj
                0x0000000010001aa8                runtime_init
 .text.panic    0x0000000010001ba0       0x30 CMakeFiles/picoProbeExample.dir/home/asger/pico/pico-sdk/src/rp2_common/pico_runtime/runtime.c.obj
                0x0000000010001ba0                panic
 .text.clock_configure
                0x0000000010001bd0      0x104 CMakeFiles/picoProbeExample.dir/home/asger/pico/pico-sdk/src/rp2_common/hardware_clocks/clocks.c.obj
                0x0000000010001bd0                clock_configure
 .text.clocks_init
                0x0000000010001cd4      0x100 CMakeFiles/picoProbeExample.dir/home/asger/pico/pico-sdk/src/rp2_common/hardware_clocks/clocks.c.obj
                0x0000000010001cd4                clocks_init
 .text.clock_get_hz
                0x0000000010001dd4        0xc CMakeFiles/picoProbeExample.dir/home/asger/pico/pico-sdk/src/rp2_common/hardware_clocks/clocks.c.obj
                0x0000000010001dd4                clock_get_hz
 .text.pll_init
                0x0000000010001de0      0x140 CMakeFiles/picoProbeExample.dir/home/asger/pico/pico-sdk/src/rp2_common/hardware_pll/pll.c.obj
                0x0000000010001de0                pll_init
 .text.watchdog_start_tick
                0x0000000010001f20       0x10 CMakeFiles/picoProbeExample.dir/home/asger/pico/pico-sdk/src/rp2_common/hardware_watchdog/watchdog.c.obj
                0x0000000010001f20                watchdog_start_tick
 .text.xosc_init
                0x0000000010001f30       0x28 CMakeFiles/picoProbeExample.dir/home/asger/pico/pico-sdk/src/rp2_common/hardware_xosc/xosc.c.obj
                0x0000000010001f30                xosc_init
 .text._out_null
                0x0000000010001f58        0x2 CMakeFiles/picoProbeExample.dir/home/asger/pico/pico-sdk/src/rp2_common/pico_printf/printf.c.obj
 .text._out_fct
                0x0000000010001f5a        0xe CMakeFiles/picoProbeExample.dir/home/asger/pico/pico-sdk/src/rp2_common/pico_printf/printf.c.obj
 .text._atoi    0x0000000010001f68       0x24 CMakeFiles/picoProbeExample.dir/home/asger/pico/pico-sdk/src/rp2_common/pico_printf/printf.c.obj
 .text._out_rev
                0x0000000010001f8c       0xae CMakeFiles/picoProbeExample.dir/home/asger/pico/pico-sdk/src/rp2_common/pico_printf/printf.c.obj
 .text._ntoa_format
                0x000000001000203a      0x110 CMakeFiles/picoProbeExample.dir/home/asger/pico/pico-sdk/src/rp2_common/pico_printf/printf.c.obj
 .text._ntoa_long
                0x000000001000214a       0xbc CMakeFiles/picoProbeExample.dir/home/asger/pico/pico-sdk/src/rp2_common/pico_printf/printf.c.obj
 .text._ntoa_long_long
                0x0000000010002206       0xe2 CMakeFiles/picoProbeExample.dir/home/asger/pico/pico-sdk/src/rp2_common/pico_printf/printf.c.obj
 .text._etoa    0x00000000100022e8      0x40c CMakeFiles/picoProbeExample.dir/home/asger/pico/pico-sdk/src/rp2_common/pico_printf/printf.c.obj
 .text._ftoa    0x00000000100026f4      0x354 CMakeFiles/picoProbeExample.dir/home/asger/pico/pico-sdk/src/rp2_common/pico_printf/printf.c.obj
 .text._vsnprintf
                0x0000000010002a48      0x628 CMakeFiles/picoProbeExample.dir/home/asger/pico/pico-sdk/src/rp2_common/pico_printf/printf.c.obj
 .text.vfctprintf
                0x0000000010003070       0x20 CMakeFiles/picoProbeExample.dir/home/asger/pico/pico-sdk/src/rp2_common/pico_printf/printf.c.obj
                0x0000000010003070                vfctprintf
 .text          0x0000000010003090       0x10 CMakeFiles/picoProbeExample.dir/home/asger/pico/pico-sdk/src/rp2_common/pico_bit_ops/bit_ops_aeabi.S.obj
 .text.rom_func_lookup
                0x00000000100030a0       0x10 CMakeFiles/picoProbeExample.dir/home/asger/pico/pico-sdk/src/rp2_common/pico_bootrom/bootrom.c.obj
                0x00000000100030a0                rom_func_lookup
 .text.rom_data_lookup
                0x00000000100030b0       0x10 CMakeFiles/picoProbeExample.dir/home/asger/pico/pico-sdk/src/rp2_common/pico_bootrom/bootrom.c.obj
                0x00000000100030b0                rom_data_lookup
 .text.rom_funcs_lookup
                0x00000000100030c0       0x36 CMakeFiles/picoProbeExample.dir/home/asger/pico/pico-sdk/src/rp2_common/pico_bootrom/bootrom.c.obj
                0x00000000100030c0                rom_funcs_lookup
 *fill*         0x00000000100030f6        0x2 
 .text.__wrap___aeabi_idiv
                0x00000000100030f8       0x50 CMakeFiles/picoProbeExample.dir/home/asger/pico/pico-sdk/src/rp2_common/pico_divider/divider.S.obj
                0x00000000100030f8                __wrap___aeabi_idivmod
                0x00000000100030f8                divmod_s32s32
                0x00000000100030f8                div_s32s32
                0x00000000100030f8                __wrap___aeabi_idiv
                0x0000000010003100                divmod_s32s32_unsafe
                0x000000001000312c                divmod_s32s32_savestate
 .text.__wrap___aeabi_uidiv
                0x0000000010003148       0x4c CMakeFiles/picoProbeExample.dir/home/asger/pico/pico-sdk/src/rp2_common/pico_divider/divider.S.obj
                0x0000000010003148                __wrap___aeabi_uidiv
                0x0000000010003148                __wrap___aeabi_uidivmod
                0x0000000010003148                div_u32u32
                0x0000000010003148                divmod_u32u32
                0x0000000010003150                divmod_u32u32_unsafe
                0x0000000010003178                divmod_u32u32_savestate
 .text.__wrap___aeabi_ldiv
                0x0000000010003194      0x434 CMakeFiles/picoProbeExample.dir/home/asger/pico/pico-sdk/src/rp2_common/pico_divider/divider.S.obj
                0x0000000010003194                div_s64s64
                0x0000000010003194                divmod_s64s64
                0x0000000010003194                __wrap___aeabi_ldivmod
                0x00000000100031cc                div_u64u64
                0x00000000100031cc                divmod_u64u64
                0x00000000100031cc                __wrap___aeabi_uldivmod
                0x00000000100031dc                divmod_u64u64_savestate
                0x0000000010003204                divmod_s64s64_unsafe
                0x000000001000328c                divmod_u64u64_unsafe
 .text.__wrap___aeabi_darithmetic
                0x00000000100035c8       0x80 CMakeFiles/picoProbeExample.dir/home/asger/pico/pico-sdk/src/rp2_common/pico_double/double_aeabi.S.obj
                0x00000000100035c8                __wrap___aeabi_drsub
                0x00000000100035ce                __wrap___aeabi_dsub
                0x00000000100035e0                __wrap___aeabi_dadd
                0x00000000100035f2                __wrap___aeabi_ddiv
                0x000000001000362e                __wrap___aeabi_dmul
 .text.__wrap___aeabi_cdcmple
                0x0000000010003648       0x6c CMakeFiles/picoProbeExample.dir/home/asger/pico/pico-sdk/src/rp2_common/pico_double/double_aeabi.S.obj
                0x0000000010003648                __wrap___aeabi_cdrcmple
                0x0000000010003658                __wrap___aeabi_cdcmple
                0x0000000010003658                __wrap___aeabi_cdcmpeq
 .text.__wrap___aeabi_dcmplt
                0x00000000100036b4        0xc CMakeFiles/picoProbeExample.dir/home/asger/pico/pico-sdk/src/rp2_common/pico_double/double_aeabi.S.obj
                0x00000000100036b4                __wrap___aeabi_dcmplt
 .text.__wrap___aeabi_dcmple
                0x00000000100036c0       0x10 CMakeFiles/picoProbeExample.dir/home/asger/pico/pico-sdk/src/rp2_common/pico_double/double_aeabi.S.obj
                0x00000000100036c0                __wrap___aeabi_dcmple
 .text.__wrap___aeabi_dcmpge
                0x00000000100036d0       0x10 CMakeFiles/picoProbeExample.dir/home/asger/pico/pico-sdk/src/rp2_common/pico_double/double_aeabi.S.obj
                0x00000000100036d0                __wrap___aeabi_dcmpge
 .text.__wrap___aeabi_dcmpgt
                0x00000000100036e0        0xa CMakeFiles/picoProbeExample.dir/home/asger/pico/pico-sdk/src/rp2_common/pico_double/double_aeabi.S.obj
                0x00000000100036e0                __wrap___aeabi_dcmpgt
 .text.__wrap___aeabi_dcmpun
                0x00000000100036ea       0x1c CMakeFiles/picoProbeExample.dir/home/asger/pico/pico-sdk/src/rp2_common/pico_double/double_aeabi.S.obj
                0x00000000100036ea                __wrap___aeabi_dcmpun
 *fill*         0x0000000010003706        0x2 
 .text.__wrap___aeabi_i2d
                0x0000000010003708       0x38 CMakeFiles/picoProbeExample.dir/home/asger/pico/pico-sdk/src/rp2_common/pico_double/double_aeabi.S.obj
                0x0000000010003708                __wrap___aeabi_ui2d
                0x0000000010003710                __wrap___aeabi_i2d
 .text.__wrap___aeabi_d2iz
                0x0000000010003740       0x48 CMakeFiles/picoProbeExample.dir/home/asger/pico/pico-sdk/src/rp2_common/pico_double/double_aeabi.S.obj
                0x0000000010003740                __wrap___aeabi_d2iz
                0x0000000010003740                double2int_z
 .text.__wrap___aeabi_d2uiz
                0x0000000010003788       0x18 CMakeFiles/picoProbeExample.dir/home/asger/pico/pico-sdk/src/rp2_common/pico_double/double_aeabi.S.obj
                0x0000000010003788                double2uint
                0x0000000010003788                __wrap___aeabi_d2uiz
 .text.__aeabi_double_init
                0x00000000100037a0       0xc8 CMakeFiles/picoProbeExample.dir/home/asger/pico/pico-sdk/src/rp2_common/pico_double/double_init_rom.c.obj
                0x00000000100037a0                __aeabi_double_init
 .text.double_table_shim_on_use_helper
                0x0000000010003868       0x34 CMakeFiles/picoProbeExample.dir/home/asger/pico/pico-sdk/src/rp2_common/pico_double/double_v1_rom_shim.S.obj
                0x0000000010003868                double_table_shim_on_use_helper
 .text.__wrap___aeabi_dsub
                0x000000001000389c       0x10 CMakeFiles/picoProbeExample.dir/home/asger/pico/pico-sdk/src/rp2_common/pico_double/double_v1_rom_shim.S.obj
                0x000000001000389c                drsub_shim
                0x00000000100038a2                dsub_shim
 .text.dadd_shim
                0x00000000100038ac      0x15c CMakeFiles/picoProbeExample.dir/home/asger/pico/pico-sdk/src/rp2_common/pico_double/double_v1_rom_shim.S.obj
                0x00000000100038ac                dadd_shim
 .text.dmul_shim
                0x0000000010003a08      0x15c CMakeFiles/picoProbeExample.dir/home/asger/pico/pico-sdk/src/rp2_common/pico_double/double_v1_rom_shim.S.obj
                0x0000000010003a08                dmul_shim
 .text.ddiv_shim
                0x0000000010003b64      0x1b0 CMakeFiles/picoProbeExample.dir/home/asger/pico/pico-sdk/src/rp2_common/pico_double/double_v1_rom_shim.S.obj
                0x0000000010003b64                ddiv_shim
 .text.double2uint_shim
                0x0000000010003d14        0xe CMakeFiles/picoProbeExample.dir/home/asger/pico/pico-sdk/src/rp2_common/pico_double/double_v1_rom_shim.S.obj
                0x0000000010003d14                double2uint_shim
                0x0000000010003d16                double2ufix_shim
 *fill*         0x0000000010003d22        0x2 
 .text.double2uint64_shim
                0x0000000010003d24       0x70 CMakeFiles/picoProbeExample.dir/home/asger/pico/pico-sdk/src/rp2_common/pico_double/double_v1_rom_shim.S.obj
                0x0000000010003d24                double2uint64_shim
                0x0000000010003d26                double2ufix64_shim
                0x0000000010003d46                d2fix_a
 .text.dunpacks
                0x0000000010003d94       0x3c CMakeFiles/picoProbeExample.dir/home/asger/pico/pico-sdk/src/rp2_common/pico_double/double_v1_rom_shim.S.obj
                0x0000000010003d94                dunpacks
 .text.__aeabi_lmul
                0x0000000010003dd0       0x32 CMakeFiles/picoProbeExample.dir/home/asger/pico/pico-sdk/src/rp2_common/pico_int64_ops/pico_int64_ops_aeabi.S.obj
                0x0000000010003dd0                __wrap___aeabi_lmul
 *fill*         0x0000000010003e02        0x2 
 .text.__aeabi_float_init
                0x0000000010003e04       0xfc CMakeFiles/picoProbeExample.dir/home/asger/pico/pico-sdk/src/rp2_common/pico_float/float_init_rom.c.obj
                0x0000000010003e04                __aeabi_float_init
 .text.float_table_shim_on_use_helper
                0x0000000010003f00       0x34 CMakeFiles/picoProbeExample.dir/home/asger/pico/pico-sdk/src/rp2_common/pico_float/float_v1_rom_shim.S.obj
                0x0000000010003f00                float_table_shim_on_use_helper
 .text          0x0000000010003f34       0x10 CMakeFiles/picoProbeExample.dir/home/asger/pico/pico-sdk/src/rp2_common/pico_mem_ops/mem_ops_aeabi.S.obj
                0x0000000010003f34                __aeabi_mem_init
 .text.memset   0x0000000010003f44        0xc CMakeFiles/picoProbeExample.dir/home/asger/pico/pico-sdk/src/rp2_common/pico_mem_ops/mem_ops_aeabi.S.obj
                0x0000000010003f44                __wrap_memset
 .text.memcpy   0x0000000010003f50        0xc CMakeFiles/picoProbeExample.dir/home/asger/pico/pico-sdk/src/rp2_common/pico_mem_ops/mem_ops_aeabi.S.obj
                0x0000000010003f50                __wrap___aeabi_memcpy
                0x0000000010003f50                __wrap_memcpy
 .text.stdio_out_chars_no_crlf
                0x0000000010003f5c        0xe CMakeFiles/picoProbeExample.dir/home/asger/pico/pico-sdk/src/rp2_common/pico_stdio/stdio.c.obj
 *fill*         0x0000000010003f6a        0x2 
 .text.stdio_out_chars_crlf
                0x0000000010003f6c       0x80 CMakeFiles/picoProbeExample.dir/home/asger/pico/pico-sdk/src/rp2_common/pico_stdio/stdio.c.obj
 .text.stdio_stack_buffer_flush
                0x0000000010003fec       0x44 CMakeFiles/picoProbeExample.dir/home/asger/pico/pico-sdk/src/rp2_common/pico_stdio/stdio.c.obj
 .text.stdio_buffered_printer
                0x0000000010004030       0x20 CMakeFiles/picoProbeExample.dir/home/asger/pico/pico-sdk/src/rp2_common/pico_stdio/stdio.c.obj
 .text.stdout_serialize_begin
                0x0000000010004050       0x30 CMakeFiles/picoProbeExample.dir/home/asger/pico/pico-sdk/src/rp2_common/pico_stdio/stdio.c.obj
                0x0000000010004050                stdout_serialize_begin
 .text.stdout_serialize_end
                0x0000000010004080       0x10 CMakeFiles/picoProbeExample.dir/home/asger/pico/pico-sdk/src/rp2_common/pico_stdio/stdio.c.obj
                0x0000000010004080                stdout_serialize_end
 .text.stdio_put_string
                0x0000000010004090       0x98 CMakeFiles/picoProbeExample.dir/home/asger/pico/pico-sdk/src/rp2_common/pico_stdio/stdio.c.obj
 .text.stdio_set_driver_enabled
                0x0000000010004128       0x2c CMakeFiles/picoProbeExample.dir/home/asger/pico/pico-sdk/src/rp2_common/pico_stdio/stdio.c.obj
                0x0000000010004128                stdio_set_driver_enabled
 .text.stdio_flush
                0x0000000010004154       0x20 CMakeFiles/picoProbeExample.dir/home/asger/pico/pico-sdk/src/rp2_common/pico_stdio/stdio.c.obj
                0x0000000010004154                stdio_flush
 .text.__wrap_puts
                0x0000000010004174       0x1e CMakeFiles/picoProbeExample.dir/home/asger/pico/pico-sdk/src/rp2_common/pico_stdio/stdio.c.obj
                0x0000000010004174                __wrap_puts
 *fill*         0x0000000010004192        0x2 
 .text.__wrap_vprintf
                0x0000000010004194       0x44 CMakeFiles/picoProbeExample.dir/home/asger/pico/pico-sdk/src/rp2_common/pico_stdio/stdio.c.obj
                0x0000000010004194                __wrap_vprintf
 .text.__wrap_printf
                0x00000000100041d8       0x18 CMakeFiles/picoProbeExample.dir/home/asger/pico/pico-sdk/src/rp2_common/pico_stdio/stdio.c.obj
                0x00000000100041d8                __wrap_printf
 .text.stdio_init_all
                0x00000000100041f0        0x8 CMakeFiles/picoProbeExample.dir/home/asger/pico/pico-sdk/src/rp2_common/pico_stdio/stdio.c.obj
                0x00000000100041f0                stdio_init_all
 .text.stdio_uart_out_chars
                0x00000000100041f8       0x74 CMakeFiles/picoProbeExample.dir/home/asger/pico/pico-sdk/src/rp2_common/pico_stdio_uart/stdio_uart.c.obj
 .text.stdio_uart_in_chars
                0x000000001000426c       0x54 CMakeFiles/picoProbeExample.dir/home/asger/pico/pico-sdk/src/rp2_common/pico_stdio_uart/stdio_uart.c.obj
                0x000000001000426c                stdio_uart_in_chars
 .text.stdio_uart_init_full
                0x00000000100042c0       0x3c CMakeFiles/picoProbeExample.dir/home/asger/pico/pico-sdk/src/rp2_common/pico_stdio_uart/stdio_uart.c.obj
                0x00000000100042c0                stdio_uart_init_full
 .text.stdio_uart_init
                0x00000000100042fc       0x28 CMakeFiles/picoProbeExample.dir/home/asger/pico/pico-sdk/src/rp2_common/pico_stdio_uart/stdio_uart.c.obj
                0x00000000100042fc                stdio_uart_init
 .text          0x0000000010004324       0x68 /usr/lib/gcc/arm-none-eabi/9.2.1/../../../arm-none-eabi/lib/thumb/v6-m/nofp/libg.a(lib_a-strlen-stub.o)
                0x0000000010004324                strlen
 *(.fini)
 .fini          0x000000001000438c        0x4 /usr/lib/gcc/arm-none-eabi/9.2.1/thumb/v6-m/nofp/crti.o
                0x000000001000438c                _fini
 .fini.__stub   0x0000000010004390       0x50 linker stubs
 *crtbegin.o(.ctors)
 *crtbegin?.o(.ctors)
 *(EXCLUDE_FILE(*crtend.o *crtend?.o) .ctors)
 *(SORT_BY_NAME(.ctors.*))
 *(.ctors)
 *crtbegin.o(.dtors)
 *crtbegin?.o(.dtors)
 *(EXCLUDE_FILE(*crtend.o *crtend?.o) .dtors)
 *(SORT_BY_NAME(.dtors.*))
 *(.dtors)
 *(.eh_frame*)
 .eh_frame      0x00000000100043e0        0x0 /usr/lib/gcc/arm-none-eabi/9.2.1/thumb/v6-m/nofp/crtbegin.o
                0x00000000100043e0                . = ALIGN (0x4)

.glue_7         0x00000000100043e0        0x0
 .glue_7        0x00000000100043e0        0x0 linker stubs

.glue_7t        0x00000000100043e0        0x0
 .glue_7t       0x00000000100043e0        0x0 linker stubs

.vfp11_veneer   0x00000000100043e0        0x0
 .vfp11_veneer  0x00000000100043e0        0x0 linker stubs

.v4_bx          0x00000000100043e0        0x0
 .v4_bx         0x00000000100043e0        0x0 linker stubs

.iplt           0x00000000100043e0        0x0
 .iplt          0x00000000100043e0        0x0 /usr/lib/gcc/arm-none-eabi/9.2.1/thumb/v6-m/nofp/crtbegin.o

.rodata         0x00000000100043e0      0xee4
 *(EXCLUDE_FILE(*libm.a: *libc.a:*lib_a-mem*.o *libgcc.a:) .rodata*)
 .rodata.main.str1.4
                0x00000000100043e0       0x14 CMakeFiles/picoProbeExample.dir/picoProbeExample.c.obj
 .rodata.make_branch.str1.4
                0x00000000100043f4       0x6c CMakeFiles/picoProbeExample.dir/home/asger/pico/pico-sdk/src/rp2_common/hardware_irq/irq.c.obj
 .rodata.insert_branch_and_link.str1.4
                0x0000000010004460       0x10 CMakeFiles/picoProbeExample.dir/home/asger/pico/pico-sdk/src/rp2_common/hardware_irq/irq.c.obj
 .rodata.irq_set_exclusive_handler.str1.4
                0x0000000010004470       0x36 CMakeFiles/picoProbeExample.dir/home/asger/pico/pico-sdk/src/rp2_common/hardware_irq/irq.c.obj
 *fill*         0x00000000100044a6        0x2 
 .rodata.irq_add_shared_handler.str1.4
                0x00000000100044a8       0xd9 CMakeFiles/picoProbeExample.dir/home/asger/pico/pico-sdk/src/rp2_common/hardware_irq/irq.c.obj
 *fill*         0x0000000010004581        0x3 
 .rodata.irq_remove_handler.str1.4
                0x0000000010004584       0x2a CMakeFiles/picoProbeExample.dir/home/asger/pico/pico-sdk/src/rp2_common/hardware_irq/irq.c.obj
 *fill*         0x00000000100045ae        0x2 
 .rodata.irq_add_tail_to_free_list.str1.4
                0x00000000100045b0       0x3a CMakeFiles/picoProbeExample.dir/home/asger/pico/pico-sdk/src/rp2_common/hardware_irq/irq.c.obj
 *fill*         0x00000000100045ea        0x2 
 .rodata.__func__.4777
                0x00000000100045ec       0x1a CMakeFiles/picoProbeExample.dir/home/asger/pico/pico-sdk/src/rp2_common/hardware_irq/irq.c.obj
 *fill*         0x0000000010004606        0x2 
 .rodata.__func__.4791
                0x0000000010004608        0xc CMakeFiles/picoProbeExample.dir/home/asger/pico/pico-sdk/src/rp2_common/hardware_irq/irq.c.obj
 .rodata.__func__.4799
                0x0000000010004614       0x17 CMakeFiles/picoProbeExample.dir/home/asger/pico/pico-sdk/src/rp2_common/hardware_irq/irq.c.obj
 *fill*         0x000000001000462b        0x1 
 .rodata.__func__.4803
                0x000000001000462c        0xf CMakeFiles/picoProbeExample.dir/home/asger/pico/pico-sdk/src/rp2_common/hardware_irq/irq.c.obj
 *fill*         0x000000001000463b        0x1 
 .rodata.__func__.4842
                0x000000001000463c       0x13 CMakeFiles/picoProbeExample.dir/home/asger/pico/pico-sdk/src/rp2_common/hardware_irq/irq.c.obj
 *fill*         0x000000001000464f        0x1 
 .rodata.__func__.4864
                0x0000000010004650       0x1a CMakeFiles/picoProbeExample.dir/home/asger/pico/pico-sdk/src/rp2_common/hardware_irq/irq.c.obj
 *fill*         0x000000001000466a        0x2 
 .rodata.repeating_timer_callback.str1.4
                0x000000001000466c       0x4a CMakeFiles/picoProbeExample.dir/home/asger/pico/pico-sdk/src/common/pico_time/time.c.obj
 *fill*         0x00000000100046b6        0x2 
 .rodata.alarm_pool_dump_key.str1.4
                0x00000000100046b8       0x33 CMakeFiles/picoProbeExample.dir/home/asger/pico/pico-sdk/src/common/pico_time/time.c.obj
 *fill*         0x00000000100046eb        0x1 
 .rodata.ph_add_child_node.str1.4
                0x00000000100046ec       0x96 CMakeFiles/picoProbeExample.dir/home/asger/pico/pico-sdk/src/common/pico_time/time.c.obj
 *fill*         0x0000000010004782        0x2 
 .rodata.add_alarm_under_lock.str1.4
                0x0000000010004784       0x28 CMakeFiles/picoProbeExample.dir/home/asger/pico/pico-sdk/src/common/pico_time/time.c.obj
                                         0x2b (size before relaxing)
 .rodata.alarm_pool_alarm_callback.str1.4
                0x00000000100047ac       0xe2 CMakeFiles/picoProbeExample.dir/home/asger/pico/pico-sdk/src/common/pico_time/time.c.obj
 *fill*         0x000000001000488e        0x2 
 .rodata.alarm_pool_get_default.str1.4
                0x0000000010004890       0x21 CMakeFiles/picoProbeExample.dir/home/asger/pico/pico-sdk/src/common/pico_time/time.c.obj
 *fill*         0x00000000100048b1        0x3 
 .rodata.sleep_until.str1.4
                0x00000000100048b4       0x4d CMakeFiles/picoProbeExample.dir/home/asger/pico/pico-sdk/src/common/pico_time/time.c.obj
 *fill*         0x0000000010004901        0x3 
 .rodata.__func__.5701
                0x0000000010004904       0x15 CMakeFiles/picoProbeExample.dir/home/asger/pico/pico-sdk/src/common/pico_time/time.c.obj
 *fill*         0x0000000010004919        0x3 
 .rodata.__func__.6019
                0x000000001000491c        0xc CMakeFiles/picoProbeExample.dir/home/asger/pico/pico-sdk/src/common/pico_time/time.c.obj
 .rodata.__func__.6026
                0x0000000010004928       0x12 CMakeFiles/picoProbeExample.dir/home/asger/pico/pico-sdk/src/common/pico_time/time.c.obj
 *fill*         0x000000001000493a        0x2 
 .rodata.__func__.6042
                0x000000001000493c        0xf CMakeFiles/picoProbeExample.dir/home/asger/pico/pico-sdk/src/common/pico_time/time.c.obj
 *fill*         0x000000001000494b        0x1 
 .rodata.__func__.6064
                0x000000001000494c        0xd CMakeFiles/picoProbeExample.dir/home/asger/pico/pico-sdk/src/common/pico_time/time.c.obj
 *fill*         0x0000000010004959        0x3 
 .rodata.__func__.6287
                0x000000001000495c        0xa CMakeFiles/picoProbeExample.dir/home/asger/pico/pico-sdk/src/common/pico_time/time.c.obj
 *fill*         0x0000000010004966        0x2 
 .rodata.__func__.6292
                0x0000000010004968       0x12 CMakeFiles/picoProbeExample.dir/home/asger/pico/pico-sdk/src/common/pico_time/time.c.obj
 *fill*         0x000000001000497a        0x2 
 .rodata.__func__.6307
                0x000000001000497c       0x17 CMakeFiles/picoProbeExample.dir/home/asger/pico/pico-sdk/src/common/pico_time/time.c.obj
 *fill*         0x0000000010004993        0x1 
 .rodata.__func__.6318
                0x0000000010004994       0x15 CMakeFiles/picoProbeExample.dir/home/asger/pico/pico-sdk/src/common/pico_time/time.c.obj
 *fill*         0x00000000100049a9        0x3 
 .rodata.__func__.6335
                0x00000000100049ac       0x1a CMakeFiles/picoProbeExample.dir/home/asger/pico/pico-sdk/src/common/pico_time/time.c.obj
 *fill*         0x00000000100049c6        0x2 
 .rodata.hardware_alarm_claim.str1.4
                0x00000000100049c8       0x22 CMakeFiles/picoProbeExample.dir/home/asger/pico/pico-sdk/src/rp2_common/hardware_timer/timer.c.obj
 *fill*         0x00000000100049ea        0x2 
 .rodata.hardware_alarm_set_target.str1.4
                0x00000000100049ec       0x64 CMakeFiles/picoProbeExample.dir/home/asger/pico/pico-sdk/src/rp2_common/hardware_timer/timer.c.obj
 .rodata.__func__.4575
                0x0000000010004a50       0x1a CMakeFiles/picoProbeExample.dir/home/asger/pico/pico-sdk/src/rp2_common/hardware_timer/timer.c.obj
 .rodata.ph_add_child_node.str1.4
                0x0000000010004a6a       0x96 CMakeFiles/picoProbeExample.dir/home/asger/pico/pico-sdk/src/common/pico_util/pheap.c.obj
 *fill*         0x0000000010004a6a        0x2 
 .rodata.ph_remove_any_head.str1.4
                0x0000000010004a6c       0x8c CMakeFiles/picoProbeExample.dir/home/asger/pico/pico-sdk/src/common/pico_util/pheap.c.obj
 .rodata.ph_remove_and_free_node.str1.4
                0x0000000010004af8       0x1e CMakeFiles/picoProbeExample.dir/home/asger/pico/pico-sdk/src/common/pico_util/pheap.c.obj
                                         0x26 (size before relaxing)
 *fill*         0x0000000010004b16        0x2 
 .rodata.__func__.5717
                0x0000000010004b18        0xc CMakeFiles/picoProbeExample.dir/home/asger/pico/pico-sdk/src/common/pico_util/pheap.c.obj
 .rodata.__func__.5724
                0x0000000010004b24       0x12 CMakeFiles/picoProbeExample.dir/home/asger/pico/pico-sdk/src/common/pico_util/pheap.c.obj
 *fill*         0x0000000010004b36        0x2 
 .rodata.__func__.5810
                0x0000000010004b38       0x13 CMakeFiles/picoProbeExample.dir/home/asger/pico/pico-sdk/src/common/pico_util/pheap.c.obj
 *fill*         0x0000000010004b4b        0x1 
 .rodata.__func__.5828
                0x0000000010004b4c       0x18 CMakeFiles/picoProbeExample.dir/home/asger/pico/pico-sdk/src/common/pico_util/pheap.c.obj
 .rodata.str1.4
                0x0000000010004b64       0x89 CMakeFiles/picoProbeExample.dir/home/asger/pico/pico-sdk/src/common/pico_sync/mutex.c.obj
                                         0xe9 (size before relaxing)
 *fill*         0x0000000010004bed        0x3 
 .rodata.__func__.4709
                0x0000000010004bf0        0xb CMakeFiles/picoProbeExample.dir/home/asger/pico/pico-sdk/src/common/pico_sync/mutex.c.obj
 *fill*         0x0000000010004bfb        0x1 
 .rodata.__assert_func.str1.4
                0x0000000010004bfc       0x3f CMakeFiles/picoProbeExample.dir/home/asger/pico/pico-sdk/src/rp2_common/pico_runtime/runtime.c.obj
                                         0x43 (size before relaxing)
 *fill*         0x0000000010004c3b        0x1 
 .rodata.runtime_init.str1.4
                0x0000000010004c3c       0x60 CMakeFiles/picoProbeExample.dir/home/asger/pico/pico-sdk/src/rp2_common/pico_runtime/runtime.c.obj
 .rodata.panic.str1.4
                0x0000000010004c9c       0x12 CMakeFiles/picoProbeExample.dir/home/asger/pico/pico-sdk/src/rp2_common/pico_runtime/runtime.c.obj
 *fill*         0x0000000010004cae        0x2 
 .rodata.__func__.5835
                0x0000000010004cb0        0xd CMakeFiles/picoProbeExample.dir/home/asger/pico/pico-sdk/src/rp2_common/pico_runtime/runtime.c.obj
 *fill*         0x0000000010004cbd        0x3 
 .rodata.clock_configure.str1.4
                0x0000000010004cc0       0x56 CMakeFiles/picoProbeExample.dir/home/asger/pico/pico-sdk/src/rp2_common/hardware_clocks/clocks.c.obj
 *fill*         0x0000000010004d16        0x2 
 .rodata.__func__.4759
                0x0000000010004d18       0x10 CMakeFiles/picoProbeExample.dir/home/asger/pico/pico-sdk/src/rp2_common/hardware_clocks/clocks.c.obj
 .rodata.pll_init.str1.4
                0x0000000010004d28      0x137 CMakeFiles/picoProbeExample.dir/home/asger/pico/pico-sdk/src/rp2_common/hardware_pll/pll.c.obj
 *fill*         0x0000000010004e5f        0x1 
 .rodata.__func__.4416
                0x0000000010004e60        0x9 CMakeFiles/picoProbeExample.dir/home/asger/pico/pico-sdk/src/rp2_common/hardware_pll/pll.c.obj
 *fill*         0x0000000010004e69        0x3 
 .rodata._ftoa.str1.4
                0x0000000010004e6c       0x15 CMakeFiles/picoProbeExample.dir/home/asger/pico/pico-sdk/src/rp2_common/pico_printf/printf.c.obj
 *fill*         0x0000000010004e81        0x3 
 .rodata._vsnprintf
                0x0000000010004e84      0x1e0 CMakeFiles/picoProbeExample.dir/home/asger/pico/pico-sdk/src/rp2_common/pico_printf/printf.c.obj
 *fill*         0x0000000010005064        0x4 
 .rodata.pow10.5431
                0x0000000010005068       0x50 CMakeFiles/picoProbeExample.dir/home/asger/pico/pico-sdk/src/rp2_common/pico_printf/printf.c.obj
 .rodata.__aeabi_double_init.str1.4
                0x00000000100050b8       0xa7 CMakeFiles/picoProbeExample.dir/home/asger/pico/pico-sdk/src/rp2_common/pico_double/double_init_rom.c.obj
 *fill*         0x000000001000515f        0x1 
 .rodata.__func__.4728
                0x0000000010005160       0x14 CMakeFiles/picoProbeExample.dir/home/asger/pico/pico-sdk/src/rp2_common/pico_double/double_init_rom.c.obj
 .rodata.__aeabi_float_init.str1.4
                0x0000000010005174       0x79 CMakeFiles/picoProbeExample.dir/home/asger/pico/pico-sdk/src/rp2_common/pico_float/float_init_rom.c.obj
                                         0x7d (size before relaxing)
 *fill*         0x00000000100051ed        0x3 
 .rodata.__func__.4729
                0x00000000100051f0       0x13 CMakeFiles/picoProbeExample.dir/home/asger/pico/pico-sdk/src/rp2_common/pico_float/float_init_rom.c.obj
 *fill*         0x0000000010005203        0x1 
 .rodata.str1.4
                0x0000000010005204       0x4c CMakeFiles/picoProbeExample.dir/home/asger/pico/pico-sdk/src/rp2_common/pico_standard_link/binary_info.c.obj
 .rodata.__bi_44
                0x0000000010005250        0xc CMakeFiles/picoProbeExample.dir/home/asger/pico/pico-sdk/src/rp2_common/pico_standard_link/binary_info.c.obj
 .rodata.__bi_56
                0x000000001000525c        0xc CMakeFiles/picoProbeExample.dir/home/asger/pico/pico-sdk/src/rp2_common/pico_standard_link/binary_info.c.obj
 .rodata.__bi_75
                0x0000000010005268        0xc CMakeFiles/picoProbeExample.dir/home/asger/pico/pico-sdk/src/rp2_common/pico_standard_link/binary_info.c.obj
 .rodata.__bi_81
                0x0000000010005274        0xc CMakeFiles/picoProbeExample.dir/home/asger/pico/pico-sdk/src/rp2_common/pico_standard_link/binary_info.c.obj
 .rodata.crlf_str.6060
                0x0000000010005280        0x2 CMakeFiles/picoProbeExample.dir/home/asger/pico/pico-sdk/src/rp2_common/pico_stdio/stdio.c.obj
 *fill*         0x0000000010005282        0x2 
 .rodata.str1.4
                0x0000000010005284       0x2c CMakeFiles/picoProbeExample.dir/home/asger/pico/pico-sdk/src/rp2_common/pico_stdio_uart/stdio_uart.c.obj
 .rodata.__bi_28.4863
                0x00000000100052b0        0xc CMakeFiles/picoProbeExample.dir/home/asger/pico/pico-sdk/src/rp2_common/pico_stdio_uart/stdio_uart.c.obj
 .rodata.__bi_29.4867
                0x00000000100052bc        0x8 CMakeFiles/picoProbeExample.dir/home/asger/pico/pico-sdk/src/rp2_common/pico_stdio_uart/stdio_uart.c.obj
                0x00000000100052c4                . = ALIGN (0x4)
 *(SORT_BY_ALIGNMENT(SORT_BY_NAME(.flashdata*)))
                0x00000000100052c4                . = ALIGN (0x4)

.rel.dyn        0x00000000100052c4        0x0
 .rel.iplt      0x00000000100052c4        0x0 /usr/lib/gcc/arm-none-eabi/9.2.1/thumb/v6-m/nofp/crtbegin.o

.ARM.extab
 *(.ARM.extab* .gnu.linkonce.armextab.*)
                0x00000000100052c4                __exidx_start = .

.ARM.exidx
 *(.ARM.exidx* .gnu.linkonce.armexidx.*)
                0x00000000100052c4                __exidx_end = .
                0x00000000100052c4                . = ALIGN (0x4)
                0x00000000100052c4                __binary_info_start = .

.binary_info    0x00000000100052c4       0x28
 *(.binary_info.keep.*)
 .binary_info.keep.__bi_ptr22
                0x00000000100052c4        0x4 CMakeFiles/picoProbeExample.dir/home/asger/pico/pico-sdk/src/rp2_common/pico_standard_link/binary_info.c.obj
 .binary_info.keep.__bi_ptr30
                0x00000000100052c8        0x4 CMakeFiles/picoProbeExample.dir/home/asger/pico/pico-sdk/src/rp2_common/pico_standard_link/binary_info.c.obj
 .binary_info.keep.__bi_ptr38
                0x00000000100052cc        0x4 CMakeFiles/picoProbeExample.dir/home/asger/pico/pico-sdk/src/rp2_common/pico_standard_link/binary_info.c.obj
 .binary_info.keep.__bi_ptr44
                0x00000000100052d0        0x4 CMakeFiles/picoProbeExample.dir/home/asger/pico/pico-sdk/src/rp2_common/pico_standard_link/binary_info.c.obj
 .binary_info.keep.__bi_ptr50
                0x00000000100052d4        0x4 CMakeFiles/picoProbeExample.dir/home/asger/pico/pico-sdk/src/rp2_common/pico_standard_link/binary_info.c.obj
 .binary_info.keep.__bi_ptr56
                0x00000000100052d8        0x4 CMakeFiles/picoProbeExample.dir/home/asger/pico/pico-sdk/src/rp2_common/pico_standard_link/binary_info.c.obj
 .binary_info.keep.__bi_ptr75
                0x00000000100052dc        0x4 CMakeFiles/picoProbeExample.dir/home/asger/pico/pico-sdk/src/rp2_common/pico_standard_link/binary_info.c.obj
 .binary_info.keep.__bi_ptr81
                0x00000000100052e0        0x4 CMakeFiles/picoProbeExample.dir/home/asger/pico/pico-sdk/src/rp2_common/pico_standard_link/binary_info.c.obj
 *(.binary_info.*)
 .binary_info.__bi_ptr28
                0x00000000100052e4        0x4 CMakeFiles/picoProbeExample.dir/home/asger/pico/pico-sdk/src/rp2_common/pico_stdio_uart/stdio_uart.c.obj
 .binary_info.__bi_ptr29
                0x00000000100052e8        0x4 CMakeFiles/picoProbeExample.dir/home/asger/pico/pico-sdk/src/rp2_common/pico_stdio_uart/stdio_uart.c.obj
                0x00000000100052ec                __binary_info_end = .
                0x00000000100052ec                . = ALIGN (0x4)
                0x00000000100052ec                __etext = .

.ram_vector_table
                0x0000000020000000       0xc0
 *(.ram_vector_table)
 .ram_vector_table
                0x0000000020000000       0xc0 CMakeFiles/picoProbeExample.dir/home/asger/pico/pico-sdk/src/rp2_common/pico_runtime/runtime.c.obj
                0x0000000020000000                ram_vector_table

.data           0x00000000200000c0      0x1c0 load address 0x00000000100052ec
                0x00000000200000c0                __data_start__ = .
 *(vtable)
 *(.time_critical*)
 .time_critical.mutex_enter_blocking
                0x00000000200000c0       0x48 CMakeFiles/picoProbeExample.dir/home/asger/pico/pico-sdk/src/common/pico_sync/mutex.c.obj
                0x00000000200000c0                mutex_enter_blocking
 .time_critical.mutex_try_enter
                0x0000000020000108       0x48 CMakeFiles/picoProbeExample.dir/home/asger/pico/pico-sdk/src/common/pico_sync/mutex.c.obj
                0x0000000020000108                mutex_try_enter
 .time_critical.mutex_exit
                0x0000000020000150       0x4c CMakeFiles/picoProbeExample.dir/home/asger/pico/pico-sdk/src/common/pico_sync/mutex.c.obj
                0x0000000020000150                mutex_exit
 *(.text*)
 .text          0x000000002000019c        0x4 /usr/lib/gcc/arm-none-eabi/9.2.1/thumb/v6-m/nofp/libgcc.a(_dvmd_tls.o)
                0x000000002000019c                __aeabi_ldiv0
                0x000000002000019c                __aeabi_idiv0
 .text.__stub   0x00000000200001a0       0x10 linker stubs
                0x00000000200001b0                . = ALIGN (0x4)
 *(.rodata*)
                0x00000000200001b0                . = ALIGN (0x4)
 *(.data*)
 .data.striped_spin_lock_num
                0x00000000200001b0        0x1 CMakeFiles/picoProbeExample.dir/home/asger/pico/pico-sdk/src/rp2_common/hardware_sync/sync.c.obj
 *fill*         0x00000000200001b1        0x3 
 .data          0x00000000200001b4       0x48 CMakeFiles/picoProbeExample.dir/home/asger/pico/pico-sdk/src/rp2_common/hardware_irq/irq_handler_chain.S.obj
                0x00000000200001b4                irq_handler_chain_slots
                0x00000000200001e4                irq_handler_chain_first_slot
                0x00000000200001ee                irq_handler_chain_remove_tail
 .data.default_alarm_pool
                0x00000000200001fc       0x18 CMakeFiles/picoProbeExample.dir/home/asger/pico/pico-sdk/src/common/pico_time/time.c.obj
 .data.default_alarm_pool_heap
                0x0000000020000214       0x10 CMakeFiles/picoProbeExample.dir/home/asger/pico/pico-sdk/src/common/pico_time/time.c.obj
 *fill*         0x0000000020000224        0xc 
 .data.aeabi_bits_funcs
                0x0000000020000230       0x10 CMakeFiles/picoProbeExample.dir/home/asger/pico/pico-sdk/src/rp2_common/pico_bit_ops/bit_ops_aeabi.S.obj
                0x0000000020000230                aeabi_bits_funcs
                0x0000000020000240                aeabi_bits_funcs_end
 .data.aeabi_mem_funcs
                0x0000000020000240       0x10 CMakeFiles/picoProbeExample.dir/home/asger/pico/pico-sdk/src/rp2_common/pico_mem_ops/mem_ops_aeabi.S.obj
                0x0000000020000240                aeabi_mem_funcs
                0x0000000020000250                aeabi_mem_funcs_end
 .data.stdio_uart
                0x0000000020000250       0x14 CMakeFiles/picoProbeExample.dir/home/asger/pico/pico-sdk/src/rp2_common/pico_stdio_uart/stdio_uart.c.obj
                0x0000000020000250                stdio_uart
                0x0000000020000264                . = ALIGN (0x4)
 *(.after_data.*)
                0x0000000020000264                . = ALIGN (0x4)
                0x0000000020000264                PROVIDE (__mutex_array_start = .)
 *(SORT_BY_NAME(.mutex_array.*))
 *(.mutex_array)
 .mutex_array   0x0000000020000264        0x8 CMakeFiles/picoProbeExample.dir/home/asger/pico/pico-sdk/src/rp2_common/pico_stdio/stdio.c.obj
                0x000000002000026c                PROVIDE (__mutex_array_end = .)
                0x000000002000026c                . = ALIGN (0x4)
                0x000000002000026c                PROVIDE (__preinit_array_start = .)
 *(SORT_BY_NAME(.preinit_array.*))
 .preinit_array.00001
                0x000000002000026c        0x4 CMakeFiles/picoProbeExample.dir/home/asger/pico/pico-sdk/src/rp2_common/pico_mem_ops/mem_ops_aeabi.S.obj
 .preinit_array.00010
                0x0000000020000270        0x4 CMakeFiles/picoProbeExample.dir/home/asger/pico/pico-sdk/src/rp2_common/pico_bit_ops/bit_ops_aeabi.S.obj
 .preinit_array.00020
                0x0000000020000274        0x4 CMakeFiles/picoProbeExample.dir/home/asger/pico/pico-sdk/src/rp2_common/pico_double/double_aeabi.S.obj
 .preinit_array.00020
                0x0000000020000278        0x4 CMakeFiles/picoProbeExample.dir/home/asger/pico/pico-sdk/src/rp2_common/pico_float/float_aeabi.S.obj
 *(.preinit_array)
                0x000000002000027c                PROVIDE (__preinit_array_end = .)
                0x000000002000027c                . = ALIGN (0x4)
                0x000000002000027c                PROVIDE (__init_array_start = .)
 *(SORT_BY_NAME(.init_array.*))
 *(.init_array)
 .init_array    0x000000002000027c        0x4 /usr/lib/gcc/arm-none-eabi/9.2.1/thumb/v6-m/nofp/crtbegin.o
                0x0000000020000280                PROVIDE (__init_array_end = .)
                0x0000000020000280                . = ALIGN (0x4)
                0x0000000020000280                PROVIDE (__fini_array_start = .)
 *(SORT_BY_NAME(.fini_array.*))
 *(.fini_array)
                0x0000000020000280                PROVIDE (__fini_array_end = .)
 *(.jcr)
                0x0000000020000280                . = ALIGN (0x4)
                0x0000000020000280                __data_end__ = .

.tm_clone_table
                0x0000000020000280        0x0 load address 0x00000000100054ac
 .tm_clone_table
                0x0000000020000280        0x0 /usr/lib/gcc/arm-none-eabi/9.2.1/thumb/v6-m/nofp/crtbegin.o
 .tm_clone_table
                0x0000000020000280        0x0 /usr/lib/gcc/arm-none-eabi/9.2.1/thumb/v6-m/nofp/crtend.o

.igot.plt       0x0000000020000280        0x0 load address 0x00000000100054ac
 .igot.plt      0x0000000020000280        0x0 /usr/lib/gcc/arm-none-eabi/9.2.1/thumb/v6-m/nofp/crtbegin.o

.uninitialized_data
                0x0000000020000280        0x0 load address 0x00000000100054ac
                0x0000000020000280                . = ALIGN (0x4)
 *(.uninitialized_data*)

.scratch_x      0x0000000020040000        0x0 load address 0x00000000100054ac
                0x0000000020040000                __scratch_x_start__ = .
 *(.scratch_x.*)
                0x0000000020040000                . = ALIGN (0x4)
                0x0000000020040000                __scratch_x_end__ = .
                0x00000000100054ac                __scratch_x_source__ = LOADADDR (.scratch_x)

.scratch_y      0x0000000020041000        0x0 load address 0x00000000100054ac
                0x0000000020041000                __scratch_y_start__ = .
 *(.scratch_y.*)
                0x0000000020041000                . = ALIGN (0x4)
                0x0000000020041000                __scratch_y_end__ = .
                0x00000000100054ac                __scratch_y_source__ = LOADADDR (.scratch_y)

.bss            0x0000000020000280      0x3d0
                0x0000000020000280                . = ALIGN (0x4)
                0x0000000020000280                __bss_start__ = .
 *(SORT_BY_ALIGNMENT(SORT_BY_NAME(.bss*)))
 .bss.default_alarm_pool_entries
                0x0000000020000280      0x100 CMakeFiles/picoProbeExample.dir/home/asger/pico/pico-sdk/src/common/pico_time/time.c.obj
 .bss           0x0000000020000380       0x1c /usr/lib/gcc/arm-none-eabi/9.2.1/thumb/v6-m/nofp/crtbegin.o
 .bss.alarm_callbacks
                0x000000002000039c       0x10 CMakeFiles/picoProbeExample.dir/home/asger/pico/pico-sdk/src/rp2_common/hardware_timer/timer.c.obj
 .bss.configured_freq
                0x00000000200003ac       0x28 CMakeFiles/picoProbeExample.dir/home/asger/pico/pico-sdk/src/rp2_common/hardware_clocks/clocks.c.obj
 .bss.default_alarm_pool_entry_ids_high
                0x00000000200003d4       0x10 CMakeFiles/picoProbeExample.dir/home/asger/pico/pico-sdk/src/common/pico_time/time.c.obj
 .bss.default_alarm_pool_heap_nodes
                0x00000000200003e4       0x30 CMakeFiles/picoProbeExample.dir/home/asger/pico/pico-sdk/src/common/pico_time/time.c.obj
 .bss.drivers   0x0000000020000414        0x4 CMakeFiles/picoProbeExample.dir/home/asger/pico/pico-sdk/src/rp2_common/pico_stdio/stdio.c.obj
 .bss.filter    0x0000000020000418        0x4 CMakeFiles/picoProbeExample.dir/home/asger/pico/pico-sdk/src/rp2_common/pico_stdio/stdio.c.obj
 .bss.pools     0x000000002000041c       0x10 CMakeFiles/picoProbeExample.dir/home/asger/pico/pico-sdk/src/common/pico_time/time.c.obj
 .bss.sf_clz_func
                0x000000002000042c        0x4 CMakeFiles/picoProbeExample.dir/home/asger/pico/pico-sdk/src/rp2_common/pico_double/double_init_rom.c.obj
                0x000000002000042c                sf_clz_func
 .bss.sleep_notifier
                0x0000000020000430        0x4 CMakeFiles/picoProbeExample.dir/home/asger/pico/pico-sdk/src/common/pico_time/time.c.obj
 .bss.target_hi
                0x0000000020000434       0x10 CMakeFiles/picoProbeExample.dir/home/asger/pico/pico-sdk/src/rp2_common/hardware_timer/timer.c.obj
 .bss.uart_instance
                0x0000000020000444        0x4 CMakeFiles/picoProbeExample.dir/home/asger/pico/pico-sdk/src/rp2_common/pico_stdio_uart/stdio_uart.c.obj
 .bss.claimed   0x0000000020000448        0x1 CMakeFiles/picoProbeExample.dir/home/asger/pico/pico-sdk/src/rp2_common/hardware_timer/timer.c.obj
 .bss.irq_hander_chain_free_slot_head
                0x0000000020000449        0x1 CMakeFiles/picoProbeExample.dir/home/asger/pico/pico-sdk/src/rp2_common/hardware_irq/irq.c.obj
 .bss.timer_callbacks_pending
                0x000000002000044a        0x1 CMakeFiles/picoProbeExample.dir/home/asger/pico/pico-sdk/src/rp2_common/hardware_timer/timer.c.obj
 *(COMMON)
 *fill*         0x000000002000044b        0x1 
 COMMON         0x000000002000044c        0x4 CMakeFiles/picoProbeExample.dir/home/asger/pico/pico-sdk/src/rp2_common/hardware_uart/uart.c.obj
                0x000000002000044c                uart_char_to_line_feed
 COMMON         0x0000000020000450      0x100 CMakeFiles/picoProbeExample.dir/home/asger/pico/pico-sdk/src/rp2_common/pico_double/double_init_rom.c.obj
                0x0000000020000450                sd_table
 COMMON         0x0000000020000550      0x100 CMakeFiles/picoProbeExample.dir/home/asger/pico/pico-sdk/src/rp2_common/pico_float/float_init_rom.c.obj
                0x0000000020000550                sf_table
                0x0000000020000650                . = ALIGN (0x4)
                0x0000000020000650                __bss_end__ = .

.heap           0x0000000020000650      0x800
                0x0000000020000650                __end__ = .
                0x0000000020000650                end = __end__
 *(.heap*)
 .heap          0x0000000020000650      0x800 CMakeFiles/picoProbeExample.dir/home/asger/pico/pico-sdk/src/rp2_common/pico_standard_link/crt0.S.obj
                0x0000000020000e50                __HeapLimit = .

.stack1_dummy   0x0000000020040000        0x0
 *(.stack1*)

.stack_dummy    0x0000000020041000      0x800
 *(.stack*)
 .stack         0x0000000020041000      0x800 CMakeFiles/picoProbeExample.dir/home/asger/pico/pico-sdk/src/rp2_common/pico_standard_link/crt0.S.obj

.flash_end      0x00000000100054ac        0x0
                0x00000000100054ac                __flash_binary_end = .
                0x0000000020040000                __StackLimit = (ORIGIN (RAM) + LENGTH (RAM))
                0x0000000020041000                __StackOneTop = (ORIGIN (SCRATCH_X) + LENGTH (SCRATCH_X))
                0x0000000020042000                __StackTop = (ORIGIN (SCRATCH_Y) + LENGTH (SCRATCH_Y))
                0x0000000020041000                __StackOneBottom = (__StackOneTop - SIZEOF (.stack1_dummy))
                0x0000000020041800                __StackBottom = (__StackTop - SIZEOF (.stack_dummy))
                0x0000000020042000                PROVIDE (__stack = __StackTop)
                0x0000000000000001                ASSERT ((__StackLimit >= __HeapLimit), region RAM overflowed)
                0x0000000000000001                ASSERT (((__binary_info_header_end - __logical_binary_start) <= 0x100), Binary info must be in first 256 bytes of the binary)
LOAD CMakeFiles/picoProbeExample.dir/picoProbeExample.c.obj
LOAD CMakeFiles/picoProbeExample.dir/home/asger/pico/pico-sdk/src/rp2_common/pico_stdlib/stdlib.c.obj
LOAD CMakeFiles/picoProbeExample.dir/home/asger/pico/pico-sdk/src/rp2_common/hardware_gpio/gpio.c.obj
LOAD CMakeFiles/picoProbeExample.dir/home/asger/pico/pico-sdk/src/rp2_common/hardware_claim/claim.c.obj
LOAD CMakeFiles/picoProbeExample.dir/home/asger/pico/pico-sdk/src/rp2_common/pico_platform/platform.c.obj
LOAD CMakeFiles/picoProbeExample.dir/home/asger/pico/pico-sdk/src/rp2_common/hardware_sync/sync.c.obj
LOAD CMakeFiles/picoProbeExample.dir/home/asger/pico/pico-sdk/src/rp2_common/hardware_irq/irq.c.obj
LOAD CMakeFiles/picoProbeExample.dir/home/asger/pico/pico-sdk/src/rp2_common/hardware_irq/irq_handler_chain.S.obj
LOAD CMakeFiles/picoProbeExample.dir/home/asger/pico/pico-sdk/src/common/pico_sync/sem.c.obj
LOAD CMakeFiles/picoProbeExample.dir/home/asger/pico/pico-sdk/src/common/pico_sync/lock_core.c.obj
LOAD CMakeFiles/picoProbeExample.dir/home/asger/pico/pico-sdk/src/common/pico_time/time.c.obj
LOAD CMakeFiles/picoProbeExample.dir/home/asger/pico/pico-sdk/src/common/pico_time/timeout_helper.c.obj
LOAD CMakeFiles/picoProbeExample.dir/home/asger/pico/pico-sdk/src/rp2_common/hardware_timer/timer.c.obj
LOAD CMakeFiles/picoProbeExample.dir/home/asger/pico/pico-sdk/src/common/pico_util/datetime.c.obj
LOAD CMakeFiles/picoProbeExample.dir/home/asger/pico/pico-sdk/src/common/pico_util/pheap.c.obj
LOAD CMakeFiles/picoProbeExample.dir/home/asger/pico/pico-sdk/src/common/pico_util/queue.c.obj
LOAD CMakeFiles/picoProbeExample.dir/home/asger/pico/pico-sdk/src/common/pico_sync/mutex.c.obj
LOAD CMakeFiles/picoProbeExample.dir/home/asger/pico/pico-sdk/src/common/pico_sync/critical_section.c.obj
LOAD CMakeFiles/picoProbeExample.dir/home/asger/pico/pico-sdk/src/rp2_common/hardware_uart/uart.c.obj
LOAD CMakeFiles/picoProbeExample.dir/home/asger/pico/pico-sdk/src/rp2_common/hardware_divider/divider.S.obj
LOAD CMakeFiles/picoProbeExample.dir/home/asger/pico/pico-sdk/src/rp2_common/pico_runtime/runtime.c.obj
LOAD CMakeFiles/picoProbeExample.dir/home/asger/pico/pico-sdk/src/rp2_common/hardware_clocks/clocks.c.obj
LOAD CMakeFiles/picoProbeExample.dir/home/asger/pico/pico-sdk/src/rp2_common/hardware_pll/pll.c.obj
LOAD CMakeFiles/picoProbeExample.dir/home/asger/pico/pico-sdk/src/rp2_common/hardware_vreg/vreg.c.obj
LOAD CMakeFiles/picoProbeExample.dir/home/asger/pico/pico-sdk/src/rp2_common/hardware_watchdog/watchdog.c.obj
LOAD CMakeFiles/picoProbeExample.dir/home/asger/pico/pico-sdk/src/rp2_common/hardware_xosc/xosc.c.obj
LOAD CMakeFiles/picoProbeExample.dir/home/asger/pico/pico-sdk/src/rp2_common/pico_printf/printf.c.obj
LOAD CMakeFiles/picoProbeExample.dir/home/asger/pico/pico-sdk/src/rp2_common/pico_bit_ops/bit_ops_aeabi.S.obj
LOAD CMakeFiles/picoProbeExample.dir/home/asger/pico/pico-sdk/src/rp2_common/pico_bootrom/bootrom.c.obj
LOAD CMakeFiles/picoProbeExample.dir/home/asger/pico/pico-sdk/src/rp2_common/pico_divider/divider.S.obj
LOAD CMakeFiles/picoProbeExample.dir/home/asger/pico/pico-sdk/src/rp2_common/pico_double/double_aeabi.S.obj
LOAD CMakeFiles/picoProbeExample.dir/home/asger/pico/pico-sdk/src/rp2_common/pico_double/double_init_rom.c.obj
LOAD CMakeFiles/picoProbeExample.dir/home/asger/pico/pico-sdk/src/rp2_common/pico_double/double_math.c.obj
LOAD CMakeFiles/picoProbeExample.dir/home/asger/pico/pico-sdk/src/rp2_common/pico_double/double_v1_rom_shim.S.obj
LOAD CMakeFiles/picoProbeExample.dir/home/asger/pico/pico-sdk/src/rp2_common/pico_int64_ops/pico_int64_ops_aeabi.S.obj
LOAD CMakeFiles/picoProbeExample.dir/home/asger/pico/pico-sdk/src/rp2_common/pico_float/float_aeabi.S.obj
LOAD CMakeFiles/picoProbeExample.dir/home/asger/pico/pico-sdk/src/rp2_common/pico_float/float_init_rom.c.obj
LOAD CMakeFiles/picoProbeExample.dir/home/asger/pico/pico-sdk/src/rp2_common/pico_float/float_math.c.obj
LOAD CMakeFiles/picoProbeExample.dir/home/asger/pico/pico-sdk/src/rp2_common/pico_float/float_v1_rom_shim.S.obj
LOAD CMakeFiles/picoProbeExample.dir/home/asger/pico/pico-sdk/src/rp2_common/pico_malloc/pico_malloc.c.obj
LOAD CMakeFiles/picoProbeExample.dir/home/asger/pico/pico-sdk/src/rp2_common/pico_mem_ops/mem_ops_aeabi.S.obj
LOAD CMakeFiles/picoProbeExample.dir/home/asger/pico/pico-sdk/src/rp2_common/pico_standard_link/crt0.S.obj
LOAD CMakeFiles/picoProbeExample.dir/home/asger/pico/pico-sdk/src/rp2_common/pico_standard_link/new_delete.cpp.obj
LOAD CMakeFiles/picoProbeExample.dir/home/asger/pico/pico-sdk/src/rp2_common/pico_standard_link/binary_info.c.obj
LOAD CMakeFiles/picoProbeExample.dir/home/asger/pico/pico-sdk/src/rp2_common/pico_stdio/stdio.c.obj
LOAD CMakeFiles/picoProbeExample.dir/home/asger/pico/pico-sdk/src/rp2_common/pico_stdio_uart/stdio_uart.c.obj
LOAD /tmp/ccTWMeBu.o
LOAD /usr/lib/gcc/arm-none-eabi/9.2.1/../../../arm-none-eabi/lib/thumb/v6-m/nofp/libstdc++.a
LOAD /usr/lib/gcc/arm-none-eabi/9.2.1/../../../arm-none-eabi/lib/thumb/v6-m/nofp/libm.a
START GROUP
LOAD /usr/lib/gcc/arm-none-eabi/9.2.1/thumb/v6-m/nofp/libgcc.a
LOAD /usr/lib/gcc/arm-none-eabi/9.2.1/../../../arm-none-eabi/lib/thumb/v6-m/nofp/libg.a
LOAD /usr/lib/gcc/arm-none-eabi/9.2.1/../../../arm-none-eabi/lib/thumb/v6-m/nofp/libc.a
END GROUP
START GROUP
LOAD /usr/lib/gcc/arm-none-eabi/9.2.1/thumb/v6-m/nofp/libgcc.a
LOAD /usr/lib/gcc/arm-none-eabi/9.2.1/../../../arm-none-eabi/lib/thumb/v6-m/nofp/libc.a
LOAD /usr/lib/gcc/arm-none-eabi/9.2.1/../../../arm-none-eabi/lib/thumb/v6-m/nofp/libnosys.a
END GROUP
LOAD /usr/lib/gcc/arm-none-eabi/9.2.1/thumb/v6-m/nofp/crtend.o
LOAD /usr/lib/gcc/arm-none-eabi/9.2.1/thumb/v6-m/nofp/crtn.o
OUTPUT(picoProbeExample.elf elf32-littlearm)
LOAD linker stubs

.ARM.attributes
                0x0000000000000000       0x28
 .ARM.attributes
                0x0000000000000000       0x1e /usr/lib/gcc/arm-none-eabi/9.2.1/thumb/v6-m/nofp/crti.o
 .ARM.attributes
                0x000000000000001e       0x2c /usr/lib/gcc/arm-none-eabi/9.2.1/thumb/v6-m/nofp/crtbegin.o
 .ARM.attributes
                0x000000000000004a       0x2c CMakeFiles/picoProbeExample.dir/picoProbeExample.c.obj
 .ARM.attributes
                0x0000000000000076       0x2c CMakeFiles/picoProbeExample.dir/home/asger/pico/pico-sdk/src/rp2_common/hardware_gpio/gpio.c.obj
 .ARM.attributes
                0x00000000000000a2       0x2c CMakeFiles/picoProbeExample.dir/home/asger/pico/pico-sdk/src/rp2_common/hardware_claim/claim.c.obj
 .ARM.attributes
                0x00000000000000ce       0x2c CMakeFiles/picoProbeExample.dir/home/asger/pico/pico-sdk/src/rp2_common/pico_platform/platform.c.obj
 .ARM.attributes
                0x00000000000000fa       0x2c CMakeFiles/picoProbeExample.dir/home/asger/pico/pico-sdk/src/rp2_common/hardware_sync/sync.c.obj
 .ARM.attributes
                0x0000000000000126       0x2c CMakeFiles/picoProbeExample.dir/home/asger/pico/pico-sdk/src/rp2_common/hardware_irq/irq.c.obj
 .ARM.attributes
                0x0000000000000152       0x22 CMakeFiles/picoProbeExample.dir/home/asger/pico/pico-sdk/src/rp2_common/hardware_irq/irq_handler_chain.S.obj
 .ARM.attributes
                0x0000000000000174       0x2c CMakeFiles/picoProbeExample.dir/home/asger/pico/pico-sdk/src/common/pico_sync/lock_core.c.obj
 .ARM.attributes
                0x00000000000001a0       0x2c CMakeFiles/picoProbeExample.dir/home/asger/pico/pico-sdk/src/common/pico_time/time.c.obj
 .ARM.attributes
                0x00000000000001cc       0x2c CMakeFiles/picoProbeExample.dir/home/asger/pico/pico-sdk/src/rp2_common/hardware_timer/timer.c.obj
 .ARM.attributes
                0x00000000000001f8       0x2c CMakeFiles/picoProbeExample.dir/home/asger/pico/pico-sdk/src/common/pico_util/pheap.c.obj
 .ARM.attributes
                0x0000000000000224       0x2c CMakeFiles/picoProbeExample.dir/home/asger/pico/pico-sdk/src/common/pico_sync/mutex.c.obj
 .ARM.attributes
                0x0000000000000250       0x2c CMakeFiles/picoProbeExample.dir/home/asger/pico/pico-sdk/src/rp2_common/hardware_uart/uart.c.obj
 .ARM.attributes
                0x000000000000027c       0x2c CMakeFiles/picoProbeExample.dir/home/asger/pico/pico-sdk/src/rp2_common/pico_runtime/runtime.c.obj
 .ARM.attributes
                0x00000000000002a8       0x2c CMakeFiles/picoProbeExample.dir/home/asger/pico/pico-sdk/src/rp2_common/hardware_clocks/clocks.c.obj
 .ARM.attributes
                0x00000000000002d4       0x2c CMakeFiles/picoProbeExample.dir/home/asger/pico/pico-sdk/src/rp2_common/hardware_pll/pll.c.obj
 .ARM.attributes
                0x0000000000000300       0x2c CMakeFiles/picoProbeExample.dir/home/asger/pico/pico-sdk/src/rp2_common/hardware_watchdog/watchdog.c.obj
 .ARM.attributes
                0x000000000000032c       0x2c CMakeFiles/picoProbeExample.dir/home/asger/pico/pico-sdk/src/rp2_common/hardware_xosc/xosc.c.obj
 .ARM.attributes
                0x0000000000000358       0x2c CMakeFiles/picoProbeExample.dir/home/asger/pico/pico-sdk/src/rp2_common/pico_printf/printf.c.obj
 .ARM.attributes
                0x0000000000000384       0x22 CMakeFiles/picoProbeExample.dir/home/asger/pico/pico-sdk/src/rp2_common/pico_bit_ops/bit_ops_aeabi.S.obj
 .ARM.attributes
                0x00000000000003a6       0x2c CMakeFiles/picoProbeExample.dir/home/asger/pico/pico-sdk/src/rp2_common/pico_bootrom/bootrom.c.obj
 .ARM.attributes
                0x00000000000003d2       0x22 CMakeFiles/picoProbeExample.dir/home/asger/pico/pico-sdk/src/rp2_common/pico_divider/divider.S.obj
 .ARM.attributes
                0x00000000000003f4       0x22 CMakeFiles/picoProbeExample.dir/home/asger/pico/pico-sdk/src/rp2_common/pico_double/double_aeabi.S.obj
 .ARM.attributes
                0x0000000000000416       0x2c CMakeFiles/picoProbeExample.dir/home/asger/pico/pico-sdk/src/rp2_common/pico_double/double_init_rom.c.obj
 .ARM.attributes
                0x0000000000000442       0x22 CMakeFiles/picoProbeExample.dir/home/asger/pico/pico-sdk/src/rp2_common/pico_double/double_v1_rom_shim.S.obj
 .ARM.attributes
                0x0000000000000464       0x22 CMakeFiles/picoProbeExample.dir/home/asger/pico/pico-sdk/src/rp2_common/pico_int64_ops/pico_int64_ops_aeabi.S.obj
 .ARM.attributes
                0x0000000000000486       0x22 CMakeFiles/picoProbeExample.dir/home/asger/pico/pico-sdk/src/rp2_common/pico_float/float_aeabi.S.obj
 .ARM.attributes
                0x00000000000004a8       0x2c CMakeFiles/picoProbeExample.dir/home/asger/pico/pico-sdk/src/rp2_common/pico_float/float_init_rom.c.obj
 .ARM.attributes
                0x00000000000004d4       0x22 CMakeFiles/picoProbeExample.dir/home/asger/pico/pico-sdk/src/rp2_common/pico_float/float_v1_rom_shim.S.obj
 .ARM.attributes
                0x00000000000004f6       0x22 CMakeFiles/picoProbeExample.dir/home/asger/pico/pico-sdk/src/rp2_common/pico_mem_ops/mem_ops_aeabi.S.obj
 .ARM.attributes
                0x0000000000000518       0x22 CMakeFiles/picoProbeExample.dir/home/asger/pico/pico-sdk/src/rp2_common/pico_standard_link/crt0.S.obj
 .ARM.attributes
                0x000000000000053a       0x32 CMakeFiles/picoProbeExample.dir/home/asger/pico/pico-sdk/src/rp2_common/pico_standard_link/binary_info.c.obj
 .ARM.attributes
                0x000000000000056c       0x2c CMakeFiles/picoProbeExample.dir/home/asger/pico/pico-sdk/src/rp2_common/pico_stdio/stdio.c.obj
 .ARM.attributes
                0x0000000000000598       0x2c CMakeFiles/picoProbeExample.dir/home/asger/pico/pico-sdk/src/rp2_common/pico_stdio_uart/stdio_uart.c.obj
 .ARM.attributes
                0x00000000000005c4       0x22 /tmp/ccTWMeBu.o
 .ARM.attributes
                0x00000000000005e6       0x1e /usr/lib/gcc/arm-none-eabi/9.2.1/thumb/v6-m/nofp/libgcc.a(_dvmd_tls.o)
 .ARM.attributes
                0x0000000000000604       0x2c /usr/lib/gcc/arm-none-eabi/9.2.1/../../../arm-none-eabi/lib/thumb/v6-m/nofp/libg.a(lib_a-strlen-stub.o)
 .ARM.attributes
                0x0000000000000630       0x2c /usr/lib/gcc/arm-none-eabi/9.2.1/thumb/v6-m/nofp/crtend.o

.comment        0x0000000000000000       0xa7
 .comment       0x0000000000000000       0x59 /usr/lib/gcc/arm-none-eabi/9.2.1/thumb/v6-m/nofp/crtbegin.o
                                         0x5a (size before relaxing)
 .comment       0x0000000000000059       0x5a CMakeFiles/picoProbeExample.dir/picoProbeExample.c.obj
 .comment       0x0000000000000059       0x5a CMakeFiles/picoProbeExample.dir/home/asger/pico/pico-sdk/src/rp2_common/hardware_gpio/gpio.c.obj
 .comment       0x0000000000000059       0x5a CMakeFiles/picoProbeExample.dir/home/asger/pico/pico-sdk/src/rp2_common/hardware_claim/claim.c.obj
 .comment       0x0000000000000059       0x5a CMakeFiles/picoProbeExample.dir/home/asger/pico/pico-sdk/src/rp2_common/pico_platform/platform.c.obj
 .comment       0x0000000000000059       0x5a CMakeFiles/picoProbeExample.dir/home/asger/pico/pico-sdk/src/rp2_common/hardware_sync/sync.c.obj
 .comment       0x0000000000000059       0x5a CMakeFiles/picoProbeExample.dir/home/asger/pico/pico-sdk/src/rp2_common/hardware_irq/irq.c.obj
 .comment       0x0000000000000059       0x5a CMakeFiles/picoProbeExample.dir/home/asger/pico/pico-sdk/src/common/pico_sync/lock_core.c.obj
 .comment       0x0000000000000059       0x5a CMakeFiles/picoProbeExample.dir/home/asger/pico/pico-sdk/src/common/pico_time/time.c.obj
 .comment       0x0000000000000059       0x5a CMakeFiles/picoProbeExample.dir/home/asger/pico/pico-sdk/src/rp2_common/hardware_timer/timer.c.obj
 .comment       0x0000000000000059       0x5a CMakeFiles/picoProbeExample.dir/home/asger/pico/pico-sdk/src/common/pico_util/pheap.c.obj
 .comment       0x0000000000000059       0x5a CMakeFiles/picoProbeExample.dir/home/asger/pico/pico-sdk/src/common/pico_sync/mutex.c.obj
 .comment       0x0000000000000059       0x5a CMakeFiles/picoProbeExample.dir/home/asger/pico/pico-sdk/src/rp2_common/hardware_uart/uart.c.obj
 .comment       0x0000000000000059       0x5a CMakeFiles/picoProbeExample.dir/home/asger/pico/pico-sdk/src/rp2_common/pico_runtime/runtime.c.obj
 .comment       0x0000000000000059       0x5a CMakeFiles/picoProbeExample.dir/home/asger/pico/pico-sdk/src/rp2_common/hardware_clocks/clocks.c.obj
 .comment       0x0000000000000059       0x5a CMakeFiles/picoProbeExample.dir/home/asger/pico/pico-sdk/src/rp2_common/hardware_pll/pll.c.obj
 .comment       0x0000000000000059       0x5a CMakeFiles/picoProbeExample.dir/home/asger/pico/pico-sdk/src/rp2_common/hardware_watchdog/watchdog.c.obj
 .comment       0x0000000000000059       0x5a CMakeFiles/picoProbeExample.dir/home/asger/pico/pico-sdk/src/rp2_common/hardware_xosc/xosc.c.obj
 .comment       0x0000000000000059       0x5a CMakeFiles/picoProbeExample.dir/home/asger/pico/pico-sdk/src/rp2_common/pico_printf/printf.c.obj
 .comment       0x0000000000000059       0x5a CMakeFiles/picoProbeExample.dir/home/asger/pico/pico-sdk/src/rp2_common/pico_bootrom/bootrom.c.obj
 .comment       0x0000000000000059       0x5a CMakeFiles/picoProbeExample.dir/home/asger/pico/pico-sdk/src/rp2_common/pico_double/double_init_rom.c.obj
 .comment       0x0000000000000059       0x5a CMakeFiles/picoProbeExample.dir/home/asger/pico/pico-sdk/src/rp2_common/pico_float/float_init_rom.c.obj
 .comment       0x0000000000000059       0x5a CMakeFiles/picoProbeExample.dir/home/asger/pico/pico-sdk/src/rp2_common/pico_standard_link/binary_info.c.obj
 .comment       0x0000000000000059       0x5a CMakeFiles/picoProbeExample.dir/home/asger/pico/pico-sdk/src/rp2_common/pico_stdio/stdio.c.obj
 .comment       0x0000000000000059       0x5a CMakeFiles/picoProbeExample.dir/home/asger/pico/pico-sdk/src/rp2_common/pico_stdio_uart/stdio_uart.c.obj
 .comment       0x0000000000000059       0x4e /usr/lib/gcc/arm-none-eabi/9.2.1/../../../arm-none-eabi/lib/thumb/v6-m/nofp/libg.a(lib_a-strlen-stub.o)
                                         0x4f (size before relaxing)
 .comment       0x00000000000000a7       0x5a /usr/lib/gcc/arm-none-eabi/9.2.1/thumb/v6-m/nofp/crtend.o

.debug_info     0x0000000000000000    0x190cc
 .debug_info    0x0000000000000000      0xf63 CMakeFiles/picoProbeExample.dir/picoProbeExample.c.obj
 .debug_info    0x0000000000000f63     0x16b3 CMakeFiles/picoProbeExample.dir/home/asger/pico/pico-sdk/src/rp2_common/hardware_gpio/gpio.c.obj
 .debug_info    0x0000000000002616      0x6a3 CMakeFiles/picoProbeExample.dir/home/asger/pico/pico-sdk/src/rp2_common/hardware_claim/claim.c.obj
 .debug_info    0x0000000000002cb9      0x1cb CMakeFiles/picoProbeExample.dir/home/asger/pico/pico-sdk/src/rp2_common/pico_platform/platform.c.obj
 .debug_info    0x0000000000002e84      0x576 CMakeFiles/picoProbeExample.dir/home/asger/pico/pico-sdk/src/rp2_common/hardware_sync/sync.c.obj
 .debug_info    0x00000000000033fa     0x1c3b CMakeFiles/picoProbeExample.dir/home/asger/pico/pico-sdk/src/rp2_common/hardware_irq/irq.c.obj
 .debug_info    0x0000000000005035       0x26 CMakeFiles/picoProbeExample.dir/home/asger/pico/pico-sdk/src/rp2_common/hardware_irq/irq_handler_chain.S.obj
 .debug_info    0x000000000000505b      0x1e4 CMakeFiles/picoProbeExample.dir/home/asger/pico/pico-sdk/src/common/pico_sync/lock_core.c.obj
 .debug_info    0x000000000000523f     0x435e CMakeFiles/picoProbeExample.dir/home/asger/pico/pico-sdk/src/common/pico_time/time.c.obj
 .debug_info    0x000000000000959d     0x10e6 CMakeFiles/picoProbeExample.dir/home/asger/pico/pico-sdk/src/rp2_common/hardware_timer/timer.c.obj
 .debug_info    0x000000000000a683     0x1aa5 CMakeFiles/picoProbeExample.dir/home/asger/pico/pico-sdk/src/common/pico_util/pheap.c.obj
 .debug_info    0x000000000000c128     0x1feb CMakeFiles/picoProbeExample.dir/home/asger/pico/pico-sdk/src/common/pico_sync/mutex.c.obj
 .debug_info    0x000000000000e113      0xb2e CMakeFiles/picoProbeExample.dir/home/asger/pico/pico-sdk/src/rp2_common/hardware_uart/uart.c.obj
 .debug_info    0x000000000000ec41     0x1355 CMakeFiles/picoProbeExample.dir/home/asger/pico/pico-sdk/src/rp2_common/pico_runtime/runtime.c.obj
 .debug_info    0x000000000000ff96      0xef9 CMakeFiles/picoProbeExample.dir/home/asger/pico/pico-sdk/src/rp2_common/hardware_clocks/clocks.c.obj
 .debug_info    0x0000000000010e8f      0x517 CMakeFiles/picoProbeExample.dir/home/asger/pico/pico-sdk/src/rp2_common/hardware_pll/pll.c.obj
 .debug_info    0x00000000000113a6      0xd7e CMakeFiles/picoProbeExample.dir/home/asger/pico/pico-sdk/src/rp2_common/hardware_watchdog/watchdog.c.obj
 .debug_info    0x0000000000012124      0x1c0 CMakeFiles/picoProbeExample.dir/home/asger/pico/pico-sdk/src/rp2_common/hardware_xosc/xosc.c.obj
 .debug_info    0x00000000000122e4     0x1fbf CMakeFiles/picoProbeExample.dir/home/asger/pico/pico-sdk/src/rp2_common/pico_printf/printf.c.obj
 .debug_info    0x00000000000142a3       0x22 CMakeFiles/picoProbeExample.dir/home/asger/pico/pico-sdk/src/rp2_common/pico_bit_ops/bit_ops_aeabi.S.obj
 .debug_info    0x00000000000142c5      0x258 CMakeFiles/picoProbeExample.dir/home/asger/pico/pico-sdk/src/rp2_common/pico_bootrom/bootrom.c.obj
 .debug_info    0x000000000001451d       0x22 CMakeFiles/picoProbeExample.dir/home/asger/pico/pico-sdk/src/rp2_common/pico_divider/divider.S.obj
 .debug_info    0x000000000001453f       0x22 CMakeFiles/picoProbeExample.dir/home/asger/pico/pico-sdk/src/rp2_common/pico_double/double_aeabi.S.obj
 .debug_info    0x0000000000014561      0xb2a CMakeFiles/picoProbeExample.dir/home/asger/pico/pico-sdk/src/rp2_common/pico_double/double_init_rom.c.obj
 .debug_info    0x000000000001508b       0x22 CMakeFiles/picoProbeExample.dir/home/asger/pico/pico-sdk/src/rp2_common/pico_double/double_v1_rom_shim.S.obj
 .debug_info    0x00000000000150ad       0x26 CMakeFiles/picoProbeExample.dir/home/asger/pico/pico-sdk/src/rp2_common/pico_int64_ops/pico_int64_ops_aeabi.S.obj
 .debug_info    0x00000000000150d3       0x22 CMakeFiles/picoProbeExample.dir/home/asger/pico/pico-sdk/src/rp2_common/pico_float/float_aeabi.S.obj
 .debug_info    0x00000000000150f5      0xb44 CMakeFiles/picoProbeExample.dir/home/asger/pico/pico-sdk/src/rp2_common/pico_float/float_init_rom.c.obj
 .debug_info    0x0000000000015c39       0x22 CMakeFiles/picoProbeExample.dir/home/asger/pico/pico-sdk/src/rp2_common/pico_float/float_v1_rom_shim.S.obj
 .debug_info    0x0000000000015c5b       0x22 CMakeFiles/picoProbeExample.dir/home/asger/pico/pico-sdk/src/rp2_common/pico_mem_ops/mem_ops_aeabi.S.obj
 .debug_info    0x0000000000015c7d       0x22 CMakeFiles/picoProbeExample.dir/home/asger/pico/pico-sdk/src/rp2_common/pico_standard_link/crt0.S.obj
 .debug_info    0x0000000000015c9f      0x2f7 CMakeFiles/picoProbeExample.dir/home/asger/pico/pico-sdk/src/rp2_common/pico_standard_link/binary_info.c.obj
 .debug_info    0x0000000000015f96     0x1b7c CMakeFiles/picoProbeExample.dir/home/asger/pico/pico-sdk/src/rp2_common/pico_stdio/stdio.c.obj
 .debug_info    0x0000000000017b12      0xc21 CMakeFiles/picoProbeExample.dir/home/asger/pico/pico-sdk/src/rp2_common/pico_stdio_uart/stdio_uart.c.obj
 .debug_info    0x0000000000018733       0x26 /usr/lib/gcc/arm-none-eabi/9.2.1/thumb/v6-m/nofp/libgcc.a(_dvmd_tls.o)
 .debug_info    0x0000000000018759      0x973 /usr/lib/gcc/arm-none-eabi/9.2.1/../../../arm-none-eabi/lib/thumb/v6-m/nofp/libg.a(lib_a-strlen-stub.o)

.debug_abbrev   0x0000000000000000     0x4c50
 .debug_abbrev  0x0000000000000000      0x2e7 CMakeFiles/picoProbeExample.dir/picoProbeExample.c.obj
 .debug_abbrev  0x00000000000002e7      0x326 CMakeFiles/picoProbeExample.dir/home/asger/pico/pico-sdk/src/rp2_common/hardware_gpio/gpio.c.obj
 .debug_abbrev  0x000000000000060d      0x2e9 CMakeFiles/picoProbeExample.dir/home/asger/pico/pico-sdk/src/rp2_common/hardware_claim/claim.c.obj
 .debug_abbrev  0x00000000000008f6       0xeb CMakeFiles/picoProbeExample.dir/home/asger/pico/pico-sdk/src/rp2_common/pico_platform/platform.c.obj
 .debug_abbrev  0x00000000000009e1      0x21b CMakeFiles/picoProbeExample.dir/home/asger/pico/pico-sdk/src/rp2_common/hardware_sync/sync.c.obj
 .debug_abbrev  0x0000000000000bfc      0x50b CMakeFiles/picoProbeExample.dir/home/asger/pico/pico-sdk/src/rp2_common/hardware_irq/irq.c.obj
 .debug_abbrev  0x0000000000001107       0x14 CMakeFiles/picoProbeExample.dir/home/asger/pico/pico-sdk/src/rp2_common/hardware_irq/irq_handler_chain.S.obj
 .debug_abbrev  0x000000000000111b      0x138 CMakeFiles/picoProbeExample.dir/home/asger/pico/pico-sdk/src/common/pico_sync/lock_core.c.obj
 .debug_abbrev  0x0000000000001253      0x628 CMakeFiles/picoProbeExample.dir/home/asger/pico/pico-sdk/src/common/pico_time/time.c.obj
 .debug_abbrev  0x000000000000187b      0x3b1 CMakeFiles/picoProbeExample.dir/home/asger/pico/pico-sdk/src/rp2_common/hardware_timer/timer.c.obj
 .debug_abbrev  0x0000000000001c2c      0x3ad CMakeFiles/picoProbeExample.dir/home/asger/pico/pico-sdk/src/common/pico_util/pheap.c.obj
 .debug_abbrev  0x0000000000001fd9      0x3aa CMakeFiles/picoProbeExample.dir/home/asger/pico/pico-sdk/src/common/pico_sync/mutex.c.obj
 .debug_abbrev  0x0000000000002383      0x2d8 CMakeFiles/picoProbeExample.dir/home/asger/pico/pico-sdk/src/rp2_common/hardware_uart/uart.c.obj
 .debug_abbrev  0x000000000000265b      0x4a1 CMakeFiles/picoProbeExample.dir/home/asger/pico/pico-sdk/src/rp2_common/pico_runtime/runtime.c.obj
 .debug_abbrev  0x0000000000002afc      0x3b6 CMakeFiles/picoProbeExample.dir/home/asger/pico/pico-sdk/src/rp2_common/hardware_clocks/clocks.c.obj
 .debug_abbrev  0x0000000000002eb2      0x1ee CMakeFiles/picoProbeExample.dir/home/asger/pico/pico-sdk/src/rp2_common/hardware_pll/pll.c.obj
 .debug_abbrev  0x00000000000030a0      0x2cf CMakeFiles/picoProbeExample.dir/home/asger/pico/pico-sdk/src/rp2_common/hardware_watchdog/watchdog.c.obj
 .debug_abbrev  0x000000000000336f      0x109 CMakeFiles/picoProbeExample.dir/home/asger/pico/pico-sdk/src/rp2_common/hardware_xosc/xosc.c.obj
 .debug_abbrev  0x0000000000003478      0x4a1 CMakeFiles/picoProbeExample.dir/home/asger/pico/pico-sdk/src/rp2_common/pico_printf/printf.c.obj
 .debug_abbrev  0x0000000000003919       0x12 CMakeFiles/picoProbeExample.dir/home/asger/pico/pico-sdk/src/rp2_common/pico_bit_ops/bit_ops_aeabi.S.obj
 .debug_abbrev  0x000000000000392b      0x13b CMakeFiles/picoProbeExample.dir/home/asger/pico/pico-sdk/src/rp2_common/pico_bootrom/bootrom.c.obj
 .debug_abbrev  0x0000000000003a66       0x12 CMakeFiles/picoProbeExample.dir/home/asger/pico/pico-sdk/src/rp2_common/pico_divider/divider.S.obj
 .debug_abbrev  0x0000000000003a78       0x12 CMakeFiles/picoProbeExample.dir/home/asger/pico/pico-sdk/src/rp2_common/pico_double/double_aeabi.S.obj
 .debug_abbrev  0x0000000000003a8a      0x2c2 CMakeFiles/picoProbeExample.dir/home/asger/pico/pico-sdk/src/rp2_common/pico_double/double_init_rom.c.obj
 .debug_abbrev  0x0000000000003d4c       0x12 CMakeFiles/picoProbeExample.dir/home/asger/pico/pico-sdk/src/rp2_common/pico_double/double_v1_rom_shim.S.obj
 .debug_abbrev  0x0000000000003d5e       0x14 CMakeFiles/picoProbeExample.dir/home/asger/pico/pico-sdk/src/rp2_common/pico_int64_ops/pico_int64_ops_aeabi.S.obj
 .debug_abbrev  0x0000000000003d72       0x12 CMakeFiles/picoProbeExample.dir/home/asger/pico/pico-sdk/src/rp2_common/pico_float/float_aeabi.S.obj
 .debug_abbrev  0x0000000000003d84      0x2d5 CMakeFiles/picoProbeExample.dir/home/asger/pico/pico-sdk/src/rp2_common/pico_float/float_init_rom.c.obj
 .debug_abbrev  0x0000000000004059       0x12 CMakeFiles/picoProbeExample.dir/home/asger/pico/pico-sdk/src/rp2_common/pico_float/float_v1_rom_shim.S.obj
 .debug_abbrev  0x000000000000406b       0x12 CMakeFiles/picoProbeExample.dir/home/asger/pico/pico-sdk/src/rp2_common/pico_mem_ops/mem_ops_aeabi.S.obj
 .debug_abbrev  0x000000000000407d       0x12 CMakeFiles/picoProbeExample.dir/home/asger/pico/pico-sdk/src/rp2_common/pico_standard_link/crt0.S.obj
 .debug_abbrev  0x000000000000408f       0xad CMakeFiles/picoProbeExample.dir/home/asger/pico/pico-sdk/src/rp2_common/pico_standard_link/binary_info.c.obj
 .debug_abbrev  0x000000000000413c      0x585 CMakeFiles/picoProbeExample.dir/home/asger/pico/pico-sdk/src/rp2_common/pico_stdio/stdio.c.obj
 .debug_abbrev  0x00000000000046c1      0x393 CMakeFiles/picoProbeExample.dir/home/asger/pico/pico-sdk/src/rp2_common/pico_stdio_uart/stdio_uart.c.obj
 .debug_abbrev  0x0000000000004a54       0x14 /usr/lib/gcc/arm-none-eabi/9.2.1/thumb/v6-m/nofp/libgcc.a(_dvmd_tls.o)
 .debug_abbrev  0x0000000000004a68      0x1e8 /usr/lib/gcc/arm-none-eabi/9.2.1/../../../arm-none-eabi/lib/thumb/v6-m/nofp/libg.a(lib_a-strlen-stub.o)

.debug_loc      0x0000000000000000     0xda64
 .debug_loc     0x0000000000000000      0x137 CMakeFiles/picoProbeExample.dir/picoProbeExample.c.obj
 .debug_loc     0x0000000000000137     0x118d CMakeFiles/picoProbeExample.dir/home/asger/pico/pico-sdk/src/rp2_common/hardware_gpio/gpio.c.obj
 .debug_loc     0x00000000000012c4      0x45f CMakeFiles/picoProbeExample.dir/home/asger/pico/pico-sdk/src/rp2_common/hardware_claim/claim.c.obj
 .debug_loc     0x0000000000001723       0xe9 CMakeFiles/picoProbeExample.dir/home/asger/pico/pico-sdk/src/rp2_common/pico_platform/platform.c.obj
 .debug_loc     0x000000000000180c      0x233 CMakeFiles/picoProbeExample.dir/home/asger/pico/pico-sdk/src/rp2_common/hardware_sync/sync.c.obj
 .debug_loc     0x0000000000001a3f     0x13e6 CMakeFiles/picoProbeExample.dir/home/asger/pico/pico-sdk/src/rp2_common/hardware_irq/irq.c.obj
 .debug_loc     0x0000000000002e25       0x60 CMakeFiles/picoProbeExample.dir/home/asger/pico/pico-sdk/src/common/pico_sync/lock_core.c.obj
 .debug_loc     0x0000000000002e85     0x2e1d CMakeFiles/picoProbeExample.dir/home/asger/pico/pico-sdk/src/common/pico_time/time.c.obj
 .debug_loc     0x0000000000005ca2      0x952 CMakeFiles/picoProbeExample.dir/home/asger/pico/pico-sdk/src/rp2_common/hardware_timer/timer.c.obj
 .debug_loc     0x00000000000065f4     0x1412 CMakeFiles/picoProbeExample.dir/home/asger/pico/pico-sdk/src/common/pico_util/pheap.c.obj
 .debug_loc     0x0000000000007a06     0x142d CMakeFiles/picoProbeExample.dir/home/asger/pico/pico-sdk/src/common/pico_sync/mutex.c.obj
 .debug_loc     0x0000000000008e33      0x533 CMakeFiles/picoProbeExample.dir/home/asger/pico/pico-sdk/src/rp2_common/hardware_uart/uart.c.obj
 .debug_loc     0x0000000000009366      0x3ff CMakeFiles/picoProbeExample.dir/home/asger/pico/pico-sdk/src/rp2_common/pico_runtime/runtime.c.obj
 .debug_loc     0x0000000000009765      0x805 CMakeFiles/picoProbeExample.dir/home/asger/pico/pico-sdk/src/rp2_common/hardware_clocks/clocks.c.obj
 .debug_loc     0x0000000000009f6a      0x31a CMakeFiles/picoProbeExample.dir/home/asger/pico/pico-sdk/src/rp2_common/hardware_pll/pll.c.obj
 .debug_loc     0x000000000000a284      0x2ec CMakeFiles/picoProbeExample.dir/home/asger/pico/pico-sdk/src/rp2_common/hardware_watchdog/watchdog.c.obj
 .debug_loc     0x000000000000a570       0x71 CMakeFiles/picoProbeExample.dir/home/asger/pico/pico-sdk/src/rp2_common/hardware_xosc/xosc.c.obj
 .debug_loc     0x000000000000a5e1     0x210c CMakeFiles/picoProbeExample.dir/home/asger/pico/pico-sdk/src/rp2_common/pico_printf/printf.c.obj
 .debug_loc     0x000000000000c6ed      0x1a1 CMakeFiles/picoProbeExample.dir/home/asger/pico/pico-sdk/src/rp2_common/pico_bootrom/bootrom.c.obj